Archive member included to satisfy reference by file (symbol)

/usr/lib/gcc/arm-none-eabi/10.3.1/../../../arm-none-eabi/lib/thumb/v7e-m+fp/hard/libc.a(lib_a-memcpy.o)
                              ./mtkernel_3/device/ser/sysdepend/nrf5/ser_nrf5.o (memcpy)
/usr/lib/gcc/arm-none-eabi/10.3.1/../../../arm-none-eabi/lib/thumb/v7e-m+fp/hard/libc.a(lib_a-memset.o)
                              mtkernel_3/lib/radio/radio_driver.o (memset)
/usr/lib/gcc/arm-none-eabi/10.3.1/../../../arm-none-eabi/lib/thumb/v7e-m+fp/hard/libc.a(lib_a-strlen.o)
                              ./mtkernel_3/app_sample2/app_main.o (strlen)

Discarded input sections

 .group         0x0000000000000000        0xc ./mtkernel_3/lib/libtm/libtm.o
 .group         0x0000000000000000        0xc ./mtkernel_3/lib/libtm/libtm.o
 .group         0x0000000000000000        0xc ./mtkernel_3/lib/libtm/libtm.o
 .group         0x0000000000000000        0xc ./mtkernel_3/lib/libtm/libtm.o
 .group         0x0000000000000000        0xc ./mtkernel_3/lib/libtm/libtm.o
 .group         0x0000000000000000        0xc ./mtkernel_3/lib/libtm/libtm.o
 .group         0x0000000000000000        0xc ./mtkernel_3/lib/libtm/libtm.o
 .group         0x0000000000000000        0xc ./mtkernel_3/lib/libtm/libtm.o
 .group         0x0000000000000000        0xc ./mtkernel_3/lib/libtm/libtm.o
 .group         0x0000000000000000        0xc ./mtkernel_3/lib/libtm/libtm.o
 .group         0x0000000000000000        0xc ./mtkernel_3/lib/libtm/libtm.o
 .group         0x0000000000000000        0xc ./mtkernel_3/lib/libtm/libtm.o
 .group         0x0000000000000000        0xc ./mtkernel_3/lib/libtm/libtm.o
 .group         0x0000000000000000        0xc ./mtkernel_3/lib/libtm/libtm.o
 .group         0x0000000000000000        0xc ./mtkernel_3/lib/libtm/libtm.o
 .group         0x0000000000000000        0xc ./mtkernel_3/lib/libtm/libtm.o
 .group         0x0000000000000000        0xc ./mtkernel_3/lib/libtm/libtm.o
 .group         0x0000000000000000        0xc ./mtkernel_3/lib/libtm/libtm.o
 .group         0x0000000000000000        0xc ./mtkernel_3/lib/libtm/libtm.o
 .group         0x0000000000000000        0xc ./mtkernel_3/lib/libtm/libtm.o
 .group         0x0000000000000000        0xc ./mtkernel_3/lib/libtm/libtm.o
 .group         0x0000000000000000        0xc ./mtkernel_3/lib/libtm/libtm.o
 .group         0x0000000000000000        0xc ./mtkernel_3/lib/libtm/libtm.o
 .group         0x0000000000000000        0xc ./mtkernel_3/lib/libtm/libtm.o
 .group         0x0000000000000000        0xc ./mtkernel_3/lib/libtm/libtm.o
 .text          0x0000000000000000        0x0 ./mtkernel_3/lib/libtm/libtm.o
 .data          0x0000000000000000        0x0 ./mtkernel_3/lib/libtm/libtm.o
 .bss           0x0000000000000000        0x0 ./mtkernel_3/lib/libtm/libtm.o
 .text.tm_getchar
                0x0000000000000000       0x2a ./mtkernel_3/lib/libtm/libtm.o
 .text.tm_getline
                0x0000000000000000       0x74 ./mtkernel_3/lib/libtm/libtm.o
 .rodata.LF.1   0x0000000000000000        0x1 ./mtkernel_3/lib/libtm/libtm.o
 .group         0x0000000000000000        0xc ./mtkernel_3/lib/libtm/libtm_printf.o
 .group         0x0000000000000000        0xc ./mtkernel_3/lib/libtm/libtm_printf.o
 .group         0x0000000000000000        0xc ./mtkernel_3/lib/libtm/libtm_printf.o
 .group         0x0000000000000000        0xc ./mtkernel_3/lib/libtm/libtm_printf.o
 .group         0x0000000000000000        0xc ./mtkernel_3/lib/libtm/libtm_printf.o
 .group         0x0000000000000000        0xc ./mtkernel_3/lib/libtm/libtm_printf.o
 .group         0x0000000000000000        0xc ./mtkernel_3/lib/libtm/libtm_printf.o
 .group         0x0000000000000000        0xc ./mtkernel_3/lib/libtm/libtm_printf.o
 .group         0x0000000000000000        0xc ./mtkernel_3/lib/libtm/libtm_printf.o
 .group         0x0000000000000000        0xc ./mtkernel_3/lib/libtm/libtm_printf.o
 .group         0x0000000000000000        0xc ./mtkernel_3/lib/libtm/libtm_printf.o
 .group         0x0000000000000000        0xc ./mtkernel_3/lib/libtm/libtm_printf.o
 .group         0x0000000000000000        0xc ./mtkernel_3/lib/libtm/libtm_printf.o
 .group         0x0000000000000000        0xc ./mtkernel_3/lib/libtm/libtm_printf.o
 .group         0x0000000000000000        0xc ./mtkernel_3/lib/libtm/libtm_printf.o
 .group         0x0000000000000000        0xc ./mtkernel_3/lib/libtm/libtm_printf.o
 .group         0x0000000000000000        0xc ./mtkernel_3/lib/libtm/libtm_printf.o
 .group         0x0000000000000000        0xc ./mtkernel_3/lib/libtm/libtm_printf.o
 .group         0x0000000000000000        0xc ./mtkernel_3/lib/libtm/libtm_printf.o
 .group         0x0000000000000000        0xc ./mtkernel_3/lib/libtm/libtm_printf.o
 .group         0x0000000000000000        0xc ./mtkernel_3/lib/libtm/libtm_printf.o
 .group         0x0000000000000000        0xc ./mtkernel_3/lib/libtm/libtm_printf.o
 .group         0x0000000000000000        0xc ./mtkernel_3/lib/libtm/libtm_printf.o
[...]
Memory Configuration

Name             Origin             Length             Attributes
RAM              0x0000000020000000 0x0000000000020000 xrw
ROM              0x0000000000000000 0x0000000000080000 xr
*default*        0x0000000000000000 0xffffffffffffffff

Linker script and memory map

LOAD ./mtkernel_3/lib/libtm/libtm.o
LOAD ./mtkernel_3/lib/libtm/libtm_printf.o
LOAD ./mtkernel_3/lib/libtk/fastlock.o
LOAD ./mtkernel_3/lib/libtk/fastmlock.o
LOAD ./mtkernel_3/lib/libtk/kmalloc.o
LOAD ./mtkernel_3/kernel/usermain/usermain.o
LOAD ./mtkernel_3/kernel/tstdlib/bitop.o
LOAD ./mtkernel_3/kernel/tstdlib/string.o
LOAD ./mtkernel_3/kernel/tkernel/cpuctl.o
LOAD ./mtkernel_3/kernel/tkernel/device.o
LOAD ./mtkernel_3/kernel/tkernel/deviceio.o
LOAD ./mtkernel_3/kernel/tkernel/eventflag.o
LOAD ./mtkernel_3/kernel/tkernel/int.o
LOAD ./mtkernel_3/kernel/tkernel/klock.o
LOAD ./mtkernel_3/kernel/tkernel/mailbox.o
LOAD ./mtkernel_3/kernel/tkernel/memory.o
LOAD ./mtkernel_3/kernel/tkernel/mempfix.o
LOAD ./mtkernel_3/kernel/tkernel/mempool.o
LOAD ./mtkernel_3/kernel/tkernel/messagebuf.o
LOAD ./mtkernel_3/kernel/tkernel/misc_calls.o
LOAD ./mtkernel_3/kernel/tkernel/mutex.o
LOAD ./mtkernel_3/kernel/tkernel/objname.o
LOAD ./mtkernel_3/kernel/tkernel/power.o
LOAD ./mtkernel_3/kernel/tkernel/rendezvous.o
LOAD ./mtkernel_3/kernel/tkernel/semaphore.o
LOAD ./mtkernel_3/kernel/tkernel/task.o
LOAD ./mtkernel_3/kernel/tkernel/task_manage.o
LOAD ./mtkernel_3/kernel/tkernel/task_sync.o
LOAD ./mtkernel_3/kernel/tkernel/time_calls.o
LOAD ./mtkernel_3/kernel/tkernel/timer.o
LOAD ./mtkernel_3/kernel/tkernel/tkinit.o
LOAD ./mtkernel_3/kernel/tkernel/wait.o
LOAD ./mtkernel_3/kernel/sysinit/sysinit.o
LOAD ./mtkernel_3/kernel/inittask/inittask.o
LOAD ./mtkernel_3/device/common/drvif/msdrvif.o
LOAD ./mtkernel_3/device/adc/adc.o
LOAD ./mtkernel_3/device/i2c/i2c.o
LOAD ./mtkernel_3/device/ser/ser.o
LOAD ./mtkernel_3/device/ser/sysdepend/nrf5/ser_nrf5.o
LOAD mtkernel_3/lib/radio/radio_driver.o
LOAD ./mtkernel_3/lib/libtm/sysdepend/microbit/tm_com.o
LOAD ./mtkernel_3/lib/libtm/sysdepend/no_device/tm_com.o
LOAD ./mtkernel_3/lib/libtk/sysdepend/cpu/nrf5/int_nrf5.o
LOAD ./mtkernel_3/lib/libtk/sysdepend/cpu/nrf5/ptimer_nrf5.o
LOAD ./mtkernel_3/lib/libtk/sysdepend/cpu/core/armv7m/int_armv7m.o
LOAD ./mtkernel_3/lib/libtk/sysdepend/cpu/core/armv7m/wusec_armv7m.o
LOAD ./mtkernel_3/kernel/sysdepend/microbit/devinit.o
LOAD ./mtkernel_3/kernel/sysdepend/microbit/hw_setting.o
LOAD ./mtkernel_3/kernel/sysdepend/microbit/power_save.o
LOAD ./mtkernel_3/kernel/sysdepend/cpu/nrf5/cpu_clock.o
LOAD ./mtkernel_3/kernel/sysdepend/cpu/nrf5/vector_tbl.o
LOAD ./mtkernel_3/kernel/sysdepend/cpu/core/armv7m/cpu_cntl.o
LOAD ./mtkernel_3/kernel/sysdepend/cpu/core/armv7m/dispatch.o
LOAD ./mtkernel_3/kernel/sysdepend/cpu/core/armv7m/exc_hdr.o
LOAD ./mtkernel_3/kernel/sysdepend/cpu/core/armv7m/interrupt.o
LOAD ./mtkernel_3/kernel/sysdepend/cpu/core/armv7m/reset_hdl.o
LOAD ./mtkernel_3/app_sample2/app_main.o
START GROUP
LOAD /usr/lib/gcc/arm-none-eabi/10.3.1/thumb/v7e-m+fp/hard/libgcc.a
LOAD /usr/lib/gcc/arm-none-eabi/10.3.1/../../../arm-none-eabi/lib/thumb/v7e-m+fp/hard/libc.a
END GROUP
START GROUP
LOAD /usr/lib/gcc/arm-none-eabi/10.3.1/thumb/v7e-m+fp/hard/libgcc.a
LOAD /usr/lib/gcc/arm-none-eabi/10.3.1/../../../arm-none-eabi/lib/thumb/v7e-m+fp/hard/libc.a
LOAD /usr/lib/gcc/arm-none-eabi/10.3.1/../../../arm-none-eabi/lib/thumb/v7e-m+fp/hard/libnosys.a
END GROUP

.text           0x0000000000000000     0x6bb8
                0x0000000000000000                . = ALIGN (0x8)
                0x0000000000000000                __vector_org = .
 *(.vector)
 .vector        0x0000000000000000      0x100 ./mtkernel_3/kernel/sysdepend/cpu/nrf5/vector_tbl.o
                0x0000000000000000                vector_tbl
                0x0000000000000100                __start = .
 *(.text)
 .text          0x0000000000000100       0xb4 ./mtkernel_3/kernel/sysdepend/cpu/core/armv7m/dispatch.o
                0x0000000000000100                knl_dispatch_entry
 .text          0x00000000000001b4      0x134 /usr/lib/gcc/arm-none-eabi/10.3.1/../../../arm-none-eabi/lib/thumb/v7e-m+fp/hard/libc.a(lib_a-memcpy.o)
                0x00000000000001b4                memcpy
 .text          0x00000000000002e8       0xa4 /usr/lib/gcc/arm-none-eabi/10.3.1/../../../arm-none-eabi/lib/thumb/v7e-m+fp/hard/libc.a(lib_a-memset.o)
                0x00000000000002e8                memset
 *fill*         0x000000000000038c       0x34 
 .text          0x00000000000003c0       0xdc /usr/lib/gcc/arm-none-eabi/10.3.1/../../../arm-none-eabi/lib/thumb/v7e-m+fp/hard/libc.a(lib_a-strlen.o)
                0x00000000000003c0                strlen
 *(.text.*)
 .text.libtm_init
                0x000000000000049c        0xc ./mtkernel_3/lib/libtm/libtm.o
                0x000000000000049c                libtm_init
 .text.tm_putchar
                0x00000000000004a8       0x48 ./mtkernel_3/lib/libtm/libtm.o
                0x00000000000004a8                tm_putchar
 .text.tm_putstring
                0x00000000000004f0       0x3e ./mtkernel_3/lib/libtm/libtm.o
                0x00000000000004f0                tm_putstring
 *fill*         0x000000000000052e        0x2 
 .text.outint   0x0000000000000530       0x7c ./mtkernel_3/lib/libtm/libtm_printf.o
 .text.tm_vsprintf
                0x00000000000005ac      0x678 ./mtkernel_3/lib/libtm/libtm_printf.o
 .text.out_cons
                0x0000000000000c24       0x48 ./mtkernel_3/lib/libtm/libtm_printf.o
 .text.tm_printf
                0x0000000000000c6c       0x34 ./mtkernel_3/lib/libtm/libtm_printf.o
                0x0000000000000c6c                tm_printf
 .text.Inc      0x0000000000000ca0       0x2e ./mtkernel_3/lib/libtk/fastlock.o
 .text.Dec      0x0000000000000cce       0x2a ./mtkernel_3/lib/libtk/fastlock.o
 .text.Lock     0x0000000000000cf8       0x2c ./mtkernel_3/lib/libtk/fastlock.o
                0x0000000000000cf8                Lock
 .text.Unlock   0x0000000000000d24       0x28 ./mtkernel_3/lib/libtk/fastlock.o
                0x0000000000000d24                Unlock
 .text.CreateLock
                0x0000000000000d4c       0x7c ./mtkernel_3/lib/libtk/fastlock.o
                0x0000000000000d4c                CreateLock
 .text.DeleteLock
                0x0000000000000dc8       0x28 ./mtkernel_3/lib/libtk/fastlock.o
                0x0000000000000dc8                DeleteLock
 .text.INC      0x0000000000000df0       0x26 ./mtkernel_3/lib/libtk/fastmlock.o
 .text.DEC      0x0000000000000e16       0x26 ./mtkernel_3/lib/libtk/fastmlock.o
 .text.BTS      0x0000000000000e3c       0x40 ./mtkernel_3/lib/libtk/fastmlock.o
 .text.BR       0x0000000000000e7c       0x32 ./mtkernel_3/lib/libtk/fastmlock.o
 .text.MLockTmo
                0x0000000000000eae       0x6c ./mtkernel_3/lib/libtk/fastmlock.o
                0x0000000000000eae                MLockTmo
 .text.MLock    0x0000000000000f1a       0x20 ./mtkernel_3/lib/libtk/fastmlock.o
                0x0000000000000f1a                MLock
 .text.MUnlock  0x0000000000000f3a       0x44 ./mtkernel_3/lib/libtk/fastmlock.o
                0x0000000000000f3a                MUnlock
 *fill*         0x0000000000000f7e        0x2 
 .text.CreateMLock
                0x0000000000000f80       0x7c ./mtkernel_3/lib/libtk/fastmlock.o
                0x0000000000000f80                CreateMLock
 .text.DeleteMLock
                0x0000000000000ffc       0x3c ./mtkernel_3/lib/libtk/fastmlock.o
                0x0000000000000ffc                DeleteMLock
 .text.Kmalloc  0x0000000000001038       0x18 ./mtkernel_3/lib/libtk/kmalloc.o
                0x0000000000001038                Kmalloc
 .text.Kfree    0x0000000000001050       0x16 ./mtkernel_3/lib/libtk/kmalloc.o
                0x0000000000001050                Kfree
 .text.knl_memset
                0x0000000000001066       0x98 ./mtkernel_3/kernel/tstdlib/string.o
                0x0000000000001066                knl_memset
 .text.knl_strlen
                0x00000000000010fe       0x22 ./mtkernel_3/kernel/tstdlib/string.o
                0x00000000000010fe                knl_strlen
 .text.knl_strcpy
                0x0000000000001120       0x2e ./mtkernel_3/kernel/tstdlib/string.o
                0x0000000000001120                knl_strcpy
 .text.knl_strncpy
                0x000000000000114e       0x52 ./mtkernel_3/kernel/tstdlib/string.o
                0x000000000000114e                knl_strncpy
 .text.knl_strcmp
                0x00000000000011a0       0x46 ./mtkernel_3/kernel/tstdlib/string.o
                0x00000000000011a0                knl_strcmp
 .text.QueInit  0x00000000000011e6       0x20 ./mtkernel_3/kernel/tkernel/device.o
 .text.isQueEmpty
                0x0000000000001206       0x24 ./mtkernel_3/kernel/tkernel/device.o
 .text.QueInsert
                0x000000000000122a       0x32 ./mtkernel_3/kernel/tkernel/device.o
 .text.QueRemove
                0x000000000000125c       0x32 ./mtkernel_3/kernel/tkernel/device.o
 .text.QueRemoveNext
                0x000000000000128e       0x3a ./mtkernel_3/kernel/tkernel/device.o
 .text.knl_searchDevCB
                0x00000000000012c8       0x54 ./mtkernel_3/kernel/tkernel/device.o
                0x00000000000012c8                knl_searchDevCB
 .text.newDevCB
                0x000000000000131c       0x50 ./mtkernel_3/kernel/tkernel/device.o
 .text.delDevCB
                0x000000000000136c       0x2c ./mtkernel_3/kernel/tkernel/device.o
 .text.tk_def_dev
                0x0000000000001398      0x15c ./mtkernel_3/kernel/tkernel/device.o
                0x0000000000001398                tk_def_dev
 .text.knl_phydevnm
                0x00000000000014f4       0x84 ./mtkernel_3/kernel/tkernel/device.o
                0x00000000000014f4                knl_phydevnm
 .text.initDevCB
                0x0000000000001578       0x54 ./mtkernel_3/kernel/tkernel/device.o
 .text.initIDev
                0x00000000000015cc       0x24 ./mtkernel_3/kernel/tkernel/device.o
 .text.knl_initialize_devmgr
                0x00000000000015f0       0x68 ./mtkernel_3/kernel/tkernel/device.o
                0x00000000000015f0                knl_initialize_devmgr
 .text.delIDev  0x0000000000001658       0x18 ./mtkernel_3/kernel/tkernel/device.o
 .text.knl_finish_devmgr
                0x0000000000001670       0x2c ./mtkernel_3/kernel/tkernel/device.o
                0x0000000000001670                knl_finish_devmgr
 .text.QueInit  0x000000000000169c       0x20 ./mtkernel_3/kernel/tkernel/deviceio.o
 .text.isQueEmpty
                0x00000000000016bc       0x24 ./mtkernel_3/kernel/tkernel/deviceio.o
 .text.QueInsert
                0x00000000000016e0       0x32 ./mtkernel_3/kernel/tkernel/deviceio.o
 .text.QueRemove
                0x0000000000001712       0x32 ./mtkernel_3/kernel/tkernel/deviceio.o
 .text.QueRemoveNext
                0x0000000000001744       0x3a ./mtkernel_3/kernel/tkernel/deviceio.o
 *fill*         0x000000000000177e        0x2 
 .text.knl_GetResCB
                0x0000000000001780       0x30 ./mtkernel_3/kernel/tkernel/deviceio.o
                0x0000000000001780                knl_GetResCB
 .text.knl_check_devdesc
                0x00000000000017b0       0x6c ./mtkernel_3/kernel/tkernel/deviceio.o
                0x00000000000017b0                knl_check_devdesc
 .text.knl_delOpnCB
                0x000000000000181c       0x40 ./mtkernel_3/kernel/tkernel/deviceio.o
                0x000000000000181c                knl_delOpnCB
 .text.knl_delReqCB
                0x000000000000185c       0x2c ./mtkernel_3/kernel/tkernel/deviceio.o
                0x000000000000185c                knl_delReqCB
 .text.knl_chkopen
                0x0000000000001888       0x3e ./mtkernel_3/kernel/tkernel/deviceio.o
                0x0000000000001888                knl_chkopen
 *fill*         0x00000000000018c6        0x2 
 .text.newOpnCB
                0x00000000000018c8       0x80 ./mtkernel_3/kernel/tkernel/deviceio.o
 .text.chkopenmode
                0x0000000000001948      0x10e ./mtkernel_3/kernel/tkernel/deviceio.o
 *fill*         0x0000000000001a56        0x2 
 .text.tk_opn_dev
                0x0000000000001a58      0x1a8 ./mtkernel_3/kernel/tkernel/deviceio.o
                0x0000000000001a58                tk_opn_dev
 .text.abort_allrequest
                0x0000000000001c00      0x1ec ./mtkernel_3/kernel/tkernel/deviceio.o
 .text.knl_close_device
                0x0000000000001dec      0x110 ./mtkernel_3/kernel/tkernel/deviceio.o
                0x0000000000001dec                knl_close_device
 .text.newReqCB
                0x0000000000001efc       0x3c ./mtkernel_3/kernel/tkernel/deviceio.o
 .text.knl_request
                0x0000000000001f38      0x1c0 ./mtkernel_3/kernel/tkernel/deviceio.o
                0x0000000000001f38                knl_request
 .text.tk_wri_dev
                0x00000000000020f8       0x2e ./mtkernel_3/kernel/tkernel/deviceio.o
                0x00000000000020f8                tk_wri_dev
 *fill*         0x0000000000002126        0x2 
 .text.knl_devmgr_startup
                0x0000000000002128       0x2c ./mtkernel_3/kernel/tkernel/deviceio.o
                0x0000000000002128                knl_devmgr_startup
 .text.knl_devmgr_cleanup
                0x0000000000002154       0x7c ./mtkernel_3/kernel/tkernel/deviceio.o
                0x0000000000002154                knl_devmgr_cleanup
 .text.knl_initDevIO
                0x00000000000021d0       0x94 ./mtkernel_3/kernel/tkernel/deviceio.o
                0x00000000000021d0                knl_initDevIO
 .text.knl_finishDevIO
                0x0000000000002264       0x10 ./mtkernel_3/kernel/tkernel/deviceio.o
                0x0000000000002264                knl_finishDevIO
 .text.QueInit  0x0000000000002274       0x20 ./mtkernel_3/kernel/tkernel/eventflag.o
 .text.isQueEmpty
                0x0000000000002294       0x24 ./mtkernel_3/kernel/tkernel/eventflag.o
 .text.QueInsert
                0x00000000000022b8       0x32 ./mtkernel_3/kernel/tkernel/eventflag.o
 .text.QueRemoveNext
                0x00000000000022ea       0x3a ./mtkernel_3/kernel/tkernel/eventflag.o
 .text.knl_isTaskIndependent
                0x0000000000002324       0x20 ./mtkernel_3/kernel/tkernel/eventflag.o
 .text.knl_eventflag_cond
                0x0000000000002344       0x4a ./mtkernel_3/kernel/tkernel/eventflag.o
 *fill*         0x000000000000238e        0x2 
 .text.knl_eventflag_initialize
                0x0000000000002390       0x4c ./mtkernel_3/kernel/tkernel/eventflag.o
                0x0000000000002390                knl_eventflag_initialize
 .text.tk_cre_flg
                0x00000000000023dc       0xc0 ./mtkernel_3/kernel/tkernel/eventflag.o
                0x00000000000023dc                tk_cre_flg
 .text.tk_del_flg
                0x000000000000249c       0xa0 ./mtkernel_3/kernel/tkernel/eventflag.o
                0x000000000000249c                tk_del_flg
 .text.tk_set_flg
                0x000000000000253c      0x110 ./mtkernel_3/kernel/tkernel/eventflag.o
                0x000000000000253c                tk_set_flg
 .text.flg_chg_pri
                0x000000000000264c       0x34 ./mtkernel_3/kernel/tkernel/eventflag.o
 .text.tk_wai_flg
                0x0000000000002680      0x18c ./mtkernel_3/kernel/tkernel/eventflag.o
                0x0000000000002680                tk_wai_flg
 .text.tk_def_int
                0x000000000000280c       0x94 ./mtkernel_3/kernel/tkernel/int.o
                0x000000000000280c                tk_def_int
 .text.QueInit  0x00000000000028a0       0x20 ./mtkernel_3/kernel/tkernel/mailbox.o
 .text.QueInsert
                0x00000000000028c0       0x32 ./mtkernel_3/kernel/tkernel/mailbox.o
 *fill*         0x00000000000028f2        0x2 
 .text.knl_mailbox_initialize
                0x00000000000028f4       0x4c ./mtkernel_3/kernel/tkernel/mailbox.o
                0x00000000000028f4                knl_mailbox_initialize
 .text.QueInit  0x0000000000002940       0x20 ./mtkernel_3/kernel/tkernel/memory.o
 .text.QueInsert
                0x0000000000002960       0x32 ./mtkernel_3/kernel/tkernel/memory.o
 .text.QueRemove
                0x0000000000002992       0x32 ./mtkernel_3/kernel/tkernel/memory.o
 .text.knl_searchFreeArea
                0x00000000000029c4       0x9e ./mtkernel_3/kernel/tkernel/memory.o
                0x00000000000029c4                knl_searchFreeArea
 .text.knl_appendFreeArea
                0x0000000000002a62       0xae ./mtkernel_3/kernel/tkernel/memory.o
                0x0000000000002a62                knl_appendFreeArea
 .text.knl_removeFreeQue
                0x0000000000002b10       0x74 ./mtkernel_3/kernel/tkernel/memory.o
                0x0000000000002b10                knl_removeFreeQue
 .text.knl_insertAreaQue
                0x0000000000002b84       0x3e ./mtkernel_3/kernel/tkernel/memory.o
                0x0000000000002b84                knl_insertAreaQue
 .text.knl_removeAreaQue
                0x0000000000002bc2       0x3e ./mtkernel_3/kernel/tkernel/memory.o
                0x0000000000002bc2                knl_removeAreaQue
 .text.knl_Imalloc
                0x0000000000002c00       0xac ./mtkernel_3/kernel/tkernel/memory.o
                0x0000000000002c00                knl_Imalloc
 .text.knl_Ifree
                0x0000000000002cac       0x8c ./mtkernel_3/kernel/tkernel/memory.o
                0x0000000000002cac                knl_Ifree
 .text.initIMACB
                0x0000000000002d38       0x24 ./mtkernel_3/kernel/tkernel/memory.o
 .text.knl_init_Imalloc
                0x0000000000002d5c       0xcc ./mtkernel_3/kernel/tkernel/memory.o
                0x0000000000002d5c                knl_init_Imalloc
 .text.QueInit  0x0000000000002e28       0x20 ./mtkernel_3/kernel/tkernel/mempfix.o
 .text.QueInsert
                0x0000000000002e48       0x32 ./mtkernel_3/kernel/tkernel/mempfix.o
 .text.knl_InitOBJLOCK
                0x0000000000002e7a       0x1a ./mtkernel_3/kernel/tkernel/mempfix.o
 .text.knl_fix_memorypool_initialize
                0x0000000000002e94       0x54 ./mtkernel_3/kernel/tkernel/mempfix.o
                0x0000000000002e94                knl_fix_memorypool_initialize
 .text.QueInit  0x0000000000002ee8       0x20 ./mtkernel_3/kernel/tkernel/mempool.o
 .text.QueInsert
                0x0000000000002f08       0x32 ./mtkernel_3/kernel/tkernel/mempool.o
 *fill*         0x0000000000002f3a        0x2 
 .text.knl_memorypool_initialize
                0x0000000000002f3c       0x4c ./mtkernel_3/kernel/tkernel/mempool.o
                0x0000000000002f3c                knl_memorypool_initialize
 .text.QueInit  0x0000000000002f88       0x20 ./mtkernel_3/kernel/tkernel/messagebuf.o
 .text.QueInsert
                0x0000000000002fa8       0x32 ./mtkernel_3/kernel/tkernel/messagebuf.o
 *fill*         0x0000000000002fda        0x2 
 .text.knl_messagebuffer_initialize
                0x0000000000002fdc       0x4c ./mtkernel_3/kernel/tkernel/messagebuf.o
                0x0000000000002fdc                knl_messagebuffer_initialize
 .text.QueInit  0x0000000000003028       0x20 ./mtkernel_3/kernel/tkernel/mutex.o
 .text.QueInsert
                0x0000000000003048       0x32 ./mtkernel_3/kernel/tkernel/mutex.o
 *fill*         0x000000000000307a        0x2 
 .text.knl_mutex_initialize
                0x000000000000307c       0x4c ./mtkernel_3/kernel/tkernel/mutex.o
                0x000000000000307c                knl_mutex_initialize
 .text.QueInit  0x00000000000030c8       0x20 ./mtkernel_3/kernel/tkernel/semaphore.o
 .text.QueInsert
                0x00000000000030e8       0x32 ./mtkernel_3/kernel/tkernel/semaphore.o
 .text.QueRemoveNext
                0x000000000000311a       0x3a ./mtkernel_3/kernel/tkernel/semaphore.o
 .text.knl_isTaskIndependent
                0x0000000000003154       0x20 ./mtkernel_3/kernel/tkernel/semaphore.o
 .text.knl_semaphore_initialize
                0x0000000000003174       0x4c ./mtkernel_3/kernel/tkernel/semaphore.o
                0x0000000000003174                knl_semaphore_initialize
 .text.tk_cre_sem
                0x00000000000031c0       0xf4 ./mtkernel_3/kernel/tkernel/semaphore.o
                0x00000000000031c0                tk_cre_sem
 .text.tk_del_sem
                0x00000000000032b4       0xa0 ./mtkernel_3/kernel/tkernel/semaphore.o
                0x00000000000032b4                tk_del_sem
 .text.tk_sig_sem
                0x0000000000003354      0x110 ./mtkernel_3/kernel/tkernel/semaphore.o
                0x0000000000003354                tk_sig_sem
 .text.sem_chg_pri
                0x0000000000003464       0x84 ./mtkernel_3/kernel/tkernel/semaphore.o
 .text.sem_rel_wai
                0x00000000000034e8       0x1a ./mtkernel_3/kernel/tkernel/semaphore.o
 *fill*         0x0000000000003502        0x2 
 .text.tk_wai_sem
                0x0000000000003504      0x154 ./mtkernel_3/kernel/tkernel/semaphore.o
                0x0000000000003504                tk_wai_sem
 .text.QueInit  0x0000000000003658       0x20 ./mtkernel_3/kernel/tkernel/task.o
 .text.isQueEmpty
                0x0000000000003678       0x24 ./mtkernel_3/kernel/tkernel/task.o
 .text.QueInsert
                0x000000000000369c       0x32 ./mtkernel_3/kernel/tkernel/task.o
 .text.QueRemove
                0x00000000000036ce       0x32 ./mtkernel_3/kernel/tkernel/task.o
 .text.knl_ready_queue_calc_top_priority
                0x0000000000003700       0x38 ./mtkernel_3/kernel/tkernel/task.o
 .text.knl_ready_queue_initialize
                0x0000000000003738       0x58 ./mtkernel_3/kernel/tkernel/task.o
 .text.knl_ready_queue_top
                0x0000000000003790       0x32 ./mtkernel_3/kernel/tkernel/task.o
 .text.knl_ready_queue_insert
                0x00000000000037c2       0x70 ./mtkernel_3/kernel/tkernel/task.o
 .text.knl_ready_queue_delete
                0x0000000000003832       0xa8 ./mtkernel_3/kernel/tkernel/task.o
 .text.knl_setup_context
                0x00000000000038da       0x4a ./mtkernel_3/kernel/tkernel/task.o
 .text.knl_task_initialize
                0x0000000000003924       0x84 ./mtkernel_3/kernel/tkernel/task.o
                0x0000000000003924                knl_task_initialize
 .text.knl_make_dormant
                0x00000000000039a8       0x76 ./mtkernel_3/kernel/tkernel/task.o
                0x00000000000039a8                knl_make_dormant
 *fill*         0x0000000000003a1e        0x2 
 .text.knl_make_ready
                0x0000000000003a20       0x34 ./mtkernel_3/kernel/tkernel/task.o
                0x0000000000003a20                knl_make_ready
 .text.knl_make_non_ready
                0x0000000000003a54       0x38 ./mtkernel_3/kernel/tkernel/task.o
                0x0000000000003a54                knl_make_non_ready
 .text.QueRemoveNext
                0x0000000000003a8c       0x3a ./mtkernel_3/kernel/tkernel/task_manage.o
 *fill*         0x0000000000003ac6        0x2 
 .text.knl_isTaskIndependent
                0x0000000000003ac8       0x20 ./mtkernel_3/kernel/tkernel/task_manage.o
 .text.knl_setup_stacd
                0x0000000000003ae8       0x2c ./mtkernel_3/kernel/tkernel/task_manage.o
 .text.tk_cre_tsk
                0x0000000000003b14      0x148 ./mtkernel_3/kernel/tkernel/task_manage.o
                0x0000000000003b14                tk_cre_tsk
 .text.tk_sta_tsk
                0x0000000000003c5c       0xe8 ./mtkernel_3/kernel/tkernel/task_manage.o
                0x0000000000003c5c                tk_sta_tsk
 .text.tk_get_tid
                0x0000000000003d44       0x24 ./mtkernel_3/kernel/tkernel/task_manage.o
                0x0000000000003d44                tk_get_tid
 .text.QueInit  0x0000000000003d68       0x20 ./mtkernel_3/kernel/tkernel/task_sync.o
 .text.knl_isTaskIndependent
                0x0000000000003d88       0x20 ./mtkernel_3/kernel/tkernel/task_sync.o
 .text.knl_task_alive
                0x0000000000003da8       0x26 ./mtkernel_3/kernel/tkernel/task_sync.o
 *fill*         0x0000000000003dce        0x2 
 .text.tk_slp_tsk
                0x0000000000003dd0       0xd8 ./mtkernel_3/kernel/tkernel/task_sync.o
                0x0000000000003dd0                tk_slp_tsk
 .text.tk_wup_tsk
                0x0000000000003ea8      0x11c ./mtkernel_3/kernel/tkernel/task_sync.o
                0x0000000000003ea8                tk_wup_tsk
 .text.tk_dly_tsk
                0x0000000000003fc4       0xb8 ./mtkernel_3/kernel/tkernel/task_sync.o
                0x0000000000003fc4                tk_dly_tsk
 .text.QueInit  0x000000000000407c       0x20 ./mtkernel_3/kernel/tkernel/time_calls.o
 .text.QueInsert
                0x000000000000409c       0x32 ./mtkernel_3/kernel/tkernel/time_calls.o
 *fill*         0x00000000000040ce        0x2 
 .text.knl_cyclichandler_initialize
                0x00000000000040d0       0x48 ./mtkernel_3/kernel/tkernel/time_calls.o
                0x00000000000040d0                knl_cyclichandler_initialize
 .text.knl_alarmhandler_initialize
                0x0000000000004118       0x48 ./mtkernel_3/kernel/tkernel/time_calls.o
                0x0000000000004118                knl_alarmhandler_initialize
 .text.out_w    0x0000000000004160       0x1c ./mtkernel_3/kernel/tkernel/timer.o
 .text.in_w     0x000000000000417c       0x18 ./mtkernel_3/kernel/tkernel/timer.o
 .text.QueInit  0x0000000000004194       0x20 ./mtkernel_3/kernel/tkernel/timer.o
 .text.isQueEmpty
                0x00000000000041b4       0x24 ./mtkernel_3/kernel/tkernel/timer.o
 .text.QueInsert
                0x00000000000041d8       0x32 ./mtkernel_3/kernel/tkernel/timer.o
 .text.QueRemove
                0x000000000000420a       0x32 ./mtkernel_3/kernel/tkernel/timer.o
 .text.knl_abstim_reached
                0x000000000000423c       0x22 ./mtkernel_3/kernel/tkernel/timer.o
 *fill*         0x000000000000425e        0x2 
 .text.knl_start_hw_timer
                0x0000000000004260       0x44 ./mtkernel_3/kernel/tkernel/timer.o
 .text.knl_clear_hw_timer_interrupt
                0x00000000000042a4       0x20 ./mtkernel_3/kernel/tkernel/timer.o
 .text.knl_end_of_hw_timer_interrupt
                0x00000000000042c4        0xe ./mtkernel_3/kernel/tkernel/timer.o
 *fill*         0x00000000000042d2        0x2 
 .text.knl_terminate_hw_timer
                0x00000000000042d4       0x14 ./mtkernel_3/kernel/tkernel/timer.o
 .text.knl_timer_startup
                0x00000000000042e8       0x3c ./mtkernel_3/kernel/tkernel/timer.o
                0x00000000000042e8                knl_timer_startup
 .text.knl_timer_shutdown
                0x0000000000004324        0xc ./mtkernel_3/kernel/tkernel/timer.o
                0x0000000000004324                knl_timer_shutdown
 .text.knl_enqueue_tmeb
                0x0000000000004330       0x60 ./mtkernel_3/kernel/tkernel/timer.o
 .text.knl_timer_insert
                0x0000000000004390       0x50 ./mtkernel_3/kernel/tkernel/timer.o
                0x0000000000004390                knl_timer_insert
 .text.knl_timer_insert_reltim
                0x00000000000043e0       0x40 ./mtkernel_3/kernel/tkernel/timer.o
                0x00000000000043e0                knl_timer_insert_reltim
 .text.knl_timer_handler
                0x0000000000004420       0xb8 ./mtkernel_3/kernel/tkernel/timer.o
                0x0000000000004420                knl_timer_handler
 .text.knl_init_object
                0x00000000000044d8       0xb0 ./mtkernel_3/kernel/tkernel/tkinit.o
                0x00000000000044d8                knl_init_object
 .text.isQueEmpty
                0x0000000000004588       0x24 ./mtkernel_3/kernel/tkernel/wait.o
 .text.QueInsert
                0x00000000000045ac       0x32 ./mtkernel_3/kernel/tkernel/wait.o
 .text.QueRemove
                0x00000000000045de       0x32 ./mtkernel_3/kernel/tkernel/wait.o
 .text.knl_timer_delete
                0x0000000000004610       0x18 ./mtkernel_3/kernel/tkernel/wait.o
 .text.knl_queue_insert_tpri
                0x0000000000004628       0x58 ./mtkernel_3/kernel/tkernel/wait.o
 .text.knl_make_non_wait
                0x0000000000004680       0x2a ./mtkernel_3/kernel/tkernel/wait.o
 .text.knl_wait_release
                0x00000000000046aa       0x28 ./mtkernel_3/kernel/tkernel/wait.o
 .text.knl_wait_release_ok
                0x00000000000046d2       0x1e ./mtkernel_3/kernel/tkernel/wait.o
                0x00000000000046d2                knl_wait_release_ok
 .text.knl_wait_release_tmout
                0x00000000000046f0       0x32 ./mtkernel_3/kernel/tkernel/wait.o
                0x00000000000046f0                knl_wait_release_tmout
 *fill*         0x0000000000004722        0x2 
 .text.knl_make_wait
                0x0000000000004724       0x64 ./mtkernel_3/kernel/tkernel/wait.o
                0x0000000000004724                knl_make_wait
 .text.knl_make_wait_reltim
                0x0000000000004788       0x64 ./mtkernel_3/kernel/tkernel/wait.o
                0x0000000000004788                knl_make_wait_reltim
 .text.knl_wait_delete
                0x00000000000047ec       0x36 ./mtkernel_3/kernel/tkernel/wait.o
                0x00000000000047ec                knl_wait_delete
 *fill*         0x0000000000004822        0x2 
 .text.knl_gcb_make_wait
                0x0000000000004824       0x6c ./mtkernel_3/kernel/tkernel/wait.o
                0x0000000000004824                knl_gcb_make_wait
 .text.knl_gcb_change_priority
                0x0000000000004890       0x24 ./mtkernel_3/kernel/tkernel/wait.o
                0x0000000000004890                knl_gcb_change_priority
 .text.knl_gcb_top_of_wait_queue
                0x00000000000048b4       0x50 ./mtkernel_3/kernel/tkernel/wait.o
                0x00000000000048b4                knl_gcb_top_of_wait_queue
 .text.main     0x0000000000004904       0xd0 ./mtkernel_3/kernel/sysinit/sysinit.o
                0x0000000000004904                main
 .text.knl_tkernel_exit
                0x00000000000049d4        0xe ./mtkernel_3/kernel/sysinit/sysinit.o
                0x00000000000049d4                knl_tkernel_exit
 .text.start_system
                0x00000000000049e2       0x26 ./mtkernel_3/kernel/inittask/inittask.o
 .text.shutdown_system
                0x0000000000004a08       0x34 ./mtkernel_3/kernel/inittask/inittask.o
 .text.init_task_main
                0x0000000000004a3c       0x4c ./mtkernel_3/kernel/inittask/inittask.o
 .text.msdi_openfn
                0x0000000000004a88       0x44 ./mtkernel_3/device/common/drvif/msdrvif.o
 .text.msdi_closefn
                0x0000000000004acc       0x44 ./mtkernel_3/device/common/drvif/msdrvif.o
 .text.msdi_execfn
                0x0000000000004b10       0x76 ./mtkernel_3/device/common/drvif/msdrvif.o
 .text.msdi_waitfn
                0x0000000000004b86       0x1c ./mtkernel_3/device/common/drvif/msdrvif.o
 .text.msdi_abortfn
                0x0000000000004ba2       0x1c ./mtkernel_3/device/common/drvif/msdrvif.o
 .text.msdi_eventfn
                0x0000000000004bbe       0x44 ./mtkernel_3/device/common/drvif/msdrvif.o
 *fill*         0x0000000000004c02        0x2 
 .text.msdi_def_dev
                0x0000000000004c04       0xf0 ./mtkernel_3/device/common/drvif/msdrvif.o
                0x0000000000004c04                msdi_def_dev
 .text.msdi_del_dev
                0x0000000000004cf4       0x3c ./mtkernel_3/device/common/drvif/msdrvif.o
                0x0000000000004cf4                msdi_del_dev
 .text.buff_init
                0x0000000000004d30       0x28 ./mtkernel_3/device/ser/ser.o
 .text.dev_ser_get_snddat
                0x0000000000004d58       0x74 ./mtkernel_3/device/ser/ser.o
                0x0000000000004d58                dev_ser_get_snddat
 .text.dev_ser_notify_rcv
                0x0000000000004dcc       0x78 ./mtkernel_3/device/ser/ser.o
                0x0000000000004dcc                dev_ser_notify_rcv
 .text.dev_ser_notify_err
                0x0000000000004e44       0x34 ./mtkernel_3/device/ser/ser.o
                0x0000000000004e44                dev_ser_notify_err
 .text.set_atr_size
                0x0000000000004e78       0x62 ./mtkernel_3/device/ser/ser.o
 *fill*         0x0000000000004eda        0x2 
 .text.read_atr
                0x0000000000004edc       0xc8 ./mtkernel_3/device/ser/ser.o
 .text.write_atr
                0x0000000000004fa4       0xe8 ./mtkernel_3/device/ser/ser.o
 .text.read_data
                0x000000000000508c       0xe2 ./mtkernel_3/device/ser/ser.o
 .text.write_data
                0x000000000000516e      0x13a ./mtkernel_3/device/ser/ser.o
 .text.dev_ser_openfn
                0x00000000000052a8       0x46 ./mtkernel_3/device/ser/ser.o
                0x00000000000052a8                dev_ser_openfn
 .text.dev_ser_closefn
                0x00000000000052ee       0x2c ./mtkernel_3/device/ser/ser.o
                0x00000000000052ee                dev_ser_closefn
 .text.dev_ser_readfn
                0x000000000000531a       0x4c ./mtkernel_3/device/ser/ser.o
                0x000000000000531a                dev_ser_readfn
 .text.dev_ser_writefn
                0x0000000000005366       0x4c ./mtkernel_3/device/ser/ser.o
                0x0000000000005366                dev_ser_writefn
 .text.dev_ser_eventfn
                0x00000000000053b2       0x1c ./mtkernel_3/device/ser/ser.o
                0x00000000000053b2                dev_ser_eventfn
 *fill*         0x00000000000053ce        0x2 
 .text.dev_init_ser
                0x00000000000053d0      0x13c ./mtkernel_3/device/ser/ser.o
                0x00000000000053d0                dev_init_ser
 .text.out_w    0x000000000000550c       0x1c ./mtkernel_3/device/ser/sysdepend/nrf5/ser_nrf5.o
 .text.in_w     0x0000000000005528       0x18 ./mtkernel_3/device/ser/sysdepend/nrf5/ser_nrf5.o
 .text.usart_inthdr
                0x0000000000005540      0x134 ./mtkernel_3/device/ser/sysdepend/nrf5/ser_nrf5.o
 .text.start_com
                0x0000000000005674      0x10a ./mtkernel_3/device/ser/sysdepend/nrf5/ser_nrf5.o
 *fill*         0x000000000000577e        0x2 
 .text.stop_com
                0x0000000000005780       0x50 ./mtkernel_3/device/ser/sysdepend/nrf5/ser_nrf5.o
 .text.set_baudrate
                0x00000000000057d0       0x70 ./mtkernel_3/device/ser/sysdepend/nrf5/ser_nrf5.o
 .text.dev_ser_llctl
                0x0000000000005840       0xc4 ./mtkernel_3/device/ser/sysdepend/nrf5/ser_nrf5.o
                0x0000000000005840                dev_ser_llctl
 .text.dev_ser_llinit
                0x0000000000005904       0x78 ./mtkernel_3/device/ser/sysdepend/nrf5/ser_nrf5.o
                0x0000000000005904                dev_ser_llinit
 .text.memcpy_local
                0x000000000000597c       0x3e mtkernel_3/lib/radio/radio_driver.o
 .text.hfclk_start
                0x00000000000059ba       0x30 mtkernel_3/lib/radio/radio_driver.o
 .text.freq_from_band
                0x00000000000059ea       0x22 mtkernel_3/lib/radio/radio_driver.o
 .text.program_addressing
                0x0000000000005a0c       0x40 mtkernel_3/lib/radio/radio_driver.o
 .text.program_packet_config
                0x0000000000005a4c       0x4c mtkernel_3/lib/radio/radio_driver.o
 .text.program_txpower
                0x0000000000005a98       0x34 mtkernel_3/lib/radio/radio_driver.o
 .text.radio_kick_rx
                0x0000000000005acc       0x3c mtkernel_3/lib/radio/radio_driver.o
 .text.radio_open
                0x0000000000005b08       0xac mtkernel_3/lib/radio/radio_driver.o
 .text.radio_close
                0x0000000000005bb4       0x4c mtkernel_3/lib/radio/radio_driver.o
 .text.radio_exec
                0x0000000000005c00      0x1bc mtkernel_3/lib/radio/radio_driver.o
 .text.radio_event
                0x0000000000005dbc       0x1a mtkernel_3/lib/radio/radio_driver.o
 *fill*         0x0000000000005dd6        0x2 
 .text.radio_driver_init
                0x0000000000005dd8       0x6c mtkernel_3/lib/radio/radio_driver.o
                0x0000000000005dd8                radio_driver_init
 .text.radio_set_group
                0x0000000000005e44       0x28 mtkernel_3/lib/radio/radio_driver.o
                0x0000000000005e44                radio_set_group
 .text.radio_set_band
                0x0000000000005e6c       0x40 mtkernel_3/lib/radio/radio_driver.o
                0x0000000000005e6c                radio_set_band
 .text.radio_set_txpower
                0x0000000000005eac       0x34 mtkernel_3/lib/radio/radio_driver.o
                0x0000000000005eac                radio_set_txpower
 .text.out_w    0x0000000000005ee0       0x1c ./mtkernel_3/lib/libtm/sysdepend/microbit/tm_com.o
 .text.in_w     0x0000000000005efc       0x18 ./mtkernel_3/lib/libtm/sysdepend/microbit/tm_com.o
 .text.tm_snd_dat
                0x0000000000005f14       0x54 ./mtkernel_3/lib/libtm/sysdepend/microbit/tm_com.o
                0x0000000000005f14                tm_snd_dat
 .text.tm_com_init
                0x0000000000005f68       0xd0 ./mtkernel_3/lib/libtm/sysdepend/microbit/tm_com.o
                0x0000000000005f68                tm_com_init
 .text.DisableInt_nvic
                0x0000000000006038       0x30 ./mtkernel_3/lib/libtk/sysdepend/cpu/nrf5/int_nrf5.o
 .text.EnableInt
                0x0000000000006068       0x1a ./mtkernel_3/lib/libtk/sysdepend/cpu/nrf5/int_nrf5.o
                0x0000000000006068                EnableInt
 .text.DisableInt
                0x0000000000006082       0x16 ./mtkernel_3/lib/libtk/sysdepend/cpu/nrf5/int_nrf5.o
                0x0000000000006082                DisableInt
 .text.set_basepri
                0x0000000000006098       0x1a ./mtkernel_3/lib/libtk/sysdepend/cpu/core/armv7m/int_armv7m.o
                0x0000000000006098                set_basepri
 .text.get_basepri
                0x00000000000060b2       0x1a ./mtkernel_3/lib/libtk/sysdepend/cpu/core/armv7m/int_armv7m.o
                0x00000000000060b2                get_basepri
 .text.disint   0x00000000000060cc       0x24 ./mtkernel_3/lib/libtk/sysdepend/cpu/core/armv7m/int_armv7m.o
                0x00000000000060cc                disint
 .text.EnableInt_nvic
                0x00000000000060f0       0x4c ./mtkernel_3/lib/libtk/sysdepend/cpu/core/armv7m/int_armv7m.o
                0x00000000000060f0                EnableInt_nvic
 .text.knl_init_device
                0x000000000000613c       0x10 ./mtkernel_3/kernel/sysdepend/microbit/devinit.o
                0x000000000000613c                knl_init_device
 .text.knl_start_device
                0x000000000000614c       0x22 ./mtkernel_3/kernel/sysdepend/microbit/devinit.o
                0x000000000000614c                knl_start_device
 .text.knl_finish_device
                0x000000000000616e       0x10 ./mtkernel_3/kernel/sysdepend/microbit/devinit.o
                0x000000000000616e                knl_finish_device
 .text.out_w    0x000000000000617e       0x1c ./mtkernel_3/kernel/sysdepend/microbit/hw_setting.o
 *fill*         0x000000000000619a        0x2 
 .text.knl_startup_hw
                0x000000000000619c       0x3c ./mtkernel_3/kernel/sysdepend/microbit/hw_setting.o
                0x000000000000619c                knl_startup_hw
 .text.knl_shutdown_hw
                0x00000000000061d8        0xa ./mtkernel_3/kernel/sysdepend/microbit/hw_setting.o
                0x00000000000061d8                knl_shutdown_hw
 *fill*         0x00000000000061e2        0x2 
 .text.knl_restart_hw
                0x00000000000061e4       0x64 ./mtkernel_3/kernel/sysdepend/microbit/hw_setting.o
                0x00000000000061e4                knl_restart_hw
 .text.low_pow  0x0000000000006248        0xe ./mtkernel_3/kernel/sysdepend/microbit/power_save.o
                0x0000000000006248                low_pow
 .text.out_w    0x0000000000006256       0x1c ./mtkernel_3/kernel/sysdepend/cpu/nrf5/cpu_clock.o
 .text.in_w     0x0000000000006272       0x18 ./mtkernel_3/kernel/sysdepend/cpu/nrf5/cpu_clock.o
 *fill*         0x000000000000628a        0x2 
 .text.startup_clock
                0x000000000000628c       0x74 ./mtkernel_3/kernel/sysdepend/cpu/nrf5/cpu_clock.o
                0x000000000000628c                startup_clock
 .text.knl_force_dispatch
                0x0000000000006300       0x30 ./mtkernel_3/kernel/sysdepend/cpu/core/armv7m/cpu_cntl.o
                0x0000000000006300                knl_force_dispatch
 .text.knl_dispatch
                0x0000000000006330       0x1c ./mtkernel_3/kernel/sysdepend/cpu/core/armv7m/cpu_cntl.o
                0x0000000000006330                knl_dispatch
 .text.NMI_Handler
                0x000000000000634c       0x10 ./mtkernel_3/kernel/sysdepend/cpu/core/armv7m/exc_hdr.o
                0x000000000000634c                NMI_Handler
 .text.HardFault_Handler
                0x000000000000635c       0x60 ./mtkernel_3/kernel/sysdepend/cpu/core/armv7m/exc_hdr.o
                0x000000000000635c                HardFault_Handler
 .text.MemManage_Handler
                0x00000000000063bc       0x10 ./mtkernel_3/kernel/sysdepend/cpu/core/armv7m/exc_hdr.o
                0x00000000000063bc                MemManage_Handler
 .text.BusFault_Handler
                0x00000000000063cc       0x10 ./mtkernel_3/kernel/sysdepend/cpu/core/armv7m/exc_hdr.o
                0x00000000000063cc                BusFault_Handler
 .text.UsageFault_Handler
                0x00000000000063dc       0x10 ./mtkernel_3/kernel/sysdepend/cpu/core/armv7m/exc_hdr.o
                0x00000000000063dc                UsageFault_Handler
 .text.Svcall_Handler
                0x00000000000063ec       0x10 ./mtkernel_3/kernel/sysdepend/cpu/core/armv7m/exc_hdr.o
                0x00000000000063ec                Svcall_Handler
 .text.DebugMon_Handler
                0x00000000000063fc       0x10 ./mtkernel_3/kernel/sysdepend/cpu/core/armv7m/exc_hdr.o
                0x00000000000063fc                DebugMon_Handler
 .text.Default_Handler
                0x000000000000640c       0x4c ./mtkernel_3/kernel/sysdepend/cpu/core/armv7m/exc_hdr.o
                0x000000000000640c                Default_Handler
 .text.knl_get_ipsr
                0x0000000000006458       0x1a ./mtkernel_3/kernel/sysdepend/cpu/core/armv7m/interrupt.o
 *fill*         0x0000000000006472        0x2 
 .text.knl_EnterTaskIndependent
                0x0000000000006474       0x1c ./mtkernel_3/kernel/sysdepend/cpu/core/armv7m/interrupt.o
 .text.knl_LeaveTaskIndependent
                0x0000000000006490       0x1c ./mtkernel_3/kernel/sysdepend/cpu/core/armv7m/interrupt.o
 .text.knl_hll_inthdr
                0x00000000000064ac       0x34 ./mtkernel_3/kernel/sysdepend/cpu/core/armv7m/interrupt.o
                0x00000000000064ac                knl_hll_inthdr
 .text.knl_systim_inthdr
                0x00000000000064e0       0x14 ./mtkernel_3/kernel/sysdepend/cpu/core/armv7m/interrupt.o
                0x00000000000064e0                knl_systim_inthdr
 .text.knl_define_inthdr
                0x00000000000064f4       0x60 ./mtkernel_3/kernel/sysdepend/cpu/core/armv7m/interrupt.o
                0x00000000000064f4                knl_define_inthdr
 .text.knl_init_interrupt
                0x0000000000006554       0x10 ./mtkernel_3/kernel/sysdepend/cpu/core/armv7m/interrupt.o
                0x0000000000006554                knl_init_interrupt
 .text.Reset_Handler
                0x0000000000006564      0x148 ./mtkernel_3/kernel/sysdepend/cpu/core/armv7m/reset_hdl.o
                0x0000000000006564                Reset_Handler
 .text.sender_task
                0x00000000000066ac       0x80 ./mtkernel_3/app_sample2/app_main.o
 .text.usermain
                0x000000000000672c       0x54 ./mtkernel_3/app_sample2/app_main.o
                0x000000000000672c                usermain
 *(.rodata)
 .rodata        0x0000000000006780        0xe ./mtkernel_3/lib/libtm/libtm_printf.o
 *fill*         0x000000000000678e        0x2 
 .rodata        0x0000000000006790        0x5 ./mtkernel_3/lib/libtk/fastlock.o
 *fill*         0x0000000000006795        0x3 
 .rodata        0x0000000000006798        0x5 ./mtkernel_3/lib/libtk/fastmlock.o
 *fill*         0x000000000000679d        0x3 
 .rodata        0x00000000000067a0        0x5 ./mtkernel_3/kernel/tkernel/device.o
 *fill*         0x00000000000067a5        0x3 
 .rodata        0x00000000000067a8       0xd8 ./mtkernel_3/kernel/sysinit/sysinit.o
 .rodata        0x0000000000006880       0x55 ./mtkernel_3/kernel/inittask/inittask.o
 *fill*         0x00000000000068d5        0x3 
 .rodata        0x00000000000068d8        0x4 ./mtkernel_3/device/ser/ser.o
 .rodata        0x00000000000068dc       0x98 ./mtkernel_3/device/ser/sysdepend/nrf5/ser_nrf5.o
 .rodata        0x0000000000006974       0x21 mtkernel_3/lib/radio/radio_driver.o
 *fill*         0x0000000000006995        0x3 
 .rodata        0x0000000000006998       0x53 ./mtkernel_3/kernel/sysdepend/microbit/hw_setting.o
 *fill*         0x00000000000069eb        0x1 
 .rodata        0x00000000000069ec       0xca ./mtkernel_3/kernel/sysdepend/cpu/core/armv7m/exc_hdr.o
 *fill*         0x0000000000006ab6        0x2 
 .rodata        0x0000000000006ab8       0x3d ./mtkernel_3/app_sample2/app_main.o
 *(.rodata.*)
 .rodata.CR.0   0x0000000000006af5        0x1 ./mtkernel_3/lib/libtm/libtm.o
 *fill*         0x0000000000006af6        0x2 
 .rodata.digits.0
                0x0000000000006af8       0x20 ./mtkernel_3/lib/libtm/libtm_printf.o
 .rodata.knl_pk_csem_DM
                0x0000000000006b18       0x10 ./mtkernel_3/kernel/tkernel/deviceio.o
 .rodata.knl_wspec_flg_tfifo
                0x0000000000006b28        0xc ./mtkernel_3/kernel/tkernel/eventflag.o
 .rodata.knl_wspec_flg_tpri
                0x0000000000006b34        0xc ./mtkernel_3/kernel/tkernel/eventflag.o
 .rodata.knl_wspec_sem_tfifo
                0x0000000000006b40        0xc ./mtkernel_3/kernel/tkernel/semaphore.o
 .rodata.knl_wspec_sem_tpri
                0x0000000000006b4c        0xc ./mtkernel_3/kernel/tkernel/semaphore.o
 .rodata.knl_wspec_slp
                0x0000000000006b58        0xc ./mtkernel_3/kernel/tkernel/task_sync.o
 .rodata.knl_wspec_dly
                0x0000000000006b64        0xc ./mtkernel_3/kernel/tkernel/task_sync.o
 .rodata.knl_init_ctsk
                0x0000000000006b70       0x18 ./mtkernel_3/kernel/inittask/inittask.o
                0x0000000000006b70                knl_init_ctsk
 .rodata.map.0  0x0000000000006b88        0x8 mtkernel_3/lib/radio/radio_driver.o
 .rodata.pinfnc_tbl
                0x0000000000006b90       0x28 ./mtkernel_3/kernel/sysdepend/microbit/hw_setting.o

.glue_7         0x0000000000006bb8        0x0
 .glue_7        0x0000000000006bb8        0x0 linker stubs

.glue_7t        0x0000000000006bb8        0x0
 .glue_7t       0x0000000000006bb8        0x0 linker stubs

.vfp11_veneer   0x0000000000006bb8        0x0
 .vfp11_veneer  0x0000000000006bb8        0x0 linker stubs

.v4_bx          0x0000000000006bb8        0x0
 .v4_bx         0x0000000000006bb8        0x0 linker stubs

.iplt           0x0000000000006bb8        0x0
 .iplt          0x0000000000006bb8        0x0 ./mtkernel_3/lib/libtm/libtm.o

.rel.dyn        0x0000000000006bb8        0x0
 .rel.iplt      0x0000000000006bb8        0x0 ./mtkernel_3/lib/libtm/libtm.o
                0x0000000000006bb8                . = ALIGN (0x4)
                0x0000000000006bb8                __data_org = .

vector          0x0000000020000000      0x100
                0x0000000020000000                __vector_start = .
 *(.data_vector)
 .data_vector   0x0000000020000000      0x100 ./mtkernel_3/kernel/sysdepend/cpu/core/armv7m/interrupt.o
                0x0000000020000000                exchdr_tbl
                0x0000000020000100                __vector_end = .

.data           0x0000000020000100       0x14 load address 0x0000000000006bb8
                0x0000000020000100                __data_start = .
 *(.data)
 *(.data.*)
 .data.ll_devcb
                0x0000000020000100       0x10 ./mtkernel_3/device/ser/sysdepend/nrf5/ser_nrf5.o
 .data.g_band   0x0000000020000110        0x1 mtkernel_3/lib/radio/radio_driver.o
                0x0000000020000114                . = ALIGN (0x4)
 *fill*         0x0000000020000111        0x3 
                0x0000000020000114                __data_end = .

.igot.plt       0x0000000020000114        0x0 load address 0x0000000000006bcc
 .igot.plt      0x0000000020000114        0x0 ./mtkernel_3/lib/libtm/libtm.o

.bss            0x0000000020000114     0x2568 load address 0x0000000000006bcc
                0x0000000020000114                __bss_start = .
                [!provide]                        PROVIDE (__noinit_start = .)
 *(.noinit)
 .noinit        0x0000000020000114      0x264 ./mtkernel_3/kernel/tkernel/device.o
                0x0000000020000114                knl_DevMgrLock
                0x0000000020000124                knl_DefaultIDev
                0x0000000020000128                knl_DevCBtbl
                0x0000000020000368                knl_UsedDevCB
                0x0000000020000370                knl_FreeDevCB
 .noinit        0x0000000020000378      0x75c ./mtkernel_3/kernel/tkernel/deviceio.o
                0x0000000020000378                knl_OpnCBtbl
                0x0000000020000778                knl_FreeOpnCB
                0x0000000020000780                knl_ReqCBtbl
                0x0000000020000ac0                knl_FreeReqCB
                0x0000000020000ac8                knl_resource_control_block
 .noinit        0x0000000020000ad4      0x188 ./mtkernel_3/kernel/tkernel/eventflag.o
                0x0000000020000ad4                knl_flgcb_table
                0x0000000020000c54                knl_free_flgcb
 .noinit        0x0000000020000c5c       0xe8 ./mtkernel_3/kernel/tkernel/mailbox.o
                0x0000000020000c5c                knl_mbxcb_table
                0x0000000020000d3c                knl_free_mbxcb
 .noinit        0x0000000020000d44        0x4 ./mtkernel_3/kernel/tkernel/memory.o
                0x0000000020000d44                knl_imacb
 .noinit        0x0000000020000d48      0x1c8 ./mtkernel_3/kernel/tkernel/mempfix.o
                0x0000000020000d48                knl_mpfcb_table
                0x0000000020000f08                knl_free_mpfcb
 .noinit        0x0000000020000f10       0xd8 ./mtkernel_3/kernel/tkernel/mempool.o
                0x0000000020000f10                knl_mplcb_table
                0x0000000020000fe0                knl_free_mplcb
 .noinit        0x0000000020000fe8      0x1a8 ./mtkernel_3/kernel/tkernel/messagebuf.o
                0x0000000020000fe8                knl_mbfcb_table
                0x0000000020001188                knl_free_mbfcb
 .noinit        0x0000000020001190       0x88 ./mtkernel_3/kernel/tkernel/mutex.o
                0x0000000020001190                knl_mtxcb_table
                0x0000000020001210                knl_free_mtxcb
 .noinit        0x0000000020001218      0x1c8 ./mtkernel_3/kernel/tkernel/semaphore.o
                0x0000000020001218                knl_semcb_table
                0x00000000200013d8                knl_free_semcb
 .noinit        0x00000000200013e0      0xe24 ./mtkernel_3/kernel/tkernel/task.o
                0x00000000200013e0                knl_dispatch_disabled
                0x00000000200013e4                knl_ctxtsk
                0x00000000200013e8                knl_schedtsk
                0x00000000200013ec                knl_ready_queue
                0x00000000200014fc                knl_tcb_table
                0x00000000200021fc                knl_free_tcb
 .noinit        0x0000000020002204      0x1d0 ./mtkernel_3/kernel/tkernel/time_calls.o
                0x0000000020002204                knl_cyccb_table
                0x00000000200022a4                knl_free_cyccb
                0x00000000200022ac                knl_almcb_table
                0x00000000200023cc                knl_free_almcb
 *fill*         0x00000000200023d4        0x4 
 .noinit        0x00000000200023d8       0x18 ./mtkernel_3/kernel/tkernel/timer.o
                0x00000000200023d8                knl_current_time
                0x00000000200023e0                knl_real_time_ofs
                0x00000000200023e8                knl_timer_queue
 .noinit        0x00000000200023f0      0x100 ./mtkernel_3/kernel/sysdepend/cpu/core/armv7m/cpu_cntl.o
                0x00000000200023f0                knl_tmp_stack
 .noinit        0x00000000200024f0       0xc0 ./mtkernel_3/kernel/sysdepend/cpu/core/armv7m/interrupt.o
                [!provide]                        PROVIDE (__noinit_end = .)
 *(.bss)
 *(.bss.*)
 .bss.knl_DisSusCnt
                0x00000000200025b0        0x4 ./mtkernel_3/kernel/tkernel/deviceio.o
                0x00000000200025b0                knl_DisSusCnt
 .bss.knl_lowpow_discnt
                0x00000000200025b4        0x4 ./mtkernel_3/kernel/tkernel/power.o
                0x00000000200025b4                knl_lowpow_discnt
 .bss.dev_ser_cb
                0x00000000200025b8        0x4 ./mtkernel_3/device/ser/ser.o
 .bss.rx_sem    0x00000000200025bc        0x4 mtkernel_3/lib/radio/radio_driver.o
 .bss.rxq       0x00000000200025c0       0x88 mtkernel_3/lib/radio/radio_driver.o
 .bss.rx_head   0x0000000020002648        0x1 mtkernel_3/lib/radio/radio_driver.o
 .bss.rx_tail   0x0000000020002649        0x1 mtkernel_3/lib/radio/radio_driver.o
 .bss.g_group   0x000000002000264a        0x1 mtkernel_3/lib/radio/radio_driver.o
 .bss.g_txpwr   0x000000002000264b        0x1 mtkernel_3/lib/radio/radio_driver.o
 .bss.rx_buf    0x000000002000264c       0x21 mtkernel_3/lib/radio/radio_driver.o
 *fill*         0x000000002000266d        0x3 
 .bss.knl_taskindp
                0x0000000020002670        0x4 ./mtkernel_3/kernel/sysdepend/cpu/core/armv7m/cpu_cntl.o
                0x0000000020002670                knl_taskindp
 .bss.knl_lowmem_top
                0x0000000020002674        0x4 ./mtkernel_3/kernel/sysdepend/cpu/core/armv7m/reset_hdl.o
                0x0000000020002674                knl_lowmem_top
 .bss.knl_lowmem_limit
                0x0000000020002678        0x4 ./mtkernel_3/kernel/sysdepend/cpu/core/armv7m/reset_hdl.o
                0x0000000020002678                knl_lowmem_limit
 *(COMMON)
                0x000000002000267c                . = ALIGN (0x4)
                0x000000002000267c                __bss_end = .
                0x000000002000267c                __end = .
OUTPUT(fixing_sender.elf elf32-littlearm)
LOAD linker stubs

.debug_info     0x0000000000000000    0x1467b
 .debug_info    0x0000000000000000      0x20b ./mtkernel_3/lib/libtm/libtm.o
 .debug_info    0x000000000000020b      0x43a ./mtkernel_3/lib/libtm/libtm_printf.o
 .debug_info    0x0000000000000645      0x2ec ./mtkernel_3/lib/libtk/fastlock.o
 .debug_info    0x0000000000000931      0x466 ./mtkernel_3/lib/libtk/fastmlock.o
 .debug_info    0x0000000000000d97      0x158 ./mtkernel_3/lib/libtk/kmalloc.o
 .debug_info    0x0000000000000eef      0x2e5 ./mtkernel_3/kernel/tstdlib/string.o
 .debug_info    0x00000000000011d4     0x11fb ./mtkernel_3/kernel/tkernel/device.o
 .debug_info    0x00000000000023cf     0x1822 ./mtkernel_3/kernel/tkernel/deviceio.o
 .debug_info    0x0000000000003bf1      0xcef ./mtkernel_3/kernel/tkernel/eventflag.o
 .debug_info    0x00000000000048e0      0x724 ./mtkernel_3/kernel/tkernel/int.o
 .debug_info    0x0000000000005004      0xc85 ./mtkernel_3/kernel/tkernel/mailbox.o
 .debug_info    0x0000000000005c89      0x4e8 ./mtkernel_3/kernel/tkernel/memory.o
 .debug_info    0x0000000000006171      0xd35 ./mtkernel_3/kernel/tkernel/mempfix.o
 .debug_info    0x0000000000006ea6      0xf92 ./mtkernel_3/kernel/tkernel/mempool.o
 .debug_info    0x0000000000007e38      0xf19 ./mtkernel_3/kernel/tkernel/messagebuf.o
 .debug_info    0x0000000000008d51      0xe2b ./mtkernel_3/kernel/tkernel/mutex.o
 .debug_info    0x0000000000009b7c       0x94 ./mtkernel_3/kernel/tkernel/power.o
 .debug_info    0x0000000000009c10      0xc2a ./mtkernel_3/kernel/tkernel/semaphore.o
 .debug_info    0x000000000000a83a      0xc49 ./mtkernel_3/kernel/tkernel/task.o
 .debug_info    0x000000000000b483      0xecf ./mtkernel_3/kernel/tkernel/task_manage.o
 .debug_info    0x000000000000c352      0xa12 ./mtkernel_3/kernel/tkernel/task_sync.o
 .debug_info    0x000000000000cd64     0x1383 ./mtkernel_3/kernel/tkernel/time_calls.o
 .debug_info    0x000000000000e0e7      0xa42 ./mtkernel_3/kernel/tkernel/timer.o
 .debug_info    0x000000000000eb29       0xb4 ./mtkernel_3/kernel/tkernel/tkinit.o
 .debug_info    0x000000000000ebdd      0xa99 ./mtkernel_3/kernel/tkernel/wait.o
 .debug_info    0x000000000000f676      0x1bf ./mtkernel_3/kernel/sysinit/sysinit.o
 .debug_info    0x000000000000f835      0x1f2 ./mtkernel_3/kernel/inittask/inittask.o
 .debug_info    0x000000000000fa27      0x734 ./mtkernel_3/device/common/drvif/msdrvif.o
 .debug_info    0x000000000001015b      0xa7d ./mtkernel_3/device/ser/ser.o
 .debug_info    0x0000000000010bd8      0x552 ./mtkernel_3/device/ser/sysdepend/nrf5/ser_nrf5.o
 .debug_info    0x000000000001112a     0x10db mtkernel_3/lib/radio/radio_driver.o
 .debug_info    0x0000000000012205      0x192 ./mtkernel_3/lib/libtm/sysdepend/microbit/tm_com.o
 .debug_info    0x0000000000012397      0x22f ./mtkernel_3/lib/libtk/sysdepend/cpu/nrf5/int_nrf5.o
 .debug_info    0x00000000000125c6      0x1df ./mtkernel_3/lib/libtk/sysdepend/cpu/core/armv7m/int_armv7m.o
 .debug_info    0x00000000000127a5       0xe4 ./mtkernel_3/kernel/sysdepend/microbit/devinit.o
 .debug_info    0x0000000000012889      0x1b2 ./mtkernel_3/kernel/sysdepend/microbit/hw_setting.o
 .debug_info    0x0000000000012a3b       0x9b ./mtkernel_3/kernel/sysdepend/microbit/power_save.o
 .debug_info    0x0000000000012ad6      0x112 ./mtkernel_3/kernel/sysdepend/cpu/nrf5/cpu_clock.o
 .debug_info    0x0000000000012be8       0xa8 ./mtkernel_3/kernel/sysdepend/cpu/nrf5/vector_tbl.o
 .debug_info    0x0000000000012c90      0xafa ./mtkernel_3/kernel/sysdepend/cpu/core/armv7m/cpu_cntl.o
 .debug_info    0x000000000001378a       0x26 ./mtkernel_3/kernel/sysdepend/cpu/core/armv7m/dispatch.o
 .debug_info    0x00000000000137b0      0x732 ./mtkernel_3/kernel/sysdepend/cpu/core/armv7m/exc_hdr.o
 .debug_info    0x0000000000013ee2      0x248 ./mtkernel_3/kernel/sysdepend/cpu/core/armv7m/interrupt.o
 .debug_info    0x000000000001412a      0x1b8 ./mtkernel_3/kernel/sysdepend/cpu/core/armv7m/reset_hdl.o
 .debug_info    0x00000000000142e2      0x216 ./mtkernel_3/app_sample2/app_main.o
 .debug_info    0x00000000000144f8       0x26 /usr/lib/gcc/arm-none-eabi/10.3.1/../../../arm-none-eabi/lib/thumb/v7e-m+fp/hard/libc.a(lib_a-memcpy.o)
 .debug_info    0x000000000001451e      0x137 /usr/lib/gcc/arm-none-eabi/10.3.1/../../../arm-none-eabi/lib/thumb/v7e-m+fp/hard/libc.a(lib_a-memset.o)
 .debug_info    0x0000000000014655       0x26 /usr/lib/gcc/arm-none-eabi/10.3.1/../../../arm-none-eabi/lib/thumb/v7e-m+fp/hard/libc.a(lib_a-strlen.o)

.debug_abbrev   0x0000000000000000     0x52cd
 .debug_abbrev  0x0000000000000000       0xd7 ./mtkernel_3/lib/libtm/libtm.o
 .debug_abbrev  0x00000000000000d7      0x1d5 ./mtkernel_3/lib/libtm/libtm_printf.o
 .debug_abbrev  0x00000000000002ac      0x150 ./mtkernel_3/lib/libtk/fastlock.o
 .debug_abbrev  0x00000000000003fc      0x16c ./mtkernel_3/lib/libtk/fastmlock.o
 .debug_abbrev  0x0000000000000568       0xca ./mtkernel_3/lib/libtk/kmalloc.o
 .debug_abbrev  0x0000000000000632       0xa9 ./mtkernel_3/kernel/tstdlib/string.o
 .debug_abbrev  0x00000000000006db      0x38a ./mtkernel_3/kernel/tkernel/device.o
 .debug_abbrev  0x0000000000000a65      0x412 ./mtkernel_3/kernel/tkernel/deviceio.o
 .debug_abbrev  0x0000000000000e77      0x2cf ./mtkernel_3/kernel/tkernel/eventflag.o
 .debug_abbrev  0x0000000000001146      0x1c2 ./mtkernel_3/kernel/tkernel/int.o
 .debug_abbrev  0x0000000000001308      0x280 ./mtkernel_3/kernel/tkernel/mailbox.o
 .debug_abbrev  0x0000000000001588      0x235 ./mtkernel_3/kernel/tkernel/memory.o
 .debug_abbrev  0x00000000000017bd      0x2f1 ./mtkernel_3/kernel/tkernel/mempfix.o
 .debug_abbrev  0x0000000000001aae      0x334 ./mtkernel_3/kernel/tkernel/mempool.o
 .debug_abbrev  0x0000000000001de2      0x318 ./mtkernel_3/kernel/tkernel/messagebuf.o
 .debug_abbrev  0x00000000000020fa      0x334 ./mtkernel_3/kernel/tkernel/mutex.o
 .debug_abbrev  0x000000000000242e       0x58 ./mtkernel_3/kernel/tkernel/power.o
 .debug_abbrev  0x0000000000002486      0x2cf ./mtkernel_3/kernel/tkernel/semaphore.o
 .debug_abbrev  0x0000000000002755      0x2de ./mtkernel_3/kernel/tkernel/task.o
 .debug_abbrev  0x0000000000002a33      0x335 ./mtkernel_3/kernel/tkernel/task_manage.o
 .debug_abbrev  0x0000000000002d68      0x28a ./mtkernel_3/kernel/tkernel/task_sync.o
 .debug_abbrev  0x0000000000002ff2      0x35d ./mtkernel_3/kernel/tkernel/time_calls.o
 .debug_abbrev  0x000000000000334f      0x2ac ./mtkernel_3/kernel/tkernel/timer.o
 .debug_abbrev  0x00000000000035fb       0x69 ./mtkernel_3/kernel/tkernel/tkinit.o
 .debug_abbrev  0x0000000000003664      0x247 ./mtkernel_3/kernel/tkernel/wait.o
 .debug_abbrev  0x00000000000038ab       0xf9 ./mtkernel_3/kernel/sysinit/sysinit.o
 .debug_abbrev  0x00000000000039a4      0x117 ./mtkernel_3/kernel/inittask/inittask.o
 .debug_abbrev  0x0000000000003abb      0x207 ./mtkernel_3/device/common/drvif/msdrvif.o
 .debug_abbrev  0x0000000000003cc2      0x2d6 ./mtkernel_3/device/ser/ser.o
 .debug_abbrev  0x0000000000003f98      0x1ca ./mtkernel_3/device/ser/sysdepend/nrf5/ser_nrf5.o
 .debug_abbrev  0x0000000000004162      0x31c mtkernel_3/lib/radio/radio_driver.o
 .debug_abbrev  0x000000000000447e       0xdf ./mtkernel_3/lib/libtm/sysdepend/microbit/tm_com.o
 .debug_abbrev  0x000000000000455d      0x107 ./mtkernel_3/lib/libtk/sysdepend/cpu/nrf5/int_nrf5.o
 .debug_abbrev  0x0000000000004664       0xf7 ./mtkernel_3/lib/libtk/sysdepend/cpu/core/armv7m/int_armv7m.o
 .debug_abbrev  0x000000000000475b       0x87 ./mtkernel_3/kernel/sysdepend/microbit/devinit.o
 .debug_abbrev  0x00000000000047e2      0x133 ./mtkernel_3/kernel/sysdepend/microbit/hw_setting.o
 .debug_abbrev  0x0000000000004915       0x47 ./mtkernel_3/kernel/sysdepend/microbit/power_save.o
 .debug_abbrev  0x000000000000495c       0xbc ./mtkernel_3/kernel/sysdepend/cpu/nrf5/cpu_clock.o
 .debug_abbrev  0x0000000000004a18       0x6a ./mtkernel_3/kernel/sysdepend/cpu/nrf5/vector_tbl.o
 .debug_abbrev  0x0000000000004a82      0x238 ./mtkernel_3/kernel/sysdepend/cpu/core/armv7m/cpu_cntl.o
 .debug_abbrev  0x0000000000004cba       0x14 ./mtkernel_3/kernel/sysdepend/cpu/core/armv7m/dispatch.o
 .debug_abbrev  0x0000000000004cce      0x1be ./mtkernel_3/kernel/sysdepend/cpu/core/armv7m/exc_hdr.o
 .debug_abbrev  0x0000000000004e8c      0x16f ./mtkernel_3/kernel/sysdepend/cpu/core/armv7m/interrupt.o
 .debug_abbrev  0x0000000000004ffb       0xce ./mtkernel_3/kernel/sysdepend/cpu/core/armv7m/reset_hdl.o
 .debug_abbrev  0x00000000000050c9      0x128 ./mtkernel_3/app_sample2/app_main.o
 .debug_abbrev  0x00000000000051f1       0x14 /usr/lib/gcc/arm-none-eabi/10.3.1/../../../arm-none-eabi/lib/thumb/v7e-m+fp/hard/libc.a(lib_a-memcpy.o)
 .debug_abbrev  0x0000000000005205       0xb4 /usr/lib/gcc/arm-none-eabi/10.3.1/../../../arm-none-eabi/lib/thumb/v7e-m+fp/hard/libc.a(lib_a-memset.o)
 .debug_abbrev  0x00000000000052b9       0x14 /usr/lib/gcc/arm-none-eabi/10.3.1/../../../arm-none-eabi/lib/thumb/v7e-m+fp/hard/libc.a(lib_a-strlen.o)

.debug_aranges  0x0000000000000000     0x12b8
 .debug_aranges
                0x0000000000000000       0x40 ./mtkernel_3/lib/libtm/libtm.o
 .debug_aranges
                0x0000000000000040       0x48 ./mtkernel_3/lib/libtm/libtm_printf.o
 .debug_aranges
                0x0000000000000088       0x48 ./mtkernel_3/lib/libtk/fastlock.o
 .debug_aranges
                0x00000000000000d0       0x60 ./mtkernel_3/lib/libtk/fastmlock.o
 .debug_aranges
                0x0000000000000130       0x38 ./mtkernel_3/lib/libtk/kmalloc.o
 .debug_aranges
                0x0000000000000168       0x50 ./mtkernel_3/kernel/tstdlib/string.o
 .debug_aranges
                0x00000000000001b8       0xd0 ./mtkernel_3/kernel/tkernel/device.o
 .debug_aranges
                0x0000000000000288      0x110 ./mtkernel_3/kernel/tkernel/deviceio.o
 .debug_aranges
                0x0000000000000398       0x88 ./mtkernel_3/kernel/tkernel/eventflag.o
 .debug_aranges
                0x0000000000000420       0x28 ./mtkernel_3/kernel/tkernel/int.o
 .debug_aranges
                0x0000000000000448       0x80 ./mtkernel_3/kernel/tkernel/mailbox.o
 .debug_aranges
                0x00000000000004c8       0x88 ./mtkernel_3/kernel/tkernel/memory.o
 .debug_aranges
                0x0000000000000550       0x88 ./mtkernel_3/kernel/tkernel/mempfix.o
 .debug_aranges
                0x00000000000005d8       0xb8 ./mtkernel_3/kernel/tkernel/mempool.o
 .debug_aranges
                0x0000000000000690       0xa8 ./mtkernel_3/kernel/tkernel/messagebuf.o
 .debug_aranges
                0x0000000000000738       0xa0 ./mtkernel_3/kernel/tkernel/mutex.o
 .debug_aranges
                0x00000000000007d8       0x18 ./mtkernel_3/kernel/tkernel/power.o
 .debug_aranges
                0x00000000000007f0       0x78 ./mtkernel_3/kernel/tkernel/semaphore.o
 .debug_aranges
                0x0000000000000868       0xc0 ./mtkernel_3/kernel/tkernel/task.o
 .debug_aranges
                0x0000000000000928       0xc8 ./mtkernel_3/kernel/tkernel/task_manage.o
 .debug_aranges
                0x00000000000009f0       0x68 ./mtkernel_3/kernel/tkernel/task_sync.o
 .debug_aranges
                0x0000000000000a58      0x128 ./mtkernel_3/kernel/tkernel/time_calls.o
 .debug_aranges
                0x0000000000000b80       0xa8 ./mtkernel_3/kernel/tkernel/timer.o
 .debug_aranges
                0x0000000000000c28       0x20 ./mtkernel_3/kernel/tkernel/tkinit.o
 .debug_aranges
                0x0000000000000c48       0xa8 ./mtkernel_3/kernel/tkernel/wait.o
 .debug_aranges
                0x0000000000000cf0       0x28 ./mtkernel_3/kernel/sysinit/sysinit.o
 .debug_aranges
                0x0000000000000d18       0x30 ./mtkernel_3/kernel/inittask/inittask.o
 .debug_aranges
                0x0000000000000d48       0x58 ./mtkernel_3/device/common/drvif/msdrvif.o
 .debug_aranges
                0x0000000000000da0       0x90 ./mtkernel_3/device/ser/ser.o
 .debug_aranges
                0x0000000000000e30       0x58 ./mtkernel_3/device/ser/sysdepend/nrf5/ser_nrf5.o
 .debug_aranges
                0x0000000000000e88       0xa8 mtkernel_3/lib/radio/radio_driver.o
 .debug_aranges
                0x0000000000000f30       0x40 ./mtkernel_3/lib/libtm/sysdepend/microbit/tm_com.o
 .debug_aranges
                0x0000000000000f70       0x60 ./mtkernel_3/lib/libtk/sysdepend/cpu/nrf5/int_nrf5.o
 .debug_aranges
                0x0000000000000fd0       0x48 ./mtkernel_3/lib/libtk/sysdepend/cpu/core/armv7m/int_armv7m.o
 .debug_aranges
                0x0000000000001018       0x30 ./mtkernel_3/kernel/sysdepend/microbit/devinit.o
 .debug_aranges
                0x0000000000001048       0x38 ./mtkernel_3/kernel/sysdepend/microbit/hw_setting.o
 .debug_aranges
                0x0000000000001080       0x28 ./mtkernel_3/kernel/sysdepend/microbit/power_save.o
 .debug_aranges
                0x00000000000010a8       0x38 ./mtkernel_3/kernel/sysdepend/cpu/nrf5/cpu_clock.o
 .debug_aranges
                0x00000000000010e0       0x18 ./mtkernel_3/kernel/sysdepend/cpu/nrf5/vector_tbl.o
 .debug_aranges
                0x00000000000010f8       0x48 ./mtkernel_3/kernel/sysdepend/cpu/core/armv7m/cpu_cntl.o
 .debug_aranges
                0x0000000000001140       0x20 ./mtkernel_3/kernel/sysdepend/cpu/core/armv7m/dispatch.o
 .debug_aranges
                0x0000000000001160       0x58 ./mtkernel_3/kernel/sysdepend/cpu/core/armv7m/exc_hdr.o
 .debug_aranges
                0x00000000000011b8       0x58 ./mtkernel_3/kernel/sysdepend/cpu/core/armv7m/interrupt.o
 .debug_aranges
                0x0000000000001210       0x20 ./mtkernel_3/kernel/sysdepend/cpu/core/armv7m/reset_hdl.o
 .debug_aranges
                0x0000000000001230       0x28 ./mtkernel_3/app_sample2/app_main.o
 .debug_aranges
                0x0000000000001258       0x20 /usr/lib/gcc/arm-none-eabi/10.3.1/../../../arm-none-eabi/lib/thumb/v7e-m+fp/hard/libc.a(lib_a-memcpy.o)
 .debug_aranges
                0x0000000000001278       0x20 /usr/lib/gcc/arm-none-eabi/10.3.1/../../../arm-none-eabi/lib/thumb/v7e-m+fp/hard/libc.a(lib_a-memset.o)
 .debug_aranges
                0x0000000000001298       0x20 /usr/lib/gcc/arm-none-eabi/10.3.1/../../../arm-none-eabi/lib/thumb/v7e-m+fp/hard/libc.a(lib_a-strlen.o)

.debug_ranges   0x0000000000000000      0xf68
 .debug_ranges  0x0000000000000000       0x30 ./mtkernel_3/lib/libtm/libtm.o
 .debug_ranges  0x0000000000000030       0x38 ./mtkernel_3/lib/libtm/libtm_printf.o
 .debug_ranges  0x0000000000000068       0x38 ./mtkernel_3/lib/libtk/fastlock.o
 .debug_ranges  0x00000000000000a0       0x50 ./mtkernel_3/lib/libtk/fastmlock.o
 .debug_ranges  0x00000000000000f0       0x28 ./mtkernel_3/lib/libtk/kmalloc.o
 .debug_ranges  0x0000000000000118       0x40 ./mtkernel_3/kernel/tstdlib/string.o
 .debug_ranges  0x0000000000000158       0xc0 ./mtkernel_3/kernel/tkernel/device.o
 .debug_ranges  0x0000000000000218      0x100 ./mtkernel_3/kernel/tkernel/deviceio.o
 .debug_ranges  0x0000000000000318       0x78 ./mtkernel_3/kernel/tkernel/eventflag.o
 .debug_ranges  0x0000000000000390       0x18 ./mtkernel_3/kernel/tkernel/int.o
 .debug_ranges  0x00000000000003a8       0x70 ./mtkernel_3/kernel/tkernel/mailbox.o
 .debug_ranges  0x0000000000000418       0x78 ./mtkernel_3/kernel/tkernel/memory.o
 .debug_ranges  0x0000000000000490       0x78 ./mtkernel_3/kernel/tkernel/mempfix.o
 .debug_ranges  0x0000000000000508       0xa8 ./mtkernel_3/kernel/tkernel/mempool.o
 .debug_ranges  0x00000000000005b0       0x98 ./mtkernel_3/kernel/tkernel/messagebuf.o
 .debug_ranges  0x0000000000000648       0x90 ./mtkernel_3/kernel/tkernel/mutex.o
 .debug_ranges  0x00000000000006d8       0x68 ./mtkernel_3/kernel/tkernel/semaphore.o
 .debug_ranges  0x0000000000000740       0xb0 ./mtkernel_3/kernel/tkernel/task.o
 .debug_ranges  0x00000000000007f0       0xb8 ./mtkernel_3/kernel/tkernel/task_manage.o
 .debug_ranges  0x00000000000008a8       0x58 ./mtkernel_3/kernel/tkernel/task_sync.o
 .debug_ranges  0x0000000000000900      0x118 ./mtkernel_3/kernel/tkernel/time_calls.o
 .debug_ranges  0x0000000000000a18       0x98 ./mtkernel_3/kernel/tkernel/timer.o
 .debug_ranges  0x0000000000000ab0       0x10 ./mtkernel_3/kernel/tkernel/tkinit.o
 .debug_ranges  0x0000000000000ac0       0x98 ./mtkernel_3/kernel/tkernel/wait.o
 .debug_ranges  0x0000000000000b58       0x18 ./mtkernel_3/kernel/sysinit/sysinit.o
 .debug_ranges  0x0000000000000b70       0x20 ./mtkernel_3/kernel/inittask/inittask.o
 .debug_ranges  0x0000000000000b90       0x48 ./mtkernel_3/device/common/drvif/msdrvif.o
 .debug_ranges  0x0000000000000bd8       0x80 ./mtkernel_3/device/ser/ser.o
 .debug_ranges  0x0000000000000c58       0x48 ./mtkernel_3/device/ser/sysdepend/nrf5/ser_nrf5.o
 .debug_ranges  0x0000000000000ca0       0x98 mtkernel_3/lib/radio/radio_driver.o
 .debug_ranges  0x0000000000000d38       0x30 ./mtkernel_3/lib/libtm/sysdepend/microbit/tm_com.o
 .debug_ranges  0x0000000000000d68       0x50 ./mtkernel_3/lib/libtk/sysdepend/cpu/nrf5/int_nrf5.o
 .debug_ranges  0x0000000000000db8       0x38 ./mtkernel_3/lib/libtk/sysdepend/cpu/core/armv7m/int_armv7m.o
 .debug_ranges  0x0000000000000df0       0x20 ./mtkernel_3/kernel/sysdepend/microbit/devinit.o
 .debug_ranges  0x0000000000000e10       0x28 ./mtkernel_3/kernel/sysdepend/microbit/hw_setting.o
 .debug_ranges  0x0000000000000e38       0x18 ./mtkernel_3/kernel/sysdepend/microbit/power_save.o
 .debug_ranges  0x0000000000000e50       0x28 ./mtkernel_3/kernel/sysdepend/cpu/nrf5/cpu_clock.o
 .debug_ranges  0x0000000000000e78       0x38 ./mtkernel_3/kernel/sysdepend/cpu/core/armv7m/cpu_cntl.o
 .debug_ranges  0x0000000000000eb0       0x48 ./mtkernel_3/kernel/sysdepend/cpu/core/armv7m/exc_hdr.o
 .debug_ranges  0x0000000000000ef8       0x48 ./mtkernel_3/kernel/sysdepend/cpu/core/armv7m/interrupt.o
 .debug_ranges  0x0000000000000f40       0x10 ./mtkernel_3/kernel/sysdepend/cpu/core/armv7m/reset_hdl.o
 .debug_ranges  0x0000000000000f50       0x18 ./mtkernel_3/app_sample2/app_main.o

.debug_macro    0x0000000000000000    0x18ffd
 .debug_macro   0x0000000000000000      0x167 ./mtkernel_3/lib/libtm/libtm.o
 .debug_macro   0x0000000000000167      0xa7e ./mtkernel_3/lib/libtm/libtm.o
 .debug_macro   0x0000000000000be5      0x169 ./mtkernel_3/lib/libtm/libtm.o
 .debug_macro   0x0000000000000d4e      0x29a ./mtkernel_3/lib/libtm/libtm.o
 .debug_macro   0x0000000000000fe8       0x28 ./mtkernel_3/lib/libtm/libtm.o
 .debug_macro   0x0000000000001010       0x1c ./mtkernel_3/lib/libtm/libtm.o
 .debug_macro   0x000000000000102c       0x34 ./mtkernel_3/lib/libtm/libtm.o
 .debug_macro   0x0000000000001060       0x46 ./mtkernel_3/lib/libtm/libtm.o
 .debug_macro   0x00000000000010a6       0xa6 ./mtkernel_3/lib/libtm/libtm.o
 .debug_macro   0x000000000000114c       0x1c ./mtkernel_3/lib/libtm/libtm.o
 .debug_macro   0x0000000000001168      0x1d3 ./mtkernel_3/lib/libtm/libtm.o
 .debug_macro   0x000000000000133b      0x2b3 ./mtkernel_3/lib/libtm/libtm.o
 .debug_macro   0x00000000000015ee       0x10 ./mtkernel_3/lib/libtm/libtm.o
 .debug_macro   0x00000000000015fe      0x238 ./mtkernel_3/lib/libtm/libtm.o
 .debug_macro   0x0000000000001836       0x16 ./mtkernel_3/lib/libtm/libtm.o
 .debug_macro   0x000000000000184c       0x8e ./mtkernel_3/lib/libtm/libtm.o
 .debug_macro   0x00000000000018da       0x16 ./mtkernel_3/lib/libtm/libtm.o
 .debug_macro   0x00000000000018f0       0xa6 ./mtkernel_3/lib/libtm/libtm.o
 .debug_macro   0x0000000000001996      0x2aa ./mtkernel_3/lib/libtm/libtm.o
 .debug_macro   0x0000000000001c40       0x16 ./mtkernel_3/lib/libtm/libtm.o
 .debug_macro   0x0000000000001c56      0x107 ./mtkernel_3/lib/libtm/libtm.o
 .debug_macro   0x0000000000001d5d       0x1c ./mtkernel_3/lib/libtm/libtm.o
 .debug_macro   0x0000000000001d79       0x2e ./mtkernel_3/lib/libtm/libtm.o
 .debug_macro   0x0000000000001da7       0x19 ./mtkernel_3/lib/libtm/libtm.o
 .debug_macro   0x0000000000001dc0       0x22 ./mtkernel_3/lib/libtm/libtm.o
 .debug_macro   0x0000000000001de2       0x16 ./mtkernel_3/lib/libtm/libtm.o
 .debug_macro   0x0000000000001df8      0x194 ./mtkernel_3/lib/libtm/libtm_printf.o
 .debug_macro   0x0000000000001f8c       0x58 ./mtkernel_3/lib/libtm/libtm_printf.o
 .debug_macro   0x0000000000001fe4      0x14b ./mtkernel_3/lib/libtk/fastlock.o
 .debug_macro   0x000000000000212f      0x14b ./mtkernel_3/lib/libtk/fastmlock.o
 .debug_macro   0x000000000000227a      0x14b ./mtkernel_3/lib/libtk/kmalloc.o
 .debug_macro   0x00000000000023c5      0x227 ./mtkernel_3/kernel/tstdlib/string.o
 .debug_macro   0x00000000000025ec       0x16 ./mtkernel_3/kernel/tstdlib/string.o
 .debug_macro   0x0000000000002602       0x46 ./mtkernel_3/kernel/tstdlib/string.o
 .debug_macro   0x0000000000002648       0x94 ./mtkernel_3/kernel/tstdlib/string.o
 .debug_macro   0x00000000000026dc       0x22 ./mtkernel_3/kernel/tstdlib/string.o
 .debug_macro   0x00000000000026fe       0x1c ./mtkernel_3/kernel/tstdlib/string.o
 .debug_macro   0x000000000000271a       0x1c ./mtkernel_3/kernel/tstdlib/string.o
 .debug_macro   0x0000000000002736       0x52 ./mtkernel_3/kernel/tstdlib/string.o
 .debug_macro   0x0000000000002788       0x2e ./mtkernel_3/kernel/tstdlib/string.o
 .debug_macro   0x00000000000027b6      0x248 ./mtkernel_3/kernel/tkernel/device.o
 .debug_macro   0x00000000000029fe       0x46 ./mtkernel_3/kernel/tkernel/device.o
 .debug_macro   0x0000000000002a44       0x40 ./mtkernel_3/kernel/tkernel/device.o
 .debug_macro   0x0000000000002a84       0x6a ./mtkernel_3/kernel/tkernel/device.o
 .debug_macro   0x0000000000002aee      0x248 ./mtkernel_3/kernel/tkernel/deviceio.o
 .debug_macro   0x0000000000002d36      0x263 ./mtkernel_3/kernel/tkernel/eventflag.o
 .debug_macro   0x0000000000002f99       0x10 ./mtkernel_3/kernel/tkernel/eventflag.o
 .debug_macro   0x0000000000002fa9      0x230 ./mtkernel_3/kernel/tkernel/int.o
 .debug_macro   0x00000000000031d9      0x263 ./mtkernel_3/kernel/tkernel/mailbox.o
 .debug_macro   0x000000000000343c       0x1c ./mtkernel_3/kernel/tkernel/mailbox.o
 .debug_macro   0x0000000000003458      0x23f ./mtkernel_3/kernel/tkernel/memory.o
 .debug_macro   0x0000000000003697       0x58 ./mtkernel_3/kernel/tkernel/memory.o
 .debug_macro   0x00000000000036ef      0x26d ./mtkernel_3/kernel/tkernel/mempfix.o
 .debug_macro   0x000000000000395c       0x1c ./mtkernel_3/kernel/tkernel/mempfix.o
 .debug_macro   0x0000000000003978      0x27b ./mtkernel_3/kernel/tkernel/mempool.o
 .debug_macro   0x0000000000003bf3       0x10 ./mtkernel_3/kernel/tkernel/mempool.o
 .debug_macro   0x0000000000003c03      0x263 ./mtkernel_3/kernel/tkernel/messagebuf.o
 .debug_macro   0x0000000000003e66       0x22 ./mtkernel_3/kernel/tkernel/messagebuf.o
 .debug_macro   0x0000000000003e88      0x25e ./mtkernel_3/kernel/tkernel/mutex.o
 .debug_macro   0x00000000000040e6      0x230 ./mtkernel_3/kernel/tkernel/power.o
 .debug_macro   0x0000000000004316      0x263 ./mtkernel_3/kernel/tkernel/semaphore.o
 .debug_macro   0x0000000000004579       0x10 ./mtkernel_3/kernel/tkernel/semaphore.o
 .debug_macro   0x0000000000004589      0x280 ./mtkernel_3/kernel/tkernel/task.o
 .debug_macro   0x0000000000004809       0x1c ./mtkernel_3/kernel/tkernel/task.o
 .debug_macro   0x0000000000004825       0x16 ./mtkernel_3/kernel/tkernel/task.o
 .debug_macro   0x000000000000483b      0x280 ./mtkernel_3/kernel/tkernel/task_manage.o
 .debug_macro   0x0000000000004abb      0x263 ./mtkernel_3/kernel/tkernel/task_sync.o
 .debug_macro   0x0000000000004d1e      0x28a ./mtkernel_3/kernel/tkernel/time_calls.o
 .debug_macro   0x0000000000004fa8       0x1c ./mtkernel_3/kernel/tkernel/time_calls.o
 .debug_macro   0x0000000000004fc4       0x1c ./mtkernel_3/kernel/tkernel/time_calls.o
 .debug_macro   0x0000000000004fe0      0x252 ./mtkernel_3/kernel/tkernel/timer.o
 .debug_macro   0x0000000000005232      0x22b ./mtkernel_3/kernel/tkernel/tkinit.o
 .debug_macro   0x000000000000545d      0x251 ./mtkernel_3/kernel/tkernel/wait.o
 .debug_macro   0x00000000000056ae      0x227 ./mtkernel_3/kernel/sysinit/sysinit.o
 .debug_macro   0x00000000000058d5      0x229 ./mtkernel_3/kernel/inittask/inittask.o
 .debug_macro   0x0000000000005afe       0x2e ./mtkernel_3/kernel/inittask/inittask.o
 .debug_macro   0x0000000000005b2c       0x10 ./mtkernel_3/kernel/inittask/inittask.o
 .debug_macro   0x0000000000005b3c      0x161 ./mtkernel_3/device/common/drvif/msdrvif.o
 .debug_macro   0x0000000000005c9d      0x1b4 ./mtkernel_3/device/ser/ser.o
 .debug_macro   0x0000000000005e51       0x10 ./mtkernel_3/device/ser/ser.o
 .debug_macro   0x0000000000005e61       0x52 ./mtkernel_3/device/ser/ser.o
 .debug_macro   0x0000000000005eb3       0x2e ./mtkernel_3/device/ser/ser.o
 .debug_macro   0x0000000000005ee1       0x16 ./mtkernel_3/device/ser/ser.o
 .debug_macro   0x0000000000005ef7       0x10 ./mtkernel_3/device/ser/ser.o
 .debug_macro   0x0000000000005f07       0x16 ./mtkernel_3/device/ser/ser.o
 .debug_macro   0x0000000000005f1d      0x1b0 ./mtkernel_3/device/ser/sysdepend/nrf5/ser_nrf5.o
 .debug_macro   0x00000000000060cd      0x25e mtkernel_3/lib/radio/radio_driver.o
 .debug_macro   0x000000000000632b      0x34e mtkernel_3/lib/radio/radio_driver.o
 .debug_macro   0x0000000000006679       0x1c mtkernel_3/lib/radio/radio_driver.o
 .debug_macro   0x0000000000006695       0x28 mtkernel_3/lib/radio/radio_driver.o
 .debug_macro   0x00000000000066bd       0x42 mtkernel_3/lib/radio/radio_driver.o
 .debug_macro   0x00000000000066ff       0x1c mtkernel_3/lib/radio/radio_driver.o
 .debug_macro   0x000000000000671b       0x22 mtkernel_3/lib/radio/radio_driver.o
 .debug_macro   0x000000000000673d      0x107 mtkernel_3/lib/radio/radio_driver.o
 .debug_macro   0x0000000000006844     0x1057 mtkernel_3/lib/radio/radio_driver.o
 .debug_macro   0x000000000000789b      0x11f mtkernel_3/lib/radio/radio_driver.o
 .debug_macro   0x00000000000079ba      0x3a0 mtkernel_3/lib/radio/radio_driver.o
 .debug_macro   0x0000000000007d5a     0xe438 mtkernel_3/lib/radio/radio_driver.o
 .debug_macro   0x0000000000016192     0x1331 mtkernel_3/lib/radio/radio_driver.o
 .debug_macro   0x00000000000174c3       0x82 mtkernel_3/lib/radio/radio_driver.o
 .debug_macro   0x0000000000017545       0x6a mtkernel_3/lib/radio/radio_driver.o
 .debug_macro   0x00000000000175af       0xf6 ./mtkernel_3/lib/libtm/sysdepend/microbit/tm_com.o
 .debug_macro   0x00000000000176a5       0x40 ./mtkernel_3/lib/libtm/sysdepend/microbit/tm_com.o
 .debug_macro   0x00000000000176e5       0x16 ./mtkernel_3/lib/libtm/sysdepend/microbit/tm_com.o
 .debug_macro   0x00000000000176fb       0xac ./mtkernel_3/lib/libtm/sysdepend/microbit/tm_com.o
 .debug_macro   0x00000000000177a7      0x159 ./mtkernel_3/lib/libtk/sysdepend/cpu/nrf5/int_nrf5.o
 .debug_macro   0x0000000000017900      0x155 ./mtkernel_3/lib/libtk/sysdepend/cpu/core/armv7m/int_armv7m.o
 .debug_macro   0x0000000000017a55      0x275 ./mtkernel_3/kernel/sysdepend/microbit/devinit.o
 .debug_macro   0x0000000000017cca      0x23f ./mtkernel_3/kernel/sysdepend/microbit/hw_setting.o
 .debug_macro   0x0000000000017f09      0x23f ./mtkernel_3/kernel/sysdepend/microbit/power_save.o
 .debug_macro   0x0000000000018148      0x15f ./mtkernel_3/kernel/sysdepend/cpu/nrf5/cpu_clock.o
 .debug_macro   0x00000000000182a7      0x248 ./mtkernel_3/kernel/sysdepend/cpu/nrf5/vector_tbl.o
 .debug_macro   0x00000000000184ef       0x1c ./mtkernel_3/kernel/sysdepend/cpu/nrf5/vector_tbl.o
 .debug_macro   0x000000000001850b      0x251 ./mtkernel_3/kernel/sysdepend/cpu/core/armv7m/cpu_cntl.o
 .debug_macro   0x000000000001875c      0x247 ./mtkernel_3/kernel/sysdepend/cpu/core/armv7m/exc_hdr.o
 .debug_macro   0x00000000000189a3      0x248 ./mtkernel_3/kernel/sysdepend/cpu/core/armv7m/interrupt.o
 .debug_macro   0x0000000000018beb      0x248 ./mtkernel_3/kernel/sysdepend/cpu/core/armv7m/reset_hdl.o
 .debug_macro   0x0000000000018e33      0x1ae ./mtkernel_3/app_sample2/app_main.o
 .debug_macro   0x0000000000018fe1       0x1c ./mtkernel_3/app_sample2/app_main.o

.debug_line     0x0000000000000000    0x15d88
 .debug_line    0x0000000000000000      0x439 ./mtkernel_3/lib/libtm/libtm.o
 .debug_line    0x0000000000000439      0x816 ./mtkernel_3/lib/libtm/libtm_printf.o
 .debug_line    0x0000000000000c4f      0x413 ./mtkernel_3/lib/libtk/fastlock.o
 .debug_line    0x0000000000001062      0x4c4 ./mtkernel_3/lib/libtk/fastmlock.o
 .debug_line    0x0000000000001526      0x384 ./mtkernel_3/lib/libtk/kmalloc.o
 .debug_line    0x00000000000018aa      0x6ef ./mtkernel_3/kernel/tstdlib/string.o
 .debug_line    0x0000000000001f99      0xb44 ./mtkernel_3/kernel/tkernel/device.o
 .debug_line    0x0000000000002add      0xfe2 ./mtkernel_3/kernel/tkernel/deviceio.o
 .debug_line    0x0000000000003abf      0x9e3 ./mtkernel_3/kernel/tkernel/eventflag.o
 .debug_line    0x00000000000044a2      0x586 ./mtkernel_3/kernel/tkernel/int.o
 .debug_line    0x0000000000004a28      0x92f ./mtkernel_3/kernel/tkernel/mailbox.o
 .debug_line    0x0000000000005357      0x8e6 ./mtkernel_3/kernel/tkernel/memory.o
 .debug_line    0x0000000000005c3d      0xa08 ./mtkernel_3/kernel/tkernel/mempfix.o
 .debug_line    0x0000000000006645      0xcc4 ./mtkernel_3/kernel/tkernel/mempool.o
 .debug_line    0x0000000000007309      0xbf4 ./mtkernel_3/kernel/tkernel/messagebuf.o
 .debug_line    0x0000000000007efd      0xbe8 ./mtkernel_3/kernel/tkernel/mutex.o
 .debug_line    0x0000000000008ae5      0x519 ./mtkernel_3/kernel/tkernel/power.o
 .debug_line    0x0000000000008ffe      0x992 ./mtkernel_3/kernel/tkernel/semaphore.o
 .debug_line    0x0000000000009990      0xa45 ./mtkernel_3/kernel/tkernel/task.o
 .debug_line    0x000000000000a3d5      0xdec ./mtkernel_3/kernel/tkernel/task_manage.o
 .debug_line    0x000000000000b1c1      0xa37 ./mtkernel_3/kernel/tkernel/task_sync.o
 .debug_line    0x000000000000bbf8      0xf8c ./mtkernel_3/kernel/tkernel/time_calls.o
 .debug_line    0x000000000000cb84      0x8ce ./mtkernel_3/kernel/tkernel/timer.o
 .debug_line    0x000000000000d452      0x5b3 ./mtkernel_3/kernel/tkernel/tkinit.o
 .debug_line    0x000000000000da05      0x841 ./mtkernel_3/kernel/tkernel/wait.o
 .debug_line    0x000000000000e246      0x592 ./mtkernel_3/kernel/sysinit/sysinit.o
 .debug_line    0x000000000000e7d8      0x599 ./mtkernel_3/kernel/inittask/inittask.o
 .debug_line    0x000000000000ed71      0x503 ./mtkernel_3/device/common/drvif/msdrvif.o
 .debug_line    0x000000000000f274      0x920 ./mtkernel_3/device/ser/ser.o
 .debug_line    0x000000000000fb94      0x715 ./mtkernel_3/device/ser/sysdepend/nrf5/ser_nrf5.o
 .debug_line    0x00000000000102a9      0xa26 mtkernel_3/lib/radio/radio_driver.o
 .debug_line    0x0000000000010ccf      0x3b6 ./mtkernel_3/lib/libtm/sysdepend/microbit/tm_com.o
 .debug_line    0x0000000000011085      0x472 ./mtkernel_3/lib/libtk/sysdepend/cpu/nrf5/int_nrf5.o
 .debug_line    0x00000000000114f7      0x429 ./mtkernel_3/lib/libtk/sysdepend/cpu/core/armv7m/int_armv7m.o
 .debug_line    0x0000000000011920      0x6bd ./mtkernel_3/kernel/sysdepend/microbit/devinit.o
 .debug_line    0x0000000000011fdd      0x64c ./mtkernel_3/kernel/sysdepend/microbit/hw_setting.o
 .debug_line    0x0000000000012629      0x5d0 ./mtkernel_3/kernel/sysdepend/microbit/power_save.o
 .debug_line    0x0000000000012bf9      0x41c ./mtkernel_3/kernel/sysdepend/cpu/nrf5/cpu_clock.o
 .debug_line    0x0000000000013015      0x628 ./mtkernel_3/kernel/sysdepend/cpu/nrf5/vector_tbl.o
 .debug_line    0x000000000001363d      0x8ba ./mtkernel_3/kernel/sysdepend/cpu/core/armv7m/cpu_cntl.o
 .debug_line    0x0000000000013ef7       0x9c ./mtkernel_3/kernel/sysdepend/cpu/core/armv7m/dispatch.o
 .debug_line    0x0000000000013f93      0x776 ./mtkernel_3/kernel/sysdepend/cpu/core/armv7m/exc_hdr.o
 .debug_line    0x0000000000014709      0x751 ./mtkernel_3/kernel/sysdepend/cpu/core/armv7m/interrupt.o
 .debug_line    0x0000000000014e5a      0x734 ./mtkernel_3/kernel/sysdepend/cpu/core/armv7m/reset_hdl.o
 .debug_line    0x000000000001558e      0x4ce ./mtkernel_3/app_sample2/app_main.o
 .debug_line    0x0000000000015a5c       0xbe /usr/lib/gcc/arm-none-eabi/10.3.1/../../../arm-none-eabi/lib/thumb/v7e-m+fp/hard/libc.a(lib_a-memcpy.o)
 .debug_line    0x0000000000015b1a      0x1bf /usr/lib/gcc/arm-none-eabi/10.3.1/../../../arm-none-eabi/lib/thumb/v7e-m+fp/hard/libc.a(lib_a-memset.o)
 .debug_line    0x0000000000015cd9       0xaf /usr/lib/gcc/arm-none-eabi/10.3.1/../../../arm-none-eabi/lib/thumb/v7e-m+fp/hard/libc.a(lib_a-strlen.o)

.debug_str      0x0000000000000000    0x72ac2
 .debug_str     0x0000000000000000     0x6c56 ./mtkernel_3/lib/libtm/libtm.o
                                       0x6d0f (size before relaxing)
 .debug_str     0x0000000000006c56      0x1f5 ./mtkernel_3/lib/libtm/libtm_printf.o
                                       0x6ee6 (size before relaxing)
 .debug_str     0x0000000000006e4b       0x61 ./mtkernel_3/lib/libtk/fastlock.o
                                       0x6c9e (size before relaxing)
 .debug_str     0x0000000000006eac       0x6e ./mtkernel_3/lib/libtk/fastmlock.o
                                       0x6cab (size before relaxing)
 .debug_str     0x0000000000006f1a       0x43 ./mtkernel_3/lib/libtk/kmalloc.o
                                       0x6c5a (size before relaxing)
 .debug_str     0x0000000000006f5d      0xaf4 ./mtkernel_3/kernel/tstdlib/string.o
                                       0x772d (size before relaxing)
 .debug_str     0x0000000000007a51      0x8f3 ./mtkernel_3/kernel/tkernel/device.o
                                       0x8064 (size before relaxing)
 .debug_str     0x0000000000008344      0x297 ./mtkernel_3/kernel/tkernel/deviceio.o
                                       0x81d1 (size before relaxing)
 .debug_str     0x00000000000085db      0xa08 ./mtkernel_3/kernel/tkernel/eventflag.o
                                       0x8349 (size before relaxing)
 .debug_str     0x0000000000008fe3       0x51 ./mtkernel_3/kernel/tkernel/int.o
                                       0x802d (size before relaxing)
 .debug_str     0x0000000000009034      0x200 ./mtkernel_3/kernel/tkernel/mailbox.o
                                       0x83b5 (size before relaxing)
 .debug_str     0x0000000000009234      0x3a4 ./mtkernel_3/kernel/tkernel/memory.o
                                       0x7be6 (size before relaxing)
 .debug_str     0x00000000000095d8      0x250 ./mtkernel_3/kernel/tkernel/mempfix.o
                                       0x8413 (size before relaxing)
 .debug_str     0x0000000000009828      0x1d9 ./mtkernel_3/kernel/tkernel/mempool.o
                                       0x87a0 (size before relaxing)
 .debug_str     0x0000000000009a01      0x29e ./mtkernel_3/kernel/tkernel/messagebuf.o
                                       0x8464 (size before relaxing)
 .debug_str     0x0000000000009c9f      0x1d6 ./mtkernel_3/kernel/tkernel/mutex.o
                                       0x838e (size before relaxing)
 .debug_str     0x0000000000009e75       0x2c ./mtkernel_3/kernel/tkernel/power.o
                                       0x7da2 (size before relaxing)
 .debug_str     0x0000000000009ea1      0x156 ./mtkernel_3/kernel/tkernel/semaphore.o
                                       0x8325 (size before relaxing)
 .debug_str     0x0000000000009ff7      0x2f6 ./mtkernel_3/kernel/tkernel/task.o
                                       0x848f (size before relaxing)
 .debug_str     0x000000000000a2ed      0x164 ./mtkernel_3/kernel/tkernel/task_manage.o
                                       0x8478 (size before relaxing)
 .debug_str     0x000000000000a451       0x96 ./mtkernel_3/kernel/tkernel/task_sync.o
                                       0x8373 (size before relaxing)
 .debug_str     0x000000000000a4e7      0x4f4 ./mtkernel_3/kernel/tkernel/time_calls.o
                                       0x8699 (size before relaxing)
 .debug_str     0x000000000000a9db      0x12b ./mtkernel_3/kernel/tkernel/timer.o
                                       0x7ba6 (size before relaxing)
 .debug_str     0x000000000000ab06       0x2b ./mtkernel_3/kernel/tkernel/tkinit.o
                                       0x76d9 (size before relaxing)
 .debug_str     0x000000000000ab31      0x11a ./mtkernel_3/kernel/tkernel/wait.o
                                       0x7c01 (size before relaxing)
 .debug_str     0x000000000000ac4b       0x3b ./mtkernel_3/kernel/sysinit/sysinit.o
                                       0x7734 (size before relaxing)
 .debug_str     0x000000000000ac86       0xf0 ./mtkernel_3/kernel/inittask/inittask.o
                                       0x77e1 (size before relaxing)
 .debug_str     0x000000000000ad76      0x102 ./mtkernel_3/device/common/drvif/msdrvif.o
                                       0x6e47 (size before relaxing)
 .debug_str     0x000000000000ae78      0x609 ./mtkernel_3/device/ser/ser.o
                                       0x7355 (size before relaxing)
 .debug_str     0x000000000000b481       0xcf ./mtkernel_3/device/ser/sysdepend/nrf5/ser_nrf5.o
                                       0x71dc (size before relaxing)
 .debug_str     0x000000000000b550    0x66bc3 mtkernel_3/lib/radio/radio_driver.o
                                      0x6e89c (size before relaxing)
 .debug_str     0x0000000000072113       0x80 ./mtkernel_3/lib/libtm/sysdepend/microbit/tm_com.o
                                       0x5495 (size before relaxing)
 .debug_str     0x0000000000072193       0xad ./mtkernel_3/lib/libtk/sysdepend/cpu/nrf5/int_nrf5.o
                                       0x6cd4 (size before relaxing)
 .debug_str     0x0000000000072240       0x8e ./mtkernel_3/lib/libtk/sysdepend/cpu/core/armv7m/int_armv7m.o
                                       0x6cd4 (size before relaxing)
 .debug_str     0x00000000000722ce       0x93 ./mtkernel_3/kernel/sysdepend/microbit/devinit.o
                                       0x7963 (size before relaxing)
 .debug_str     0x0000000000072361       0x6f ./mtkernel_3/kernel/sysdepend/microbit/hw_setting.o
                                       0x776b (size before relaxing)
 .debug_str     0x00000000000723d0       0x3a ./mtkernel_3/kernel/sysdepend/microbit/power_save.o
                                       0x771c (size before relaxing)
 .debug_str     0x000000000007240a       0x46 ./mtkernel_3/kernel/sysdepend/cpu/nrf5/cpu_clock.o
                                       0x6ca8 (size before relaxing)
 .debug_str     0x0000000000072450       0xc1 ./mtkernel_3/kernel/sysdepend/cpu/nrf5/vector_tbl.o
                                       0x77a3 (size before relaxing)
 .debug_str     0x0000000000072511       0xfb ./mtkernel_3/kernel/sysdepend/cpu/core/armv7m/cpu_cntl.o
                                       0x7b46 (size before relaxing)
 .debug_str     0x000000000007260c       0x3b ./mtkernel_3/kernel/sysdepend/cpu/core/armv7m/dispatch.o
                                         0x85 (size before relaxing)
 .debug_str     0x0000000000072647       0xf2 ./mtkernel_3/kernel/sysdepend/cpu/core/armv7m/exc_hdr.o
                                       0x7a92 (size before relaxing)
 .debug_str     0x0000000000072739       0xb6 ./mtkernel_3/kernel/sysdepend/cpu/core/armv7m/interrupt.o
                                       0x787c (size before relaxing)
 .debug_str     0x00000000000727ef       0x77 ./mtkernel_3/kernel/sysdepend/cpu/core/armv7m/reset_hdl.o
                                       0x781b (size before relaxing)
 .debug_str     0x0000000000072866       0x4c ./mtkernel_3/app_sample2/app_main.o
                                       0x7947 (size before relaxing)
 .debug_str     0x00000000000728b2       0xb1 /usr/lib/gcc/arm-none-eabi/10.3.1/../../../arm-none-eabi/lib/thumb/v7e-m+fp/hard/libc.a(lib_a-memcpy.o)
 .debug_str     0x0000000000072963      0x11d /usr/lib/gcc/arm-none-eabi/10.3.1/../../../arm-none-eabi/lib/thumb/v7e-m+fp/hard/libc.a(lib_a-memset.o)
                                        0x1bb (size before relaxing)
 .debug_str     0x0000000000072a80       0x42 /usr/lib/gcc/arm-none-eabi/10.3.1/../../../arm-none-eabi/lib/thumb/v7e-m+fp/hard/libc.a(lib_a-strlen.o)
                                         0xb0 (size before relaxing)

.comment        0x0000000000000000       0x33
 .comment       0x0000000000000000       0x33 ./mtkernel_3/lib/libtm/libtm.o
                                         0x34 (size before relaxing)