Archive member included to satisfy reference by file (symbol)

/opt/gcc-arm-none-eabi/bin/../lib/gcc/arm-none-eabi/10.3.1/../../../../arm-none-eabi/lib/thumb/v7e-m+fp/hard/libg.a(lib_a-memcpy.o)
                              ./mtkernel_3/device/ser/sysdepend/nrf5/ser_nrf5.o (memcpy)

Discarded input sections

 .group         0x0000000000000000        0xc ./mtkernel_3/lib/libtm/libtm.o
 .group         0x0000000000000000        0xc ./mtkernel_3/lib/libtm/libtm.o
 .group         0x0000000000000000        0xc ./mtkernel_3/lib/libtm/libtm.o
 .group         0x0000000000000000        0xc ./mtkernel_3/lib/libtm/libtm.o
 .group         0x0000000000000000        0xc ./mtkernel_3/lib/libtm/libtm.o
 .group         0x0000000000000000        0xc ./mtkernel_3/lib/libtm/libtm.o
 .group         0x0000000000000000        0xc ./mtkernel_3/lib/libtm/libtm.o
 .group         0x0000000000000000        0xc ./mtkernel_3/lib/libtm/libtm.o
 .group         0x0000000000000000        0xc ./mtkernel_3/lib/libtm/libtm.o
 .group         0x0000000000000000        0xc ./mtkernel_3/lib/libtm/libtm.o
 .group         0x0000000000000000        0xc ./mtkernel_3/lib/libtm/libtm.o
 .group         0x0000000000000000        0xc ./mtkernel_3/lib/libtm/libtm.o
 .group         0x0000000000000000        0xc ./mtkernel_3/lib/libtm/libtm.o
 .group         0x0000000000000000        0xc ./mtkernel_3/lib/libtm/libtm.o
 .group         0x0000000000000000        0xc ./mtkernel_3/lib/libtm/libtm.o
 .group         0x0000000000000000        0xc ./mtkernel_3/lib/libtm/libtm.o
 .group         0x0000000000000000        0xc ./mtkernel_3/lib/libtm/libtm.o
 .group         0x0000000000000000        0xc ./mtkernel_3/lib/libtm/libtm.o
 .group         0x0000000000000000        0xc ./mtkernel_3/lib/libtm/libtm.o
 .group         0x0000000000000000        0xc ./mtkernel_3/lib/libtm/libtm.o
 .group         0x0000000000000000        0xc ./mtkernel_3/lib/libtm/libtm.o
 .group         0x0000000000000000        0xc ./mtkernel_3/lib/libtm/libtm.o
 .group         0x0000000000000000        0xc ./mtkernel_3/lib/libtm/libtm.o
 .group         0x0000000000000000        0xc ./mtkernel_3/lib/libtm/libtm.o
 .group         0x0000000000000000        0xc ./mtkernel_3/lib/libtm/libtm.o
 .group         0x0000000000000000        0xc ./mtkernel_3/lib/libtm/libtm_printf.o
 .group         0x0000000000000000        0xc ./mtkernel_3/lib/libtm/libtm_printf.o
 .group         0x0000000000000000        0xc ./mtkernel_3/lib/libtm/libtm_printf.o
 .group         0x0000000000000000        0xc ./mtkernel_3/lib/libtm/libtm_printf.o
 .group         0x0000000000000000        0xc ./mtkernel_3/lib/libtm/libtm_printf.o
 .group         0x0000000000000000        0xc ./mtkernel_3/lib/libtm/libtm_printf.o
 .group         0x0000000000000000        0xc ./mtkernel_3/lib/libtm/libtm_printf.o
 .group         0x0000000000000000        0xc ./mtkernel_3/lib/libtm/libtm_printf.o
 .group         0x0000000000000000        0xc ./mtkernel_3/lib/libtm/libtm_printf.o
 .group         0x0000000000000000        0xc ./mtkernel_3/lib/libtm/libtm_printf.o
 .group         0x0000000000000000        0xc ./mtkernel_3/lib/libtm/libtm_printf.o
 .group         0x0000000000000000        0xc ./mtkernel_3/lib/libtm/libtm_printf.o
 .group         0x0000000000000000        0xc ./mtkernel_3/lib/libtm/libtm_printf.o
 .group         0x0000000000000000        0xc ./mtkernel_3/lib/libtm/libtm_printf.o
 .group         0x0000000000000000        0xc ./mtkernel_3/lib/libtm/libtm_printf.o
 .group         0x0000000000000000        0xc ./mtkernel_3/lib/libtm/libtm_printf.o
 .group         0x0000000000000000        0xc ./mtkernel_3/lib/libtm/libtm_printf.o
 .group         0x0000000000000000        0xc ./mtkernel_3/lib/libtm/libtm_printf.o
 .group         0x0000000000000000        0xc ./mtkernel_3/lib/libtm/libtm_printf.o
 .group         0x0000000000000000        0xc ./mtkernel_3/lib/libtm/libtm_printf.o
 .group         0x0000000000000000        0xc ./mtkernel_3/lib/libtm/libtm_printf.o
 .group         0x0000000000000000        0xc ./mtkernel_3/lib/libtm/libtm_printf.o
 .group         0x0000000000000000        0xc ./mtkernel_3/lib/libtm/libtm_printf.o
 .group         0x0000000000000000        0xc ./mtkernel_3/lib/libtm/libtm_printf.o
 .group         0x0000000000000000        0xc ./mtkernel_3/lib/libtm/libtm_printf.o
 .group         0x0000000000000000        0xc ./mtkernel_3/lib/libtm/libtm_printf.o
 .debug_macro   0x0000000000000000      0xa6c ./mtkernel_3/lib/libtm/libtm_printf.o
 .debug_macro   0x0000000000000000      0x169 ./mtkernel_3/lib/libtm/libtm_printf.o
 .debug_macro   0x0000000000000000      0x29a ./mtkernel_3/lib/libtm/libtm_printf.o
 .debug_macro   0x0000000000000000       0x28 ./mtkernel_3/lib/libtm/libtm_printf.o
 .debug_macro   0x0000000000000000       0x1c ./mtkernel_3/lib/libtm/libtm_printf.o
 .debug_macro   0x0000000000000000       0x34 ./mtkernel_3/lib/libtm/libtm_printf.o
[...]
Memory Configuration

Name             Origin             Length             Attributes
RAM              0x0000000020000000 0x0000000000020000 xrw
ROM              0x0000000000000000 0x0000000000080000 xr
*default*        0x0000000000000000 0xffffffffffffffff

Linker script and memory map

LOAD /opt/gcc-arm-none-eabi/bin/../lib/gcc/arm-none-eabi/10.3.1/../../../../arm-none-eabi/lib/thumb/v7e-m+fp/hard/libc.a
LOAD /opt/gcc-arm-none-eabi/bin/../lib/gcc/arm-none-eabi/10.3.1/../../../../arm-none-eabi/lib/thumb/v7e-m+fp/hard/libnosys.a
LOAD ./mtkernel_3/lib/libtm/libtm.o
LOAD ./mtkernel_3/lib/libtm/libtm_printf.o
LOAD ./mtkernel_3/lib/libtk/fastlock.o
LOAD ./mtkernel_3/lib/libtk/fastmlock.o
LOAD ./mtkernel_3/lib/libtk/kmalloc.o
LOAD ./mtkernel_3/kernel/usermain/usermain.o
LOAD ./mtkernel_3/kernel/tstdlib/bitop.o
LOAD ./mtkernel_3/kernel/tstdlib/string.o
LOAD ./mtkernel_3/kernel/tkernel/cpuctl.o
LOAD ./mtkernel_3/kernel/tkernel/device.o
LOAD ./mtkernel_3/kernel/tkernel/deviceio.o
LOAD ./mtkernel_3/kernel/tkernel/eventflag.o
LOAD ./mtkernel_3/kernel/tkernel/int.o
LOAD ./mtkernel_3/kernel/tkernel/klock.o
LOAD ./mtkernel_3/kernel/tkernel/mailbox.o
LOAD ./mtkernel_3/kernel/tkernel/memory.o
LOAD ./mtkernel_3/kernel/tkernel/mempfix.o
LOAD ./mtkernel_3/kernel/tkernel/mempool.o
LOAD ./mtkernel_3/kernel/tkernel/messagebuf.o
LOAD ./mtkernel_3/kernel/tkernel/misc_calls.o
LOAD ./mtkernel_3/kernel/tkernel/mutex.o
LOAD ./mtkernel_3/kernel/tkernel/objname.o
LOAD ./mtkernel_3/kernel/tkernel/power.o
LOAD ./mtkernel_3/kernel/tkernel/rendezvous.o
LOAD ./mtkernel_3/kernel/tkernel/semaphore.o
LOAD ./mtkernel_3/kernel/tkernel/task.o
LOAD ./mtkernel_3/kernel/tkernel/task_manage.o
LOAD ./mtkernel_3/kernel/tkernel/task_sync.o
LOAD ./mtkernel_3/kernel/tkernel/time_calls.o
LOAD ./mtkernel_3/kernel/tkernel/timer.o
LOAD ./mtkernel_3/kernel/tkernel/tkinit.o
LOAD ./mtkernel_3/kernel/tkernel/wait.o
LOAD ./mtkernel_3/kernel/sysinit/sysinit.o
LOAD ./mtkernel_3/kernel/inittask/inittask.o
LOAD ./mtkernel_3/device/common/drvif/msdrvif.o
LOAD ./mtkernel_3/device/adc/adc.o
LOAD ./mtkernel_3/device/i2c/i2c.o
LOAD ./mtkernel_3/device/ser/ser.o
LOAD ./mtkernel_3/device/ser/sysdepend/nrf5/ser_nrf5.o
LOAD ./mtkernel_3/lib/libtm/sysdepend/microbit/tm_com.o
LOAD ./mtkernel_3/lib/libtm/sysdepend/no_device/tm_com.o
LOAD ./mtkernel_3/lib/libtk/sysdepend/cpu/nrf5/int_nrf5.o
LOAD ./mtkernel_3/lib/libtk/sysdepend/cpu/nrf5/ptimer_nrf5.o
LOAD ./mtkernel_3/lib/libtk/sysdepend/cpu/core/armv7m/int_armv7m.o
LOAD ./mtkernel_3/lib/libtk/sysdepend/cpu/core/armv7m/wusec_armv7m.o
LOAD ./mtkernel_3/kernel/sysdepend/microbit/devinit.o
LOAD ./mtkernel_3/kernel/sysdepend/microbit/hw_setting.o
LOAD ./mtkernel_3/kernel/sysdepend/microbit/power_save.o
LOAD ./mtkernel_3/kernel/sysdepend/cpu/nrf5/cpu_clock.o
LOAD ./mtkernel_3/kernel/sysdepend/cpu/nrf5/vector_tbl.o
LOAD ./mtkernel_3/kernel/sysdepend/cpu/core/armv7m/cpu_cntl.o
LOAD ./mtkernel_3/kernel/sysdepend/cpu/core/armv7m/dispatch.o
LOAD ./mtkernel_3/kernel/sysdepend/cpu/core/armv7m/exc_hdr.o
LOAD ./mtkernel_3/kernel/sysdepend/cpu/core/armv7m/interrupt.o
LOAD ./mtkernel_3/kernel/sysdepend/cpu/core/armv7m/reset_hdl.o
LOAD ./mtkernel_3/app_sample2/app_main.o
START GROUP
LOAD /opt/gcc-arm-none-eabi/bin/../lib/gcc/arm-none-eabi/10.3.1/thumb/v7e-m+fp/hard/libgcc.a
LOAD /opt/gcc-arm-none-eabi/bin/../lib/gcc/arm-none-eabi/10.3.1/../../../../arm-none-eabi/lib/thumb/v7e-m+fp/hard/libg.a
LOAD /opt/gcc-arm-none-eabi/bin/../lib/gcc/arm-none-eabi/10.3.1/../../../../arm-none-eabi/lib/thumb/v7e-m+fp/hard/libc.a
END GROUP

.text           0x0000000000000000     0xcad6
                0x0000000000000000                . = ALIGN (0x8)
                0x0000000000000000                __vector_org = .
 *(.vector)
 .vector        0x0000000000000000      0x100 ./mtkernel_3/kernel/sysdepend/cpu/nrf5/vector_tbl.o
                0x0000000000000000                vector_tbl
                0x0000000000000100                __start = .
 *(.text)
 .text          0x0000000000000100      0x134 ./mtkernel_3/lib/libtm/libtm.o
                0x0000000000000100                libtm_init
                0x000000000000010c                tm_getchar
                0x0000000000000136                tm_getline
                0x00000000000001ac                tm_putchar
                0x00000000000001f4                tm_putstring
 .text          0x0000000000000234      0x80c ./mtkernel_3/lib/libtm/libtm_printf.o
                0x0000000000000970                tm_printf
                0x00000000000009f6                tm_sprintf
 .text          0x0000000000000a40      0x150 ./mtkernel_3/lib/libtk/fastlock.o
                0x0000000000000a98                Lock
                0x0000000000000ac4                Unlock
                0x0000000000000aec                CreateLock
                0x0000000000000b68                DeleteLock
 .text          0x0000000000000b90      0x244 ./mtkernel_3/lib/libtk/fastmlock.o
                0x0000000000000c4e                MLockTmo
                0x0000000000000cba                MLock
                0x0000000000000cda                MUnlock
                0x0000000000000d1e                CreateMLock
                0x0000000000000d98                DeleteMLock
 .text          0x0000000000000dd4       0x66 ./mtkernel_3/lib/libtk/kmalloc.o
                0x0000000000000dd4                Kmalloc
                0x0000000000000dec                Kcalloc
                0x0000000000000e08                Krealloc
                0x0000000000000e24                Kfree
 .text          0x0000000000000e3a       0x10 ./mtkernel_3/kernel/usermain/usermain.o
 .text          0x0000000000000e4a        0x0 ./mtkernel_3/kernel/tstdlib/bitop.o
 .text          0x0000000000000e4a      0x1f2 ./mtkernel_3/kernel/tstdlib/string.o
                0x0000000000000e4a                knl_memset
                0x0000000000000ee2                knl_memcpy
                0x0000000000000f16                knl_strlen
                0x0000000000000f38                knl_strcpy
                0x0000000000000f66                knl_strncpy
                0x0000000000000fb8                knl_strcmp
                0x0000000000000ffe                knl_strcat
 .text          0x000000000000103c      0x4b4 ./mtkernel_3/kernel/tkernel/cpuctl.o
                0x000000000000105c                tk_dis_dsp
                0x0000000000001098                tk_ena_dsp
                0x00000000000010e8                tk_set_reg
                0x00000000000011d8                tk_get_reg
                0x00000000000012c8                tk_set_cpr
                0x00000000000013dc                tk_get_cpr
 .text          0x00000000000014f0      0x930 ./mtkernel_3/kernel/tkernel/device.o
                0x0000000000001600                knl_searchDevCB
                0x00000000000016d0                tk_def_dev
                0x000000000000182c                tk_ref_idv
                0x0000000000001860                knl_phydevnm
                0x0000000000001974                tk_get_dev
                0x0000000000001a14                tk_ref_dev
                0x0000000000001abc                tk_oref_dev
                0x0000000000001b54                tk_lst_dev
                0x0000000000001c1c                tk_evt_dev
                0x0000000000001d74                knl_initialize_devmgr
                0x0000000000001df4                knl_finish_devmgr
 .text          0x0000000000001e20     0x11c0 ./mtkernel_3/kernel/tkernel/deviceio.o
                0x0000000000001f02                knl_GetResCB
                0x0000000000001f34                knl_check_devdesc
                0x0000000000001fa0                knl_delOpnCB
                0x0000000000001fe0                knl_delReqCB
                0x000000000000200c                knl_chkopen
                0x00000000000021d6                tk_opn_dev
                0x0000000000002568                knl_close_device
                0x0000000000002678                tk_cls_dev
                0x0000000000002710                knl_request
                0x00000000000028d0                tk_rea_dev
                0x00000000000028fe                tk_srea_dev
                0x0000000000002956                tk_wri_dev
                0x0000000000002984                tk_swri_dev
                0x0000000000002a28                tk_wai_dev
                0x0000000000002d94                tk_sus_dev
                0x0000000000002e94                knl_devmgr_startup
                0x0000000000002ec0                knl_devmgr_cleanup
                0x0000000000002f3c                knl_initDevIO
                0x0000000000002fd0                knl_finishDevIO
 .text          0x0000000000002fe0      0x6cc ./mtkernel_3/kernel/tkernel/eventflag.o
                0x00000000000030fa                knl_eventflag_initialize
                0x0000000000003144                tk_cre_flg
                0x0000000000003204                tk_del_flg
                0x00000000000032a4                tk_set_flg
                0x00000000000033b4                tk_clr_flg
                0x000000000000347c                tk_wai_flg
                0x0000000000003608                tk_ref_flg
 .text          0x00000000000036ac       0xa0 ./mtkernel_3/kernel/tkernel/int.o
                0x00000000000036ac                tk_def_int
                0x0000000000003740                tk_ret_int
 .text          0x000000000000374c      0x3dc ./mtkernel_3/kernel/tkernel/klock.o
                0x00000000000039aa                knl_LockOBJ
                0x0000000000003a7c                knl_UnlockOBJ
 .text          0x0000000000003b28      0x5b4 ./mtkernel_3/kernel/tkernel/mailbox.o
                0x0000000000003c40                knl_mailbox_initialize
                0x0000000000003c8c                tk_cre_mbx
                0x0000000000003d48                tk_del_mbx
                0x0000000000003de8                tk_snd_mbx
                0x0000000000003f20                tk_rcv_mbx
                0x0000000000004038                tk_ref_mbx
 .text          0x00000000000040dc      0x58c ./mtkernel_3/kernel/tkernel/memory.o
                0x0000000000004160                knl_searchFreeArea
                0x00000000000041fe                knl_appendFreeArea
                0x00000000000042ac                knl_removeFreeQue
                0x0000000000004320                knl_insertAreaQue
                0x000000000000435e                knl_removeAreaQue
                0x000000000000439c                knl_Imalloc
                0x0000000000004448                knl_Icalloc
                0x0000000000004482                knl_Irealloc
                0x00000000000044ea                knl_Ifree
                0x000000000000459c                knl_init_Imalloc
 .text          0x0000000000004668      0x734 ./mtkernel_3/kernel/tkernel/mempfix.o
                0x0000000000004770                knl_fix_memorypool_initialize
                0x00000000000047c4                tk_cre_mpf
                0x0000000000004940                tk_del_mpf
                0x0000000000004a58                tk_get_mpf
                0x0000000000004bbc                tk_rel_mpf
                0x0000000000004cdc                tk_ref_mpf
 .text          0x0000000000004d9c      0xa90 ./mtkernel_3/kernel/tkernel/mempool.o
                0x0000000000004ebe                knl_memorypool_initialize
                0x000000000000515a                knl_mpl_wakeup
                0x0000000000005200                tk_cre_mpl
                0x0000000000005370                tk_del_mpl
                0x00000000000054ba                tk_get_mpl
                0x0000000000005620                tk_rel_mpl
                0x000000000000570c                tk_ref_mpl
 .text          0x000000000000582c      0x9f8 ./mtkernel_3/kernel/tkernel/messagebuf.o
                0x000000000000594a                knl_messagebuffer_initialize
                0x0000000000005aa4                tk_cre_mbf
                0x0000000000005c18                tk_del_mbf
                0x0000000000005d3a                tk_snd_mbf
                0x0000000000005faa                tk_rcv_mbf
                0x0000000000006128                tk_ref_mbf
 .text          0x0000000000006224      0x164 ./mtkernel_3/kernel/tkernel/misc_calls.o
                0x0000000000006244                tk_ref_sys
                0x0000000000006340                tk_ref_ver
 .text          0x0000000000006388      0x97c ./mtkernel_3/kernel/tkernel/mutex.o
                0x00000000000064b0                knl_mutex_initialize
                0x00000000000064fc                knl_release_mutex
                0x00000000000065a0                knl_signal_all_mutex
                0x0000000000006626                knl_chg_pri_mutex
                0x0000000000006708                tk_cre_mtx
                0x00000000000067f8                tk_del_mtx
                0x000000000000695c                tk_loc_mtx
                0x0000000000006b44                tk_unl_mtx
                0x0000000000006c58                tk_ref_mtx
 .text          0x0000000000006d04        0x0 ./mtkernel_3/kernel/tkernel/objname.o
 .text          0x0000000000006d04        0x0 ./mtkernel_3/kernel/tkernel/power.o
 .text          0x0000000000006d04        0x0 ./mtkernel_3/kernel/tkernel/rendezvous.o
 .text          0x0000000000006d04      0x630 ./mtkernel_3/kernel/tkernel/semaphore.o
                0x0000000000006db0                knl_semaphore_initialize
                0x0000000000006dfc                tk_cre_sem
                0x0000000000006ef0                tk_del_sem
                0x0000000000006f90                tk_sig_sem
                0x000000000000713e                tk_wai_sem
                0x0000000000007290                tk_ref_sem
 .text          0x0000000000007334      0x5ac ./mtkernel_3/kernel/tkernel/task.o
                0x00000000000076b6                knl_task_initialize
                0x0000000000007738                knl_make_dormant
                0x00000000000077ae                knl_make_ready
                0x00000000000077e4                knl_make_non_ready
                0x000000000000781c                knl_change_task_priority
                0x0000000000007894                knl_rotate_ready_queue
                0x00000000000078b4                knl_rotate_ready_queue_run
 .text          0x00000000000078e0      0xad0 ./mtkernel_3/kernel/tkernel/task_manage.o
                0x0000000000007a64                tk_cre_tsk
                0x0000000000007bf4                tk_del_tsk
                0x0000000000007cd0                tk_sta_tsk
                0x0000000000007e0e                tk_ext_tsk
                0x0000000000007e90                tk_exd_tsk
                0x0000000000007f08                tk_ter_tsk
                0x000000000000800c                tk_chg_pri
                0x0000000000008110                tk_rot_rdq
                0x00000000000081a8                tk_get_tid
                0x00000000000081cc                tk_ref_tsk
                0x00000000000082f0                tk_rel_wai
 .text          0x00000000000083b0      0x774 ./mtkernel_3/kernel/tkernel/task_sync.o
                0x0000000000008416                tk_sus_tsk
                0x0000000000008554                tk_rsm_tsk
                0x0000000000008694                tk_frsm_tsk
                0x00000000000087b4                tk_slp_tsk
                0x000000000000888c                tk_wup_tsk
                0x00000000000089a8                tk_can_wup
                0x0000000000008a6c                tk_dly_tsk
 .text          0x0000000000008b24      0xea8 ./mtkernel_3/kernel/tkernel/time_calls.o
                0x0000000000008d98                tk_set_utc
                0x0000000000008e10                tk_get_utc
                0x0000000000008e8c                tk_set_tim
                0x0000000000008f20                tk_get_tim
                0x0000000000008fb8                tk_get_otm
                0x0000000000009020                knl_cyclichandler_initialize
                0x0000000000009068                knl_call_cychdr
                0x00000000000090d2                tk_cre_cyc
                0x0000000000009208                tk_del_cyc
                0x00000000000092b4                tk_sta_cyc
                0x00000000000093bc                tk_stp_cyc
                0x0000000000009464                tk_ref_cyc
                0x0000000000009558                knl_alarmhandler_initialize
                0x00000000000095a0                knl_call_almhdr
                0x00000000000095d2                tk_cre_alm
                0x0000000000009698                tk_del_alm
                0x0000000000009774                tk_sta_alm
                0x0000000000009840                tk_stp_alm
                0x00000000000098e8                tk_ref_alm
 .text          0x00000000000099cc      0x3a4 ./mtkernel_3/kernel/tkernel/timer.o
                0x0000000000009b50                knl_timer_startup
                0x0000000000009b8c                knl_timer_shutdown
                0x0000000000009bf8                knl_timer_insert
                0x0000000000009c48                knl_timer_insert_reltim
                0x0000000000009c88                knl_timer_insert_abs
                0x0000000000009cb6                knl_timer_handler
 .text          0x0000000000009d70       0xb0 ./mtkernel_3/kernel/tkernel/tkinit.o
                0x0000000000009d70                knl_init_object
 .text          0x0000000000009e20      0x3f0 ./mtkernel_3/kernel/tkernel/wait.o
                0x0000000000009f6a                knl_wait_release_ok
                0x0000000000009f88                knl_wait_release_ok_ercd
                0x0000000000009fa8                knl_wait_release_ng
                0x0000000000009fdc                knl_wait_release_tmout
                0x000000000000a00e                knl_make_wait
                0x000000000000a070                knl_make_wait_reltim
                0x000000000000a0d4                knl_wait_delete
                0x000000000000a10a                knl_wait_tskid
                0x000000000000a130                knl_gcb_make_wait
                0x000000000000a19c                knl_gcb_change_priority
                0x000000000000a1c0                knl_gcb_top_of_wait_queue
 .text          0x000000000000a210       0xe0 ./mtkernel_3/kernel/sysinit/sysinit.o
                0x000000000000a210                main
                0x000000000000a2e0                knl_tkernel_exit
 .text          0x000000000000a2f0       0xa8 ./mtkernel_3/kernel/inittask/inittask.o
 .text          0x000000000000a398      0x2a4 ./mtkernel_3/device/common/drvif/msdrvif.o
                0x000000000000a512                msdi_def_dev
                0x000000000000a600                msdi_del_dev
 .text          0x000000000000a63c        0x0 ./mtkernel_3/device/adc/adc.o
 .text          0x000000000000a63c        0x0 ./mtkernel_3/device/i2c/i2c.o
 .text          0x000000000000a63c      0x7dc ./mtkernel_3/device/ser/ser.o
                0x000000000000a664                dev_ser_get_snddat
                0x000000000000a6d8                dev_ser_notify_rcv
                0x000000000000a750                dev_ser_notify_err
                0x000000000000abb4                dev_ser_openfn
                0x000000000000abfa                dev_ser_closefn
                0x000000000000ac26                dev_ser_readfn
                0x000000000000ac72                dev_ser_writefn
                0x000000000000acbe                dev_ser_eventfn
                0x000000000000acda                dev_init_ser
 .text          0x000000000000ae18      0x470 ./mtkernel_3/device/ser/sysdepend/nrf5/ser_nrf5.o
                0x000000000000b14c                dev_ser_llctl
                0x000000000000b210                dev_ser_llinit
 .text          0x000000000000b288      0x1ac ./mtkernel_3/lib/libtm/sysdepend/microbit/tm_com.o
                0x000000000000b2bc                tm_snd_dat
                0x000000000000b310                tm_rcv_dat
                0x000000000000b364                tm_com_init
 .text          0x000000000000b434        0x0 ./mtkernel_3/lib/libtm/sysdepend/no_device/tm_com.o
 .text          0x000000000000b434      0x11c ./mtkernel_3/lib/libtk/sysdepend/cpu/nrf5/int_nrf5.o
                0x000000000000b4c8                EnableInt
                0x000000000000b4e2                DisableInt
                0x000000000000b4f8                ClearInt
                0x000000000000b50e                EndOfInt
                0x000000000000b522                CheckInt
                0x000000000000b53a                SetIntMode
 .text          0x000000000000b550      0x3c0 ./mtkernel_3/lib/libtk/sysdepend/cpu/nrf5/ptimer_nrf5.o
                0x000000000000b634                StartPhysicalTimer
                0x000000000000b7cc                StopPhysicalTimer
                0x000000000000b822                GetPhysicalTimerCount
                0x000000000000b86c                DefinePhysicalTimerHandler
                0x000000000000b8d0                GetPhysicalTimerConfig
 .text          0x000000000000b910       0xe6 ./mtkernel_3/lib/libtk/sysdepend/cpu/core/armv7m/int_armv7m.o
                0x000000000000b910                set_basepri
                0x000000000000b92a                get_basepri
                0x000000000000b944                disint
                0x000000000000b968                SetCpuIntLevel
                0x000000000000b984                GetCpuIntLevel
                0x000000000000b9aa                EnableInt_nvic
 *fill*         0x000000000000b9f6        0x2 
 .text          0x000000000000b9f8      0x11c ./mtkernel_3/lib/libtk/sysdepend/cpu/core/armv7m/wusec_armv7m.o
                0x000000000000ba98                WaitUsec
                0x000000000000bacc                WaitNsec
 .text          0x000000000000bb14       0x42 ./mtkernel_3/kernel/sysdepend/microbit/devinit.o
                0x000000000000bb14                knl_init_device
                0x000000000000bb24                knl_start_device
                0x000000000000bb46                knl_finish_device
 *fill*         0x000000000000bb56        0x2 
 .text          0x000000000000bb58       0xc8 ./mtkernel_3/kernel/sysdepend/microbit/hw_setting.o
                0x000000000000bb74                knl_startup_hw
                0x000000000000bbb0                knl_shutdown_hw
                0x000000000000bbba                knl_restart_hw
 .text          0x000000000000bc20       0x1c ./mtkernel_3/kernel/sysdepend/microbit/power_save.o
                0x000000000000bc20                low_pow
                0x000000000000bc2e                off_pow
 .text          0x000000000000bc3c       0xb8 ./mtkernel_3/kernel/sysdepend/cpu/nrf5/cpu_clock.o
                0x000000000000bc70                startup_clock
                0x000000000000bce4                shutdown_clock
 .text          0x000000000000bcf4        0x0 ./mtkernel_3/kernel/sysdepend/cpu/nrf5/vector_tbl.o
 .text          0x000000000000bcf4      0x2dc ./mtkernel_3/kernel/sysdepend/cpu/core/armv7m/cpu_cntl.o
                0x000000000000bcf4                knl_set_reg
                0x000000000000bdbc                knl_get_reg
                0x000000000000be90                knl_set_cpr
                0x000000000000bf0c                knl_get_cpr
                0x000000000000bf86                knl_force_dispatch
                0x000000000000bfb4                knl_dispatch
 .text          0x000000000000bfd0       0xb4 ./mtkernel_3/kernel/sysdepend/cpu/core/armv7m/dispatch.o
                0x000000000000bfd0                knl_dispatch_entry
 .text          0x000000000000c084      0x10c ./mtkernel_3/kernel/sysdepend/cpu/core/armv7m/exc_hdr.o
                0x000000000000c084                NMI_Handler
                0x000000000000c094                HardFault_Handler
                0x000000000000c0f4                MemManage_Handler
                0x000000000000c104                BusFault_Handler
                0x000000000000c114                UsageFault_Handler
                0x000000000000c124                Svcall_Handler
                0x000000000000c134                DebugMon_Handler
                0x000000000000c144                Default_Handler
 .text          0x000000000000c190      0x11c ./mtkernel_3/kernel/sysdepend/cpu/core/armv7m/interrupt.o
                0x000000000000c1e4                knl_hll_inthdr
                0x000000000000c218                knl_systim_inthdr
                0x000000000000c22c                knl_define_inthdr
                0x000000000000c28c                knl_return_inthdr
                0x000000000000c29a                knl_init_interrupt
 .text          0x000000000000c2ac      0x148 ./mtkernel_3/kernel/sysdepend/cpu/core/armv7m/reset_hdl.o
                0x000000000000c2ac                Reset_Handler
 .text          0x000000000000c3f4       0x48 ./mtkernel_3/app_sample2/app_main.o
                0x000000000000c3f4                usermain
 .text          0x000000000000c43c      0x134 /opt/gcc-arm-none-eabi/bin/../lib/gcc/arm-none-eabi/10.3.1/../../../../arm-none-eabi/lib/thumb/v7e-m+fp/hard/libg.a(lib_a-memcpy.o)
                0x000000000000c43c                memcpy
 *(.text.*)
 *(.rodata)
 .rodata        0x000000000000c570        0x2 ./mtkernel_3/lib/libtm/libtm.o
 *fill*         0x000000000000c572        0x2 
 .rodata        0x000000000000c574       0x30 ./mtkernel_3/lib/libtm/libtm_printf.o
 .rodata        0x000000000000c5a4        0x5 ./mtkernel_3/lib/libtk/fastlock.o
 *fill*         0x000000000000c5a9        0x3 
 .rodata        0x000000000000c5ac        0x5 ./mtkernel_3/lib/libtk/fastmlock.o
 *fill*         0x000000000000c5b1        0x3 
 .rodata        0x000000000000c5b4        0x5 ./mtkernel_3/kernel/tkernel/device.o
 *fill*         0x000000000000c5b9        0x3 
 .rodata        0x000000000000c5bc       0x10 ./mtkernel_3/kernel/tkernel/deviceio.o
 .rodata        0x000000000000c5cc       0x18 ./mtkernel_3/kernel/tkernel/eventflag.o
 .rodata        0x000000000000c5e4       0x18 ./mtkernel_3/kernel/tkernel/mailbox.o
 .rodata        0x000000000000c5fc       0x18 ./mtkernel_3/kernel/tkernel/mempfix.o
 .rodata        0x000000000000c614       0x18 ./mtkernel_3/kernel/tkernel/mempool.o
 .rodata        0x000000000000c62c       0x24 ./mtkernel_3/kernel/tkernel/messagebuf.o
 .rodata        0x000000000000c650       0x24 ./mtkernel_3/kernel/tkernel/mutex.o
 .rodata        0x000000000000c674       0x18 ./mtkernel_3/kernel/tkernel/semaphore.o
 .rodata        0x000000000000c68c       0xc0 ./mtkernel_3/kernel/tkernel/task_manage.o
 .rodata        0x000000000000c74c       0x18 ./mtkernel_3/kernel/tkernel/task_sync.o
 .rodata        0x000000000000c764       0xd8 ./mtkernel_3/kernel/sysinit/sysinit.o
 .rodata        0x000000000000c83c       0x6d ./mtkernel_3/kernel/inittask/inittask.o
                0x000000000000c83c                knl_init_ctsk
 *fill*         0x000000000000c8a9        0x3 
 .rodata        0x000000000000c8ac        0x4 ./mtkernel_3/device/ser/ser.o
 .rodata        0x000000000000c8b0       0x98 ./mtkernel_3/device/ser/sysdepend/nrf5/ser_nrf5.o
 .rodata        0x000000000000c948       0x7b ./mtkernel_3/kernel/sysdepend/microbit/hw_setting.o
 *fill*         0x000000000000c9c3        0x1 
 .rodata        0x000000000000c9c4       0xca ./mtkernel_3/kernel/sysdepend/cpu/core/armv7m/exc_hdr.o
 *fill*         0x000000000000ca8e        0x2 
 .rodata        0x000000000000ca90       0x46 ./mtkernel_3/app_sample2/app_main.o
 *(.rodata.*)

.glue_7         0x000000000000cad8        0x0
 .glue_7        0x000000000000cad8        0x0 linker stubs

.glue_7t        0x000000000000cad8        0x0
 .glue_7t       0x000000000000cad8        0x0 linker stubs

.vfp11_veneer   0x000000000000cad8        0x0
 .vfp11_veneer  0x000000000000cad8        0x0 linker stubs

.v4_bx          0x000000000000cad8        0x0
 .v4_bx         0x000000000000cad8        0x0 linker stubs

.iplt           0x000000000000cad8        0x0
 .iplt          0x000000000000cad8        0x0 ./mtkernel_3/lib/libtm/libtm.o

.rel.dyn        0x000000000000cad8        0x0
 .rel.iplt      0x000000000000cad8        0x0 ./mtkernel_3/lib/libtm/libtm.o
                0x000000000000cad8                . = ALIGN (0x4)
                0x000000000000cad8                __data_org = .

vector          0x0000000020000000      0x100
                0x0000000020000000                __vector_start = .
 *(.data_vector)
 .data_vector   0x0000000020000000      0x100 ./mtkernel_3/kernel/sysdepend/cpu/core/armv7m/interrupt.o
                0x0000000020000000                exchdr_tbl
                0x0000000020000100                __vector_end = .

.data           0x0000000020000100       0x4c load address 0x000000000000cad8
                0x0000000020000100                __data_start = .
 *(.data)
 .data          0x0000000020000100        0x0 ./mtkernel_3/lib/libtm/libtm.o
 .data          0x0000000020000100        0x0 ./mtkernel_3/lib/libtm/libtm_printf.o
 .data          0x0000000020000100        0x0 ./mtkernel_3/lib/libtk/fastlock.o
 .data          0x0000000020000100        0x0 ./mtkernel_3/lib/libtk/fastmlock.o
 .data          0x0000000020000100        0x0 ./mtkernel_3/lib/libtk/kmalloc.o
 .data          0x0000000020000100        0x0 ./mtkernel_3/kernel/usermain/usermain.o
 .data          0x0000000020000100        0x0 ./mtkernel_3/kernel/tstdlib/bitop.o
 .data          0x0000000020000100        0x0 ./mtkernel_3/kernel/tstdlib/string.o
 .data          0x0000000020000100        0x0 ./mtkernel_3/kernel/tkernel/cpuctl.o
 .data          0x0000000020000100        0x0 ./mtkernel_3/kernel/tkernel/device.o
 .data          0x0000000020000100        0x0 ./mtkernel_3/kernel/tkernel/deviceio.o
 .data          0x0000000020000100        0x0 ./mtkernel_3/kernel/tkernel/eventflag.o
 .data          0x0000000020000100        0x0 ./mtkernel_3/kernel/tkernel/int.o
 .data          0x0000000020000100        0x0 ./mtkernel_3/kernel/tkernel/klock.o
 .data          0x0000000020000100        0x0 ./mtkernel_3/kernel/tkernel/mailbox.o
 .data          0x0000000020000100        0x0 ./mtkernel_3/kernel/tkernel/memory.o
 .data          0x0000000020000100        0x0 ./mtkernel_3/kernel/tkernel/mempfix.o
 .data          0x0000000020000100        0x0 ./mtkernel_3/kernel/tkernel/mempool.o
 .data          0x0000000020000100        0x0 ./mtkernel_3/kernel/tkernel/messagebuf.o
 .data          0x0000000020000100        0x0 ./mtkernel_3/kernel/tkernel/misc_calls.o
 .data          0x0000000020000100        0x0 ./mtkernel_3/kernel/tkernel/mutex.o
 .data          0x0000000020000100        0x0 ./mtkernel_3/kernel/tkernel/objname.o
 .data          0x0000000020000100        0x0 ./mtkernel_3/kernel/tkernel/power.o
 .data          0x0000000020000100        0x0 ./mtkernel_3/kernel/tkernel/rendezvous.o
 .data          0x0000000020000100        0x0 ./mtkernel_3/kernel/tkernel/semaphore.o
 .data          0x0000000020000100        0x0 ./mtkernel_3/kernel/tkernel/task.o
 .data          0x0000000020000100        0x0 ./mtkernel_3/kernel/tkernel/task_manage.o
 .data          0x0000000020000100        0x0 ./mtkernel_3/kernel/tkernel/task_sync.o
 .data          0x0000000020000100        0x0 ./mtkernel_3/kernel/tkernel/time_calls.o
 .data          0x0000000020000100        0x0 ./mtkernel_3/kernel/tkernel/timer.o
 .data          0x0000000020000100        0x0 ./mtkernel_3/kernel/tkernel/tkinit.o
 .data          0x0000000020000100        0x0 ./mtkernel_3/kernel/tkernel/wait.o
 .data          0x0000000020000100        0x0 ./mtkernel_3/kernel/sysinit/sysinit.o
 .data          0x0000000020000100        0x0 ./mtkernel_3/kernel/inittask/inittask.o
 .data          0x0000000020000100        0x0 ./mtkernel_3/device/common/drvif/msdrvif.o
 .data          0x0000000020000100        0x0 ./mtkernel_3/device/adc/adc.o
 .data          0x0000000020000100        0x0 ./mtkernel_3/device/i2c/i2c.o
 .data          0x0000000020000100        0x0 ./mtkernel_3/device/ser/ser.o
 .data          0x0000000020000100       0x10 ./mtkernel_3/device/ser/sysdepend/nrf5/ser_nrf5.o
 .data          0x0000000020000110        0x0 ./mtkernel_3/lib/libtm/sysdepend/microbit/tm_com.o
 .data          0x0000000020000110        0x0 ./mtkernel_3/lib/libtm/sysdepend/no_device/tm_com.o
 .data          0x0000000020000110        0x0 ./mtkernel_3/lib/libtk/sysdepend/cpu/nrf5/int_nrf5.o
 .data          0x0000000020000110       0x3c ./mtkernel_3/lib/libtk/sysdepend/cpu/nrf5/ptimer_nrf5.o
 .data          0x000000002000014c        0x0 ./mtkernel_3/lib/libtk/sysdepend/cpu/core/armv7m/int_armv7m.o
 .data          0x000000002000014c        0x0 ./mtkernel_3/lib/libtk/sysdepend/cpu/core/armv7m/wusec_armv7m.o
 .data          0x000000002000014c        0x0 ./mtkernel_3/kernel/sysdepend/microbit/devinit.o
 .data          0x000000002000014c        0x0 ./mtkernel_3/kernel/sysdepend/microbit/hw_setting.o
 .data          0x000000002000014c        0x0 ./mtkernel_3/kernel/sysdepend/microbit/power_save.o
 .data          0x000000002000014c        0x0 ./mtkernel_3/kernel/sysdepend/cpu/nrf5/cpu_clock.o
 .data          0x000000002000014c        0x0 ./mtkernel_3/kernel/sysdepend/cpu/nrf5/vector_tbl.o
 .data          0x000000002000014c        0x0 ./mtkernel_3/kernel/sysdepend/cpu/core/armv7m/cpu_cntl.o
 .data          0x000000002000014c        0x0 ./mtkernel_3/kernel/sysdepend/cpu/core/armv7m/dispatch.o
 .data          0x000000002000014c        0x0 ./mtkernel_3/kernel/sysdepend/cpu/core/armv7m/exc_hdr.o
 .data          0x000000002000014c        0x0 ./mtkernel_3/kernel/sysdepend/cpu/core/armv7m/interrupt.o
 .data          0x000000002000014c        0x0 ./mtkernel_3/kernel/sysdepend/cpu/core/armv7m/reset_hdl.o
 .data          0x000000002000014c        0x0 ./mtkernel_3/app_sample2/app_main.o
 .data          0x000000002000014c        0x0 /opt/gcc-arm-none-eabi/bin/../lib/gcc/arm-none-eabi/10.3.1/../../../../arm-none-eabi/lib/thumb/v7e-m+fp/hard/libg.a(lib_a-memcpy.o)
 *(.data.*)
                0x000000002000014c                . = ALIGN (0x4)
                0x000000002000014c                __data_end = .

.igot.plt       0x000000002000014c        0x0 load address 0x000000000000cb24
 .igot.plt      0x000000002000014c        0x0 ./mtkernel_3/lib/libtm/libtm.o

.bss            0x000000002000014c     0x24b4 load address 0x000000000000cb24
                0x000000002000014c                __bss_start = .
                [!provide]                        PROVIDE (__noinit_start = .)
 *(.noinit)
 .noinit        0x000000002000014c      0x264 ./mtkernel_3/kernel/tkernel/device.o
                0x000000002000014c                knl_DevMgrLock
                0x000000002000015c                knl_DefaultIDev
                0x0000000020000160                knl_DevCBtbl
                0x00000000200003a0                knl_UsedDevCB
                0x00000000200003a8                knl_FreeDevCB
 .noinit        0x00000000200003b0      0x75c ./mtkernel_3/kernel/tkernel/deviceio.o
                0x00000000200003b0                knl_OpnCBtbl
                0x00000000200007b0                knl_FreeOpnCB
                0x00000000200007b8                knl_ReqCBtbl
                0x0000000020000af8                knl_FreeReqCB
                0x0000000020000b00                knl_resource_control_block
 .noinit        0x0000000020000b0c      0x188 ./mtkernel_3/kernel/tkernel/eventflag.o
                0x0000000020000b0c                knl_flgcb_table
                0x0000000020000c8c                knl_free_flgcb
 .noinit        0x0000000020000c94       0xe8 ./mtkernel_3/kernel/tkernel/mailbox.o
                0x0000000020000c94                knl_mbxcb_table
                0x0000000020000d74                knl_free_mbxcb
 .noinit        0x0000000020000d7c        0x4 ./mtkernel_3/kernel/tkernel/memory.o
                0x0000000020000d7c                knl_imacb
 .noinit        0x0000000020000d80      0x1c8 ./mtkernel_3/kernel/tkernel/mempfix.o
                0x0000000020000d80                knl_mpfcb_table
                0x0000000020000f40                knl_free_mpfcb
 .noinit        0x0000000020000f48       0xd8 ./mtkernel_3/kernel/tkernel/mempool.o
                0x0000000020000f48                knl_mplcb_table
                0x0000000020001018                knl_free_mplcb
 .noinit        0x0000000020001020      0x1a8 ./mtkernel_3/kernel/tkernel/messagebuf.o
                0x0000000020001020                knl_mbfcb_table
                0x00000000200011c0                knl_free_mbfcb
 .noinit        0x00000000200011c8       0x88 ./mtkernel_3/kernel/tkernel/mutex.o
                0x00000000200011c8                knl_mtxcb_table
                0x0000000020001248                knl_free_mtxcb
 .noinit        0x0000000020001250      0x1c8 ./mtkernel_3/kernel/tkernel/semaphore.o
                0x0000000020001250                knl_semcb_table
                0x0000000020001410                knl_free_semcb
 .noinit        0x0000000020001418      0xe24 ./mtkernel_3/kernel/tkernel/task.o
                0x0000000020001418                knl_dispatch_disabled
                0x000000002000141c                knl_ctxtsk
                0x0000000020001420                knl_schedtsk
                0x0000000020001424                knl_ready_queue
                0x0000000020001534                knl_tcb_table
                0x0000000020002234                knl_free_tcb
 .noinit        0x000000002000223c      0x1d0 ./mtkernel_3/kernel/tkernel/time_calls.o
                0x000000002000223c                knl_cyccb_table
                0x00000000200022dc                knl_free_cyccb
                0x00000000200022e4                knl_almcb_table
                0x0000000020002404                knl_free_almcb
 *fill*         0x000000002000240c        0x4 
 .noinit        0x0000000020002410       0x18 ./mtkernel_3/kernel/tkernel/timer.o
                0x0000000020002410                knl_current_time
                0x0000000020002418                knl_real_time_ofs
                0x0000000020002420                knl_timer_queue
 .noinit        0x0000000020002428      0x100 ./mtkernel_3/kernel/sysdepend/cpu/core/armv7m/cpu_cntl.o
                0x0000000020002428                knl_tmp_stack
 .noinit        0x0000000020002528       0xc0 ./mtkernel_3/kernel/sysdepend/cpu/core/armv7m/interrupt.o
                [!provide]                        PROVIDE (__noinit_end = .)
 *(.bss)
 .bss           0x00000000200025e8        0x0 ./mtkernel_3/lib/libtm/libtm.o
 .bss           0x00000000200025e8        0x0 ./mtkernel_3/lib/libtm/libtm_printf.o
 .bss           0x00000000200025e8        0x0 ./mtkernel_3/lib/libtk/fastlock.o
 .bss           0x00000000200025e8        0x0 ./mtkernel_3/lib/libtk/fastmlock.o
 .bss           0x00000000200025e8        0x0 ./mtkernel_3/lib/libtk/kmalloc.o
 .bss           0x00000000200025e8        0x0 ./mtkernel_3/kernel/usermain/usermain.o
 .bss           0x00000000200025e8        0x0 ./mtkernel_3/kernel/tstdlib/bitop.o
 .bss           0x00000000200025e8        0x0 ./mtkernel_3/kernel/tstdlib/string.o
 .bss           0x00000000200025e8        0x0 ./mtkernel_3/kernel/tkernel/cpuctl.o
 .bss           0x00000000200025e8        0x0 ./mtkernel_3/kernel/tkernel/device.o
 .bss           0x00000000200025e8        0x4 ./mtkernel_3/kernel/tkernel/deviceio.o
                0x00000000200025e8                knl_DisSusCnt
 .bss           0x00000000200025ec        0x0 ./mtkernel_3/kernel/tkernel/eventflag.o
 .bss           0x00000000200025ec        0x0 ./mtkernel_3/kernel/tkernel/int.o
 .bss           0x00000000200025ec        0x0 ./mtkernel_3/kernel/tkernel/klock.o
 .bss           0x00000000200025ec        0x0 ./mtkernel_3/kernel/tkernel/mailbox.o
 .bss           0x00000000200025ec        0x0 ./mtkernel_3/kernel/tkernel/memory.o
 .bss           0x00000000200025ec        0x0 ./mtkernel_3/kernel/tkernel/mempfix.o
 .bss           0x00000000200025ec        0x0 ./mtkernel_3/kernel/tkernel/mempool.o
 .bss           0x00000000200025ec        0x0 ./mtkernel_3/kernel/tkernel/messagebuf.o
 .bss           0x00000000200025ec        0x0 ./mtkernel_3/kernel/tkernel/misc_calls.o
 .bss           0x00000000200025ec        0x0 ./mtkernel_3/kernel/tkernel/mutex.o
 .bss           0x00000000200025ec        0x0 ./mtkernel_3/kernel/tkernel/objname.o
 .bss           0x00000000200025ec        0x4 ./mtkernel_3/kernel/tkernel/power.o
                0x00000000200025ec                knl_lowpow_discnt
 .bss           0x00000000200025f0        0x0 ./mtkernel_3/kernel/tkernel/rendezvous.o
 .bss           0x00000000200025f0        0x0 ./mtkernel_3/kernel/tkernel/semaphore.o
 .bss           0x00000000200025f0        0x0 ./mtkernel_3/kernel/tkernel/task.o
 .bss           0x00000000200025f0        0x0 ./mtkernel_3/kernel/tkernel/task_manage.o
 .bss           0x00000000200025f0        0x0 ./mtkernel_3/kernel/tkernel/task_sync.o
 .bss           0x00000000200025f0        0x0 ./mtkernel_3/kernel/tkernel/time_calls.o
 .bss           0x00000000200025f0        0x0 ./mtkernel_3/kernel/tkernel/timer.o
 .bss           0x00000000200025f0        0x0 ./mtkernel_3/kernel/tkernel/tkinit.o
 .bss           0x00000000200025f0        0x0 ./mtkernel_3/kernel/tkernel/wait.o
 .bss           0x00000000200025f0        0x0 ./mtkernel_3/kernel/sysinit/sysinit.o
 .bss           0x00000000200025f0        0x0 ./mtkernel_3/kernel/inittask/inittask.o
 .bss           0x00000000200025f0        0x0 ./mtkernel_3/device/common/drvif/msdrvif.o
 .bss           0x00000000200025f0        0x0 ./mtkernel_3/device/adc/adc.o
 .bss           0x00000000200025f0        0x0 ./mtkernel_3/device/i2c/i2c.o
 .bss           0x00000000200025f0        0x4 ./mtkernel_3/device/ser/ser.o
 .bss           0x00000000200025f4        0x0 ./mtkernel_3/device/ser/sysdepend/nrf5/ser_nrf5.o
 .bss           0x00000000200025f4        0x0 ./mtkernel_3/lib/libtm/sysdepend/microbit/tm_com.o
 .bss           0x00000000200025f4        0x0 ./mtkernel_3/lib/libtm/sysdepend/no_device/tm_com.o
 .bss           0x00000000200025f4        0x0 ./mtkernel_3/lib/libtk/sysdepend/cpu/nrf5/int_nrf5.o
 .bss           0x00000000200025f4        0x0 ./mtkernel_3/lib/libtk/sysdepend/cpu/nrf5/ptimer_nrf5.o
 .bss           0x00000000200025f4        0x0 ./mtkernel_3/lib/libtk/sysdepend/cpu/core/armv7m/int_armv7m.o
 .bss           0x00000000200025f4        0x0 ./mtkernel_3/lib/libtk/sysdepend/cpu/core/armv7m/wusec_armv7m.o
 .bss           0x00000000200025f4        0x0 ./mtkernel_3/kernel/sysdepend/microbit/devinit.o
 .bss           0x00000000200025f4        0x0 ./mtkernel_3/kernel/sysdepend/microbit/hw_setting.o
 .bss           0x00000000200025f4        0x0 ./mtkernel_3/kernel/sysdepend/microbit/power_save.o
 .bss           0x00000000200025f4        0x0 ./mtkernel_3/kernel/sysdepend/cpu/nrf5/cpu_clock.o
 .bss           0x00000000200025f4        0x0 ./mtkernel_3/kernel/sysdepend/cpu/nrf5/vector_tbl.o
 .bss           0x00000000200025f4        0x4 ./mtkernel_3/kernel/sysdepend/cpu/core/armv7m/cpu_cntl.o
                0x00000000200025f4                knl_taskindp
 .bss           0x00000000200025f8        0x0 ./mtkernel_3/kernel/sysdepend/cpu/core/armv7m/dispatch.o
 .bss           0x00000000200025f8        0x0 ./mtkernel_3/kernel/sysdepend/cpu/core/armv7m/exc_hdr.o
 .bss           0x00000000200025f8        0x0 ./mtkernel_3/kernel/sysdepend/cpu/core/armv7m/interrupt.o
 .bss           0x00000000200025f8        0x8 ./mtkernel_3/kernel/sysdepend/cpu/core/armv7m/reset_hdl.o
                0x00000000200025f8                knl_lowmem_top
                0x00000000200025fc                knl_lowmem_limit
 .bss           0x0000000020002600        0x0 ./mtkernel_3/app_sample2/app_main.o
 .bss           0x0000000020002600        0x0 /opt/gcc-arm-none-eabi/bin/../lib/gcc/arm-none-eabi/10.3.1/../../../../arm-none-eabi/lib/thumb/v7e-m+fp/hard/libg.a(lib_a-memcpy.o)
 *(.bss.*)
 *(COMMON)
                0x0000000020002600                . = ALIGN (0x4)
                0x0000000020002600                __bss_end = .
                0x0000000020002600                __end = .
OUTPUT(mtkernel_3_button_switch55.elf elf32-littlearm)
LOAD linker stubs

.debug_info     0x0000000000000000    0x15770
 .debug_info    0x0000000000000000      0x20b ./mtkernel_3/lib/libtm/libtm.o
 .debug_info    0x000000000000020b      0x43a ./mtkernel_3/lib/libtm/libtm_printf.o
 .debug_info    0x0000000000000645      0x2ec ./mtkernel_3/lib/libtk/fastlock.o
 .debug_info    0x0000000000000931      0x466 ./mtkernel_3/lib/libtk/fastmlock.o
 .debug_info    0x0000000000000d97      0x158 ./mtkernel_3/lib/libtk/kmalloc.o
 .debug_info    0x0000000000000eef       0x99 ./mtkernel_3/kernel/usermain/usermain.o
 .debug_info    0x0000000000000f88       0x6f ./mtkernel_3/kernel/tstdlib/bitop.o
 .debug_info    0x0000000000000ff7      0x2e5 ./mtkernel_3/kernel/tstdlib/string.o
 .debug_info    0x00000000000012dc      0xa3b ./mtkernel_3/kernel/tkernel/cpuctl.o
 .debug_info    0x0000000000001d17     0x11fb ./mtkernel_3/kernel/tkernel/device.o
 .debug_info    0x0000000000002f12     0x1822 ./mtkernel_3/kernel/tkernel/deviceio.o
 .debug_info    0x0000000000004734      0xcef ./mtkernel_3/kernel/tkernel/eventflag.o
 .debug_info    0x0000000000005423      0x724 ./mtkernel_3/kernel/tkernel/int.o
 .debug_info    0x0000000000005b47      0x984 ./mtkernel_3/kernel/tkernel/klock.o
 .debug_info    0x00000000000064cb      0xc85 ./mtkernel_3/kernel/tkernel/mailbox.o
 .debug_info    0x0000000000007150      0x4e8 ./mtkernel_3/kernel/tkernel/memory.o
 .debug_info    0x0000000000007638      0xd35 ./mtkernel_3/kernel/tkernel/mempfix.o
 .debug_info    0x000000000000836d      0xf92 ./mtkernel_3/kernel/tkernel/mempool.o
 .debug_info    0x00000000000092ff      0xf19 ./mtkernel_3/kernel/tkernel/messagebuf.o
 .debug_info    0x000000000000a218      0x7bd ./mtkernel_3/kernel/tkernel/misc_calls.o
 .debug_info    0x000000000000a9d5      0xe2b ./mtkernel_3/kernel/tkernel/mutex.o
 .debug_info    0x000000000000b800       0x6f ./mtkernel_3/kernel/tkernel/objname.o
 .debug_info    0x000000000000b86f       0x94 ./mtkernel_3/kernel/tkernel/power.o
 .debug_info    0x000000000000b903       0x6f ./mtkernel_3/kernel/tkernel/rendezvous.o
 .debug_info    0x000000000000b972      0xc2a ./mtkernel_3/kernel/tkernel/semaphore.o
 .debug_info    0x000000000000c59c      0xc49 ./mtkernel_3/kernel/tkernel/task.o
 .debug_info    0x000000000000d1e5      0xecf ./mtkernel_3/kernel/tkernel/task_manage.o
 .debug_info    0x000000000000e0b4      0xa12 ./mtkernel_3/kernel/tkernel/task_sync.o
 .debug_info    0x000000000000eac6     0x1383 ./mtkernel_3/kernel/tkernel/time_calls.o
 .debug_info    0x000000000000fe49      0xa42 ./mtkernel_3/kernel/tkernel/timer.o
 .debug_info    0x000000000001088b       0xb4 ./mtkernel_3/kernel/tkernel/tkinit.o
 .debug_info    0x000000000001093f      0xa99 ./mtkernel_3/kernel/tkernel/wait.o
 .debug_info    0x00000000000113d8      0x1bf ./mtkernel_3/kernel/sysinit/sysinit.o
 .debug_info    0x0000000000011597      0x1f2 ./mtkernel_3/kernel/inittask/inittask.o
 .debug_info    0x0000000000011789      0x734 ./mtkernel_3/device/common/drvif/msdrvif.o
 .debug_info    0x0000000000011ebd       0x6f ./mtkernel_3/device/adc/adc.o
 .debug_info    0x0000000000011f2c       0x6f ./mtkernel_3/device/i2c/i2c.o
 .debug_info    0x0000000000011f9b      0xa7d ./mtkernel_3/device/ser/ser.o
 .debug_info    0x0000000000012a18      0x552 ./mtkernel_3/device/ser/sysdepend/nrf5/ser_nrf5.o
 .debug_info    0x0000000000012f6a      0x192 ./mtkernel_3/lib/libtm/sysdepend/microbit/tm_com.o
 .debug_info    0x00000000000130fc       0x68 ./mtkernel_3/lib/libtm/sysdepend/no_device/tm_com.o
 .debug_info    0x0000000000013164      0x22f ./mtkernel_3/lib/libtk/sysdepend/cpu/nrf5/int_nrf5.o
 .debug_info    0x0000000000013393      0x47b ./mtkernel_3/lib/libtk/sysdepend/cpu/nrf5/ptimer_nrf5.o
 .debug_info    0x000000000001380e      0x1df ./mtkernel_3/lib/libtk/sysdepend/cpu/core/armv7m/int_armv7m.o
 .debug_info    0x00000000000139ed      0x176 ./mtkernel_3/lib/libtk/sysdepend/cpu/core/armv7m/wusec_armv7m.o
 .debug_info    0x0000000000013b63       0xe4 ./mtkernel_3/kernel/sysdepend/microbit/devinit.o
 .debug_info    0x0000000000013c47      0x1b2 ./mtkernel_3/kernel/sysdepend/microbit/hw_setting.o
 .debug_info    0x0000000000013df9       0x9b ./mtkernel_3/kernel/sysdepend/microbit/power_save.o
 .debug_info    0x0000000000013e94      0x112 ./mtkernel_3/kernel/sysdepend/cpu/nrf5/cpu_clock.o
 .debug_info    0x0000000000013fa6       0xa8 ./mtkernel_3/kernel/sysdepend/cpu/nrf5/vector_tbl.o
 .debug_info    0x000000000001404e      0xafa ./mtkernel_3/kernel/sysdepend/cpu/core/armv7m/cpu_cntl.o
 .debug_info    0x0000000000014b48       0x26 ./mtkernel_3/kernel/sysdepend/cpu/core/armv7m/dispatch.o
 .debug_info    0x0000000000014b6e      0x732 ./mtkernel_3/kernel/sysdepend/cpu/core/armv7m/exc_hdr.o
 .debug_info    0x00000000000152a0      0x248 ./mtkernel_3/kernel/sysdepend/cpu/core/armv7m/interrupt.o
 .debug_info    0x00000000000154e8      0x1b8 ./mtkernel_3/kernel/sysdepend/cpu/core/armv7m/reset_hdl.o
 .debug_info    0x00000000000156a0       0xd0 ./mtkernel_3/app_sample2/app_main.o

.debug_abbrev   0x0000000000000000     0x5802
 .debug_abbrev  0x0000000000000000       0xd7 ./mtkernel_3/lib/libtm/libtm.o
 .debug_abbrev  0x00000000000000d7      0x1d5 ./mtkernel_3/lib/libtm/libtm_printf.o
 .debug_abbrev  0x00000000000002ac      0x150 ./mtkernel_3/lib/libtk/fastlock.o
 .debug_abbrev  0x00000000000003fc      0x16c ./mtkernel_3/lib/libtk/fastmlock.o
 .debug_abbrev  0x0000000000000568       0xca ./mtkernel_3/lib/libtk/kmalloc.o
 .debug_abbrev  0x0000000000000632       0x58 ./mtkernel_3/kernel/usermain/usermain.o
 .debug_abbrev  0x000000000000068a       0x29 ./mtkernel_3/kernel/tstdlib/bitop.o
 .debug_abbrev  0x00000000000006b3       0xa9 ./mtkernel_3/kernel/tstdlib/string.o
 .debug_abbrev  0x000000000000075c      0x210 ./mtkernel_3/kernel/tkernel/cpuctl.o
 .debug_abbrev  0x000000000000096c      0x38a ./mtkernel_3/kernel/tkernel/device.o
 .debug_abbrev  0x0000000000000cf6      0x412 ./mtkernel_3/kernel/tkernel/deviceio.o
 .debug_abbrev  0x0000000000001108      0x2cf ./mtkernel_3/kernel/tkernel/eventflag.o
 .debug_abbrev  0x00000000000013d7      0x1c2 ./mtkernel_3/kernel/tkernel/int.o
 .debug_abbrev  0x0000000000001599      0x261 ./mtkernel_3/kernel/tkernel/klock.o
 .debug_abbrev  0x00000000000017fa      0x280 ./mtkernel_3/kernel/tkernel/mailbox.o
 .debug_abbrev  0x0000000000001a7a      0x235 ./mtkernel_3/kernel/tkernel/memory.o
 .debug_abbrev  0x0000000000001caf      0x2f1 ./mtkernel_3/kernel/tkernel/mempfix.o
 .debug_abbrev  0x0000000000001fa0      0x334 ./mtkernel_3/kernel/tkernel/mempool.o
 .debug_abbrev  0x00000000000022d4      0x318 ./mtkernel_3/kernel/tkernel/messagebuf.o
 .debug_abbrev  0x00000000000025ec      0x1e0 ./mtkernel_3/kernel/tkernel/misc_calls.o
 .debug_abbrev  0x00000000000027cc      0x334 ./mtkernel_3/kernel/tkernel/mutex.o
 .debug_abbrev  0x0000000000002b00       0x29 ./mtkernel_3/kernel/tkernel/objname.o
 .debug_abbrev  0x0000000000002b29       0x58 ./mtkernel_3/kernel/tkernel/power.o
 .debug_abbrev  0x0000000000002b81       0x29 ./mtkernel_3/kernel/tkernel/rendezvous.o
 .debug_abbrev  0x0000000000002baa      0x2cf ./mtkernel_3/kernel/tkernel/semaphore.o
 .debug_abbrev  0x0000000000002e79      0x2de ./mtkernel_3/kernel/tkernel/task.o
 .debug_abbrev  0x0000000000003157      0x335 ./mtkernel_3/kernel/tkernel/task_manage.o
 .debug_abbrev  0x000000000000348c      0x28a ./mtkernel_3/kernel/tkernel/task_sync.o
 .debug_abbrev  0x0000000000003716      0x35d ./mtkernel_3/kernel/tkernel/time_calls.o
 .debug_abbrev  0x0000000000003a73      0x2ac ./mtkernel_3/kernel/tkernel/timer.o
 .debug_abbrev  0x0000000000003d1f       0x69 ./mtkernel_3/kernel/tkernel/tkinit.o
 .debug_abbrev  0x0000000000003d88      0x247 ./mtkernel_3/kernel/tkernel/wait.o
 .debug_abbrev  0x0000000000003fcf       0xf9 ./mtkernel_3/kernel/sysinit/sysinit.o
 .debug_abbrev  0x00000000000040c8      0x117 ./mtkernel_3/kernel/inittask/inittask.o
 .debug_abbrev  0x00000000000041df      0x207 ./mtkernel_3/device/common/drvif/msdrvif.o
 .debug_abbrev  0x00000000000043e6       0x29 ./mtkernel_3/device/adc/adc.o
 .debug_abbrev  0x000000000000440f       0x29 ./mtkernel_3/device/i2c/i2c.o
 .debug_abbrev  0x0000000000004438      0x2d6 ./mtkernel_3/device/ser/ser.o
 .debug_abbrev  0x000000000000470e      0x1ca ./mtkernel_3/device/ser/sysdepend/nrf5/ser_nrf5.o
 .debug_abbrev  0x00000000000048d8       0xdf ./mtkernel_3/lib/libtm/sysdepend/microbit/tm_com.o
 .debug_abbrev  0x00000000000049b7       0x29 ./mtkernel_3/lib/libtm/sysdepend/no_device/tm_com.o
 .debug_abbrev  0x00000000000049e0      0x107 ./mtkernel_3/lib/libtk/sysdepend/cpu/nrf5/int_nrf5.o
 .debug_abbrev  0x0000000000004ae7      0x177 ./mtkernel_3/lib/libtk/sysdepend/cpu/nrf5/ptimer_nrf5.o
 .debug_abbrev  0x0000000000004c5e       0xf7 ./mtkernel_3/lib/libtk/sysdepend/cpu/core/armv7m/int_armv7m.o
 .debug_abbrev  0x0000000000004d55       0xb5 ./mtkernel_3/lib/libtk/sysdepend/cpu/core/armv7m/wusec_armv7m.o
 .debug_abbrev  0x0000000000004e0a       0x87 ./mtkernel_3/kernel/sysdepend/microbit/devinit.o
 .debug_abbrev  0x0000000000004e91      0x133 ./mtkernel_3/kernel/sysdepend/microbit/hw_setting.o
 .debug_abbrev  0x0000000000004fc4       0x47 ./mtkernel_3/kernel/sysdepend/microbit/power_save.o
 .debug_abbrev  0x000000000000500b       0xbc ./mtkernel_3/kernel/sysdepend/cpu/nrf5/cpu_clock.o
 .debug_abbrev  0x00000000000050c7       0x6a ./mtkernel_3/kernel/sysdepend/cpu/nrf5/vector_tbl.o
 .debug_abbrev  0x0000000000005131      0x238 ./mtkernel_3/kernel/sysdepend/cpu/core/armv7m/cpu_cntl.o
 .debug_abbrev  0x0000000000005369       0x14 ./mtkernel_3/kernel/sysdepend/cpu/core/armv7m/dispatch.o
 .debug_abbrev  0x000000000000537d      0x1be ./mtkernel_3/kernel/sysdepend/cpu/core/armv7m/exc_hdr.o
 .debug_abbrev  0x000000000000553b      0x16f ./mtkernel_3/kernel/sysdepend/cpu/core/armv7m/interrupt.o
 .debug_abbrev  0x00000000000056aa       0xce ./mtkernel_3/kernel/sysdepend/cpu/core/armv7m/reset_hdl.o
 .debug_abbrev  0x0000000000005778       0x8a ./mtkernel_3/app_sample2/app_main.o

.debug_aranges  0x0000000000000000      0x6c0
 .debug_aranges
                0x0000000000000000       0x20 ./mtkernel_3/lib/libtm/libtm.o
 .debug_aranges
                0x0000000000000020       0x20 ./mtkernel_3/lib/libtm/libtm_printf.o
 .debug_aranges
                0x0000000000000040       0x20 ./mtkernel_3/lib/libtk/fastlock.o
 .debug_aranges
                0x0000000000000060       0x20 ./mtkernel_3/lib/libtk/fastmlock.o
 .debug_aranges
                0x0000000000000080       0x20 ./mtkernel_3/lib/libtk/kmalloc.o
 .debug_aranges
                0x00000000000000a0       0x20 ./mtkernel_3/kernel/usermain/usermain.o
 .debug_aranges
                0x00000000000000c0       0x18 ./mtkernel_3/kernel/tstdlib/bitop.o
 .debug_aranges
                0x00000000000000d8       0x20 ./mtkernel_3/kernel/tstdlib/string.o
 .debug_aranges
                0x00000000000000f8       0x20 ./mtkernel_3/kernel/tkernel/cpuctl.o
 .debug_aranges
                0x0000000000000118       0x20 ./mtkernel_3/kernel/tkernel/device.o
 .debug_aranges
                0x0000000000000138       0x20 ./mtkernel_3/kernel/tkernel/deviceio.o
 .debug_aranges
                0x0000000000000158       0x20 ./mtkernel_3/kernel/tkernel/eventflag.o
 .debug_aranges
                0x0000000000000178       0x20 ./mtkernel_3/kernel/tkernel/int.o
 .debug_aranges
                0x0000000000000198       0x20 ./mtkernel_3/kernel/tkernel/klock.o
 .debug_aranges
                0x00000000000001b8       0x20 ./mtkernel_3/kernel/tkernel/mailbox.o
 .debug_aranges
                0x00000000000001d8       0x20 ./mtkernel_3/kernel/tkernel/memory.o
 .debug_aranges
                0x00000000000001f8       0x20 ./mtkernel_3/kernel/tkernel/mempfix.o
 .debug_aranges
                0x0000000000000218       0x20 ./mtkernel_3/kernel/tkernel/mempool.o
 .debug_aranges
                0x0000000000000238       0x20 ./mtkernel_3/kernel/tkernel/messagebuf.o
 .debug_aranges
                0x0000000000000258       0x20 ./mtkernel_3/kernel/tkernel/misc_calls.o
 .debug_aranges
                0x0000000000000278       0x20 ./mtkernel_3/kernel/tkernel/mutex.o
 .debug_aranges
                0x0000000000000298       0x18 ./mtkernel_3/kernel/tkernel/objname.o
 .debug_aranges
                0x00000000000002b0       0x18 ./mtkernel_3/kernel/tkernel/power.o
 .debug_aranges
                0x00000000000002c8       0x18 ./mtkernel_3/kernel/tkernel/rendezvous.o
 .debug_aranges
                0x00000000000002e0       0x20 ./mtkernel_3/kernel/tkernel/semaphore.o
 .debug_aranges
                0x0000000000000300       0x20 ./mtkernel_3/kernel/tkernel/task.o
 .debug_aranges
                0x0000000000000320       0x20 ./mtkernel_3/kernel/tkernel/task_manage.o
 .debug_aranges
                0x0000000000000340       0x20 ./mtkernel_3/kernel/tkernel/task_sync.o
 .debug_aranges
                0x0000000000000360       0x20 ./mtkernel_3/kernel/tkernel/time_calls.o
 .debug_aranges
                0x0000000000000380       0x20 ./mtkernel_3/kernel/tkernel/timer.o
 .debug_aranges
                0x00000000000003a0       0x20 ./mtkernel_3/kernel/tkernel/tkinit.o
 .debug_aranges
                0x00000000000003c0       0x20 ./mtkernel_3/kernel/tkernel/wait.o
 .debug_aranges
                0x00000000000003e0       0x20 ./mtkernel_3/kernel/sysinit/sysinit.o
 .debug_aranges
                0x0000000000000400       0x20 ./mtkernel_3/kernel/inittask/inittask.o
 .debug_aranges
                0x0000000000000420       0x20 ./mtkernel_3/device/common/drvif/msdrvif.o
 .debug_aranges
                0x0000000000000440       0x18 ./mtkernel_3/device/adc/adc.o
 .debug_aranges
                0x0000000000000458       0x18 ./mtkernel_3/device/i2c/i2c.o
 .debug_aranges
                0x0000000000000470       0x20 ./mtkernel_3/device/ser/ser.o
 .debug_aranges
                0x0000000000000490       0x20 ./mtkernel_3/device/ser/sysdepend/nrf5/ser_nrf5.o
 .debug_aranges
                0x00000000000004b0       0x20 ./mtkernel_3/lib/libtm/sysdepend/microbit/tm_com.o
 .debug_aranges
                0x00000000000004d0       0x18 ./mtkernel_3/lib/libtm/sysdepend/no_device/tm_com.o
 .debug_aranges
                0x00000000000004e8       0x20 ./mtkernel_3/lib/libtk/sysdepend/cpu/nrf5/int_nrf5.o
 .debug_aranges
                0x0000000000000508       0x20 ./mtkernel_3/lib/libtk/sysdepend/cpu/nrf5/ptimer_nrf5.o
 .debug_aranges
                0x0000000000000528       0x20 ./mtkernel_3/lib/libtk/sysdepend/cpu/core/armv7m/int_armv7m.o
 .debug_aranges
                0x0000000000000548       0x20 ./mtkernel_3/lib/libtk/sysdepend/cpu/core/armv7m/wusec_armv7m.o
 .debug_aranges
                0x0000000000000568       0x20 ./mtkernel_3/kernel/sysdepend/microbit/devinit.o
 .debug_aranges
                0x0000000000000588       0x20 ./mtkernel_3/kernel/sysdepend/microbit/hw_setting.o
 .debug_aranges
                0x00000000000005a8       0x20 ./mtkernel_3/kernel/sysdepend/microbit/power_save.o
 .debug_aranges
                0x00000000000005c8       0x20 ./mtkernel_3/kernel/sysdepend/cpu/nrf5/cpu_clock.o
 .debug_aranges
                0x00000000000005e8       0x18 ./mtkernel_3/kernel/sysdepend/cpu/nrf5/vector_tbl.o
 .debug_aranges
                0x0000000000000600       0x20 ./mtkernel_3/kernel/sysdepend/cpu/core/armv7m/cpu_cntl.o
 .debug_aranges
                0x0000000000000620       0x20 ./mtkernel_3/kernel/sysdepend/cpu/core/armv7m/dispatch.o
 .debug_aranges
                0x0000000000000640       0x20 ./mtkernel_3/kernel/sysdepend/cpu/core/armv7m/exc_hdr.o
 .debug_aranges
                0x0000000000000660       0x20 ./mtkernel_3/kernel/sysdepend/cpu/core/armv7m/interrupt.o
 .debug_aranges
                0x0000000000000680       0x20 ./mtkernel_3/kernel/sysdepend/cpu/core/armv7m/reset_hdl.o
 .debug_aranges
                0x00000000000006a0       0x20 ./mtkernel_3/app_sample2/app_main.o

.debug_macro    0x0000000000000000     0x904d
 .debug_macro   0x0000000000000000      0x167 ./mtkernel_3/lib/libtm/libtm.o
 .debug_macro   0x0000000000000167      0xa6c ./mtkernel_3/lib/libtm/libtm.o
 .debug_macro   0x0000000000000bd3      0x169 ./mtkernel_3/lib/libtm/libtm.o
 .debug_macro   0x0000000000000d3c      0x29a ./mtkernel_3/lib/libtm/libtm.o
 .debug_macro   0x0000000000000fd6       0x28 ./mtkernel_3/lib/libtm/libtm.o
 .debug_macro   0x0000000000000ffe       0x1c ./mtkernel_3/lib/libtm/libtm.o
 .debug_macro   0x000000000000101a       0x34 ./mtkernel_3/lib/libtm/libtm.o
 .debug_macro   0x000000000000104e       0x46 ./mtkernel_3/lib/libtm/libtm.o
 .debug_macro   0x0000000000001094       0xa6 ./mtkernel_3/lib/libtm/libtm.o
 .debug_macro   0x000000000000113a       0x1c ./mtkernel_3/lib/libtm/libtm.o
 .debug_macro   0x0000000000001156      0x1d3 ./mtkernel_3/lib/libtm/libtm.o
 .debug_macro   0x0000000000001329      0x2b3 ./mtkernel_3/lib/libtm/libtm.o
 .debug_macro   0x00000000000015dc       0x10 ./mtkernel_3/lib/libtm/libtm.o
 .debug_macro   0x00000000000015ec      0x238 ./mtkernel_3/lib/libtm/libtm.o
 .debug_macro   0x0000000000001824       0x16 ./mtkernel_3/lib/libtm/libtm.o
 .debug_macro   0x000000000000183a       0x8e ./mtkernel_3/lib/libtm/libtm.o
 .debug_macro   0x00000000000018c8       0x16 ./mtkernel_3/lib/libtm/libtm.o
 .debug_macro   0x00000000000018de       0xa6 ./mtkernel_3/lib/libtm/libtm.o
 .debug_macro   0x0000000000001984      0x2aa ./mtkernel_3/lib/libtm/libtm.o
 .debug_macro   0x0000000000001c2e       0x16 ./mtkernel_3/lib/libtm/libtm.o
 .debug_macro   0x0000000000001c44      0x107 ./mtkernel_3/lib/libtm/libtm.o
 .debug_macro   0x0000000000001d4b       0x1c ./mtkernel_3/lib/libtm/libtm.o
 .debug_macro   0x0000000000001d67       0x2e ./mtkernel_3/lib/libtm/libtm.o
 .debug_macro   0x0000000000001d95       0x19 ./mtkernel_3/lib/libtm/libtm.o
 .debug_macro   0x0000000000001dae       0x22 ./mtkernel_3/lib/libtm/libtm.o
 .debug_macro   0x0000000000001dd0       0x16 ./mtkernel_3/lib/libtm/libtm.o
 .debug_macro   0x0000000000001de6      0x194 ./mtkernel_3/lib/libtm/libtm_printf.o
 .debug_macro   0x0000000000001f7a       0x58 ./mtkernel_3/lib/libtm/libtm_printf.o
 .debug_macro   0x0000000000001fd2      0x14b ./mtkernel_3/lib/libtk/fastlock.o
 .debug_macro   0x000000000000211d      0x14b ./mtkernel_3/lib/libtk/fastmlock.o
 .debug_macro   0x0000000000002268      0x14b ./mtkernel_3/lib/libtk/kmalloc.o
 .debug_macro   0x00000000000023b3      0x155 ./mtkernel_3/kernel/usermain/usermain.o
 .debug_macro   0x0000000000002508      0x157 ./mtkernel_3/kernel/tstdlib/bitop.o
 .debug_macro   0x000000000000265f      0x227 ./mtkernel_3/kernel/tstdlib/string.o
 .debug_macro   0x0000000000002886       0x16 ./mtkernel_3/kernel/tstdlib/string.o
 .debug_macro   0x000000000000289c       0x46 ./mtkernel_3/kernel/tstdlib/string.o
 .debug_macro   0x00000000000028e2       0x94 ./mtkernel_3/kernel/tstdlib/string.o
 .debug_macro   0x0000000000002976       0x22 ./mtkernel_3/kernel/tstdlib/string.o
 .debug_macro   0x0000000000002998       0x1c ./mtkernel_3/kernel/tstdlib/string.o
 .debug_macro   0x00000000000029b4       0x1c ./mtkernel_3/kernel/tstdlib/string.o
 .debug_macro   0x00000000000029d0       0x52 ./mtkernel_3/kernel/tstdlib/string.o
 .debug_macro   0x0000000000002a22       0x2e ./mtkernel_3/kernel/tstdlib/string.o
 .debug_macro   0x0000000000002a50      0x24c ./mtkernel_3/kernel/tkernel/cpuctl.o
 .debug_macro   0x0000000000002c9c       0x22 ./mtkernel_3/kernel/tkernel/cpuctl.o
 .debug_macro   0x0000000000002cbe       0x10 ./mtkernel_3/kernel/tkernel/cpuctl.o
 .debug_macro   0x0000000000002cce       0xab ./mtkernel_3/kernel/tkernel/cpuctl.o
 .debug_macro   0x0000000000002d79      0x248 ./mtkernel_3/kernel/tkernel/device.o
 .debug_macro   0x0000000000002fc1       0x46 ./mtkernel_3/kernel/tkernel/device.o
 .debug_macro   0x0000000000003007       0x40 ./mtkernel_3/kernel/tkernel/device.o
 .debug_macro   0x0000000000003047       0x6a ./mtkernel_3/kernel/tkernel/device.o
 .debug_macro   0x00000000000030b1      0x248 ./mtkernel_3/kernel/tkernel/deviceio.o
 .debug_macro   0x00000000000032f9      0x263 ./mtkernel_3/kernel/tkernel/eventflag.o
 .debug_macro   0x000000000000355c       0x10 ./mtkernel_3/kernel/tkernel/eventflag.o
 .debug_macro   0x000000000000356c      0x230 ./mtkernel_3/kernel/tkernel/int.o
 .debug_macro   0x000000000000379c      0x244 ./mtkernel_3/kernel/tkernel/klock.o
 .debug_macro   0x00000000000039e0      0x263 ./mtkernel_3/kernel/tkernel/mailbox.o
 .debug_macro   0x0000000000003c43       0x1c ./mtkernel_3/kernel/tkernel/mailbox.o
 .debug_macro   0x0000000000003c5f      0x23f ./mtkernel_3/kernel/tkernel/memory.o
 .debug_macro   0x0000000000003e9e       0x58 ./mtkernel_3/kernel/tkernel/memory.o
 .debug_macro   0x0000000000003ef6      0x26d ./mtkernel_3/kernel/tkernel/mempfix.o
 .debug_macro   0x0000000000004163       0x1c ./mtkernel_3/kernel/tkernel/mempfix.o
 .debug_macro   0x000000000000417f      0x27b ./mtkernel_3/kernel/tkernel/mempool.o
 .debug_macro   0x00000000000043fa       0x10 ./mtkernel_3/kernel/tkernel/mempool.o
 .debug_macro   0x000000000000440a      0x263 ./mtkernel_3/kernel/tkernel/messagebuf.o
 .debug_macro   0x000000000000466d       0x22 ./mtkernel_3/kernel/tkernel/messagebuf.o
 .debug_macro   0x000000000000468f      0x230 ./mtkernel_3/kernel/tkernel/misc_calls.o
 .debug_macro   0x00000000000048bf      0x25e ./mtkernel_3/kernel/tkernel/mutex.o
 .debug_macro   0x0000000000004b1d      0x227 ./mtkernel_3/kernel/tkernel/objname.o
 .debug_macro   0x0000000000004d44      0x230 ./mtkernel_3/kernel/tkernel/power.o
 .debug_macro   0x0000000000004f74      0x263 ./mtkernel_3/kernel/tkernel/rendezvous.o
 .debug_macro   0x00000000000051d7       0x10 ./mtkernel_3/kernel/tkernel/rendezvous.o
 .debug_macro   0x00000000000051e7      0x263 ./mtkernel_3/kernel/tkernel/semaphore.o
 .debug_macro   0x000000000000544a       0x10 ./mtkernel_3/kernel/tkernel/semaphore.o
 .debug_macro   0x000000000000545a      0x280 ./mtkernel_3/kernel/tkernel/task.o
 .debug_macro   0x00000000000056da       0x1c ./mtkernel_3/kernel/tkernel/task.o
 .debug_macro   0x00000000000056f6       0x16 ./mtkernel_3/kernel/tkernel/task.o
 .debug_macro   0x000000000000570c      0x280 ./mtkernel_3/kernel/tkernel/task_manage.o
 .debug_macro   0x000000000000598c      0x263 ./mtkernel_3/kernel/tkernel/task_sync.o
 .debug_macro   0x0000000000005bef      0x28a ./mtkernel_3/kernel/tkernel/time_calls.o
 .debug_macro   0x0000000000005e79       0x1c ./mtkernel_3/kernel/tkernel/time_calls.o
 .debug_macro   0x0000000000005e95       0x1c ./mtkernel_3/kernel/tkernel/time_calls.o
 .debug_macro   0x0000000000005eb1      0x252 ./mtkernel_3/kernel/tkernel/timer.o
 .debug_macro   0x0000000000006103      0x22b ./mtkernel_3/kernel/tkernel/tkinit.o
 .debug_macro   0x000000000000632e      0x251 ./mtkernel_3/kernel/tkernel/wait.o
 .debug_macro   0x000000000000657f      0x227 ./mtkernel_3/kernel/sysinit/sysinit.o
 .debug_macro   0x00000000000067a6      0x229 ./mtkernel_3/kernel/inittask/inittask.o
 .debug_macro   0x00000000000069cf       0x2e ./mtkernel_3/kernel/inittask/inittask.o
 .debug_macro   0x00000000000069fd       0x10 ./mtkernel_3/kernel/inittask/inittask.o
 .debug_macro   0x0000000000006a0d      0x161 ./mtkernel_3/device/common/drvif/msdrvif.o
 .debug_macro   0x0000000000006b6e      0x194 ./mtkernel_3/device/adc/adc.o
 .debug_macro   0x0000000000006d02       0x10 ./mtkernel_3/device/adc/adc.o
 .debug_macro   0x0000000000006d12       0x1c ./mtkernel_3/device/adc/adc.o
 .debug_macro   0x0000000000006d2e       0x16 ./mtkernel_3/device/adc/adc.o
 .debug_macro   0x0000000000006d44      0x194 ./mtkernel_3/device/i2c/i2c.o
 .debug_macro   0x0000000000006ed8       0x1c ./mtkernel_3/device/i2c/i2c.o
 .debug_macro   0x0000000000006ef4      0x1b4 ./mtkernel_3/device/ser/ser.o
 .debug_macro   0x00000000000070a8       0x10 ./mtkernel_3/device/ser/ser.o
 .debug_macro   0x00000000000070b8       0x52 ./mtkernel_3/device/ser/ser.o
 .debug_macro   0x000000000000710a       0x2e ./mtkernel_3/device/ser/ser.o
 .debug_macro   0x0000000000007138       0x16 ./mtkernel_3/device/ser/ser.o
 .debug_macro   0x000000000000714e       0x10 ./mtkernel_3/device/ser/ser.o
 .debug_macro   0x000000000000715e       0x16 ./mtkernel_3/device/ser/ser.o
 .debug_macro   0x0000000000007174      0x1b0 ./mtkernel_3/device/ser/sysdepend/nrf5/ser_nrf5.o
 .debug_macro   0x0000000000007324       0xf6 ./mtkernel_3/lib/libtm/sysdepend/microbit/tm_com.o
 .debug_macro   0x000000000000741a       0x40 ./mtkernel_3/lib/libtm/sysdepend/microbit/tm_com.o
 .debug_macro   0x000000000000745a       0x16 ./mtkernel_3/lib/libtm/sysdepend/microbit/tm_com.o
 .debug_macro   0x0000000000007470       0xac ./mtkernel_3/lib/libtm/sysdepend/microbit/tm_com.o
 .debug_macro   0x000000000000751c       0xa4 ./mtkernel_3/lib/libtm/sysdepend/no_device/tm_com.o
 .debug_macro   0x00000000000075c0      0x159 ./mtkernel_3/lib/libtk/sysdepend/cpu/nrf5/int_nrf5.o
 .debug_macro   0x0000000000007719      0x15b ./mtkernel_3/lib/libtk/sysdepend/cpu/nrf5/ptimer_nrf5.o
 .debug_macro   0x0000000000007874      0x155 ./mtkernel_3/lib/libtk/sysdepend/cpu/core/armv7m/int_armv7m.o
 .debug_macro   0x00000000000079c9      0x151 ./mtkernel_3/lib/libtk/sysdepend/cpu/core/armv7m/wusec_armv7m.o
 .debug_macro   0x0000000000007b1a      0x275 ./mtkernel_3/kernel/sysdepend/microbit/devinit.o
 .debug_macro   0x0000000000007d8f      0x23f ./mtkernel_3/kernel/sysdepend/microbit/hw_setting.o
 .debug_macro   0x0000000000007fce      0x23f ./mtkernel_3/kernel/sysdepend/microbit/power_save.o
 .debug_macro   0x000000000000820d      0x15f ./mtkernel_3/kernel/sysdepend/cpu/nrf5/cpu_clock.o
 .debug_macro   0x000000000000836c      0x248 ./mtkernel_3/kernel/sysdepend/cpu/nrf5/vector_tbl.o
 .debug_macro   0x00000000000085b4       0x1c ./mtkernel_3/kernel/sysdepend/cpu/nrf5/vector_tbl.o
 .debug_macro   0x00000000000085d0      0x251 ./mtkernel_3/kernel/sysdepend/cpu/core/armv7m/cpu_cntl.o
 .debug_macro   0x0000000000008821      0x247 ./mtkernel_3/kernel/sysdepend/cpu/core/armv7m/exc_hdr.o
 .debug_macro   0x0000000000008a68      0x248 ./mtkernel_3/kernel/sysdepend/cpu/core/armv7m/interrupt.o
 .debug_macro   0x0000000000008cb0      0x248 ./mtkernel_3/kernel/sysdepend/cpu/core/armv7m/reset_hdl.o
 .debug_macro   0x0000000000008ef8      0x155 ./mtkernel_3/app_sample2/app_main.o

.debug_line     0x0000000000000000    0x16d23
 .debug_line    0x0000000000000000      0x3f7 ./mtkernel_3/lib/libtm/libtm.o
 .debug_line    0x00000000000003f7      0x7d3 ./mtkernel_3/lib/libtm/libtm_printf.o
 .debug_line    0x0000000000000bca      0x3c0 ./mtkernel_3/lib/libtk/fastlock.o
 .debug_line    0x0000000000000f8a      0x43e ./mtkernel_3/lib/libtk/fastmlock.o
 .debug_line    0x00000000000013c8      0x354 ./mtkernel_3/lib/libtk/kmalloc.o
 .debug_line    0x000000000000171c      0x362 ./mtkernel_3/kernel/usermain/usermain.o
 .debug_line    0x0000000000001a7e      0x32b ./mtkernel_3/kernel/tstdlib/bitop.o
 .debug_line    0x0000000000001da9      0x689 ./mtkernel_3/kernel/tstdlib/string.o
 .debug_line    0x0000000000002432      0x7c9 ./mtkernel_3/kernel/tkernel/cpuctl.o
 .debug_line    0x0000000000002bfb      0x9b9 ./mtkernel_3/kernel/tkernel/device.o
 .debug_line    0x00000000000035b4      0xdbf ./mtkernel_3/kernel/tkernel/deviceio.o
 .debug_line    0x0000000000004373      0x90a ./mtkernel_3/kernel/tkernel/eventflag.o
 .debug_line    0x0000000000004c7d      0x576 ./mtkernel_3/kernel/tkernel/int.o
 .debug_line    0x00000000000051f3      0x6f9 ./mtkernel_3/kernel/tkernel/klock.o
 .debug_line    0x00000000000058ec      0x867 ./mtkernel_3/kernel/tkernel/mailbox.o
 .debug_line    0x0000000000006153      0x801 ./mtkernel_3/kernel/tkernel/memory.o
 .debug_line    0x0000000000006954      0x932 ./mtkernel_3/kernel/tkernel/mempfix.o
 .debug_line    0x0000000000007286      0xb7f ./mtkernel_3/kernel/tkernel/mempool.o
 .debug_line    0x0000000000007e05      0xad1 ./mtkernel_3/kernel/tkernel/messagebuf.o
 .debug_line    0x00000000000088d6      0x5ff ./mtkernel_3/kernel/tkernel/misc_calls.o
 .debug_line    0x0000000000008ed5      0xada ./mtkernel_3/kernel/tkernel/mutex.o
 .debug_line    0x00000000000099af      0x510 ./mtkernel_3/kernel/tkernel/objname.o
 .debug_line    0x0000000000009ebf      0x519 ./mtkernel_3/kernel/tkernel/power.o
 .debug_line    0x000000000000a3d8      0x55e ./mtkernel_3/kernel/tkernel/rendezvous.o
 .debug_line    0x000000000000a936      0x8d8 ./mtkernel_3/kernel/tkernel/semaphore.o
 .debug_line    0x000000000000b20e      0x8f1 ./mtkernel_3/kernel/tkernel/task.o
 .debug_line    0x000000000000baff      0xc84 ./mtkernel_3/kernel/tkernel/task_manage.o
 .debug_line    0x000000000000c783      0x99f ./mtkernel_3/kernel/tkernel/task_sync.o
 .debug_line    0x000000000000d122      0xd4c ./mtkernel_3/kernel/tkernel/time_calls.o
 .debug_line    0x000000000000de6e      0x7af ./mtkernel_3/kernel/tkernel/timer.o
 .debug_line    0x000000000000e61d      0x5b3 ./mtkernel_3/kernel/tkernel/tkinit.o
 .debug_line    0x000000000000ebd0      0x718 ./mtkernel_3/kernel/tkernel/wait.o
 .debug_line    0x000000000000f2e8      0x586 ./mtkernel_3/kernel/sysinit/sysinit.o
 .debug_line    0x000000000000f86e      0x579 ./mtkernel_3/kernel/inittask/inittask.o
 .debug_line    0x000000000000fde7      0x490 ./mtkernel_3/device/common/drvif/msdrvif.o
 .debug_line    0x0000000000010277      0x3ca ./mtkernel_3/device/adc/adc.o
 .debug_line    0x0000000000010641      0x3ca ./mtkernel_3/device/i2c/i2c.o
 .debug_line    0x0000000000010a0b      0x81d ./mtkernel_3/device/ser/ser.o
 .debug_line    0x0000000000011228      0x698 ./mtkernel_3/device/ser/sysdepend/nrf5/ser_nrf5.o
 .debug_line    0x00000000000118c0      0x376 ./mtkernel_3/lib/libtm/sysdepend/microbit/tm_com.o
 .debug_line    0x0000000000011c36      0x211 ./mtkernel_3/lib/libtm/sysdepend/no_device/tm_com.o
 .debug_line    0x0000000000011e47      0x3e8 ./mtkernel_3/lib/libtk/sysdepend/cpu/nrf5/int_nrf5.o
 .debug_line    0x000000000001222f      0x50d ./mtkernel_3/lib/libtk/sysdepend/cpu/nrf5/ptimer_nrf5.o
 .debug_line    0x000000000001273c      0x3d8 ./mtkernel_3/lib/libtk/sysdepend/cpu/core/armv7m/int_armv7m.o
 .debug_line    0x0000000000012b14      0x3f2 ./mtkernel_3/lib/libtk/sysdepend/cpu/core/armv7m/wusec_armv7m.o
 .debug_line    0x0000000000012f06      0x69e ./mtkernel_3/kernel/sysdepend/microbit/devinit.o
 .debug_line    0x00000000000135a4      0x61c ./mtkernel_3/kernel/sysdepend/microbit/hw_setting.o
 .debug_line    0x0000000000013bc0      0x5c0 ./mtkernel_3/kernel/sysdepend/microbit/power_save.o
 .debug_line    0x0000000000014180      0x3ee ./mtkernel_3/kernel/sysdepend/cpu/nrf5/cpu_clock.o
 .debug_line    0x000000000001456e      0x628 ./mtkernel_3/kernel/sysdepend/cpu/nrf5/vector_tbl.o
 .debug_line    0x0000000000014b96      0x86b ./mtkernel_3/kernel/sysdepend/cpu/core/armv7m/cpu_cntl.o
 .debug_line    0x0000000000015401       0x9c ./mtkernel_3/kernel/sysdepend/cpu/core/armv7m/dispatch.o
 .debug_line    0x000000000001549d      0x70e ./mtkernel_3/kernel/sysdepend/cpu/core/armv7m/exc_hdr.o
 .debug_line    0x0000000000015bab      0x6d4 ./mtkernel_3/kernel/sysdepend/cpu/core/armv7m/interrupt.o
 .debug_line    0x000000000001627f      0x734 ./mtkernel_3/kernel/sysdepend/cpu/core/armv7m/reset_hdl.o
 .debug_line    0x00000000000169b3      0x370 ./mtkernel_3/app_sample2/app_main.o

.debug_str      0x0000000000000000     0xc20b
 .debug_str     0x0000000000000000     0x6c03 ./mtkernel_3/lib/libtm/libtm.o
                                       0x6cbc (size before relaxing)
 .debug_str     0x0000000000006c03      0x1f5 ./mtkernel_3/lib/libtm/libtm_printf.o
                                       0x6e93 (size before relaxing)
 .debug_str     0x0000000000006df8       0x61 ./mtkernel_3/lib/libtk/fastlock.o
                                       0x6c4b (size before relaxing)
 .debug_str     0x0000000000006e59       0x6e ./mtkernel_3/lib/libtk/fastmlock.o
                                       0x6c58 (size before relaxing)
 .debug_str     0x0000000000006ec7       0x43 ./mtkernel_3/lib/libtk/kmalloc.o
                                       0x6c07 (size before relaxing)
 .debug_str     0x0000000000006f0a       0x27 ./mtkernel_3/kernel/usermain/usermain.o
                                       0x6bf9 (size before relaxing)
 .debug_str     0x0000000000006f31       0x5f ./mtkernel_3/kernel/tstdlib/bitop.o
                                       0x6c1e (size before relaxing)
 .debug_str     0x0000000000006f90      0xaf4 ./mtkernel_3/kernel/tstdlib/string.o
                                       0x76da (size before relaxing)
 .debug_str     0x0000000000007a84      0xb58 ./mtkernel_3/kernel/tkernel/cpuctl.o
                                       0x81fb (size before relaxing)
 .debug_str     0x00000000000085dc      0x70e ./mtkernel_3/kernel/tkernel/device.o
                                       0x8011 (size before relaxing)
 .debug_str     0x0000000000008cea      0x297 ./mtkernel_3/kernel/tkernel/deviceio.o
                                       0x817e (size before relaxing)
 .debug_str     0x0000000000008f81      0x1be ./mtkernel_3/kernel/tkernel/eventflag.o
                                       0x82f6 (size before relaxing)
 .debug_str     0x000000000000913f       0x51 ./mtkernel_3/kernel/tkernel/int.o
                                       0x7fda (size before relaxing)
 .debug_str     0x0000000000009190       0xe5 ./mtkernel_3/kernel/tkernel/klock.o
                                       0x7a59 (size before relaxing)
 .debug_str     0x0000000000009275      0x200 ./mtkernel_3/kernel/tkernel/mailbox.o
                                       0x8362 (size before relaxing)
 .debug_str     0x0000000000009475      0x3a4 ./mtkernel_3/kernel/tkernel/memory.o
                                       0x7b93 (size before relaxing)
 .debug_str     0x0000000000009819      0x239 ./mtkernel_3/kernel/tkernel/mempfix.o
                                       0x83c0 (size before relaxing)
 .debug_str     0x0000000000009a52      0x1d9 ./mtkernel_3/kernel/tkernel/mempool.o
                                       0x874d (size before relaxing)
 .debug_str     0x0000000000009c2b      0x29e ./mtkernel_3/kernel/tkernel/messagebuf.o
                                       0x8411 (size before relaxing)
 .debug_str     0x0000000000009ec9       0xa0 ./mtkernel_3/kernel/tkernel/misc_calls.o
                                       0x8040 (size before relaxing)
 .debug_str     0x0000000000009f69      0x1a1 ./mtkernel_3/kernel/tkernel/mutex.o
                                       0x833b (size before relaxing)
 .debug_str     0x000000000000a10a       0x1c ./mtkernel_3/kernel/tkernel/objname.o
                                       0x7672 (size before relaxing)
 .debug_str     0x000000000000a126       0x2c ./mtkernel_3/kernel/tkernel/power.o
                                       0x7d4f (size before relaxing)
 .debug_str     0x000000000000a152       0x61 ./mtkernel_3/kernel/tkernel/rendezvous.o
                                       0x7eb9 (size before relaxing)
 .debug_str     0x000000000000a1b3      0x156 ./mtkernel_3/kernel/tkernel/semaphore.o
                                       0x82d2 (size before relaxing)
 .debug_str     0x000000000000a309      0x26a ./mtkernel_3/kernel/tkernel/task.o
                                       0x843c (size before relaxing)
 .debug_str     0x000000000000a573      0x16a ./mtkernel_3/kernel/tkernel/task_manage.o
                                       0x8425 (size before relaxing)
 .debug_str     0x000000000000a6dd       0x96 ./mtkernel_3/kernel/tkernel/task_sync.o
                                       0x8320 (size before relaxing)
 .debug_str     0x000000000000a773      0x4f4 ./mtkernel_3/kernel/tkernel/time_calls.o
                                       0x8646 (size before relaxing)
 .debug_str     0x000000000000ac67      0x12b ./mtkernel_3/kernel/tkernel/timer.o
                                       0x7b53 (size before relaxing)
 .debug_str     0x000000000000ad92       0x2b ./mtkernel_3/kernel/tkernel/tkinit.o
                                       0x7686 (size before relaxing)
 .debug_str     0x000000000000adbd      0x11a ./mtkernel_3/kernel/tkernel/wait.o
                                       0x7bae (size before relaxing)
 .debug_str     0x000000000000aed7       0x3b ./mtkernel_3/kernel/sysinit/sysinit.o
                                       0x76e1 (size before relaxing)
 .debug_str     0x000000000000af12       0xf0 ./mtkernel_3/kernel/inittask/inittask.o
                                       0x778e (size before relaxing)
 .debug_str     0x000000000000b002      0x102 ./mtkernel_3/device/common/drvif/msdrvif.o
                                       0x6df4 (size before relaxing)
 .debug_str     0x000000000000b104       0xee ./mtkernel_3/device/adc/adc.o
                                       0x6ccb (size before relaxing)
 .debug_str     0x000000000000b1f2       0x95 ./mtkernel_3/device/i2c/i2c.o
                                       0x6cff (size before relaxing)
 .debug_str     0x000000000000b287      0x58d ./mtkernel_3/device/ser/ser.o
                                       0x7302 (size before relaxing)
 .debug_str     0x000000000000b814       0xcf ./mtkernel_3/device/ser/sysdepend/nrf5/ser_nrf5.o
                                       0x7189 (size before relaxing)
 .debug_str     0x000000000000b8e3       0x80 ./mtkernel_3/lib/libtm/sysdepend/microbit/tm_com.o
                                       0x5442 (size before relaxing)
 .debug_str     0x000000000000b963       0x2a ./mtkernel_3/lib/libtm/sysdepend/no_device/tm_com.o
                                       0x5034 (size before relaxing)
 .debug_str     0x000000000000b98d       0xad ./mtkernel_3/lib/libtk/sysdepend/cpu/nrf5/int_nrf5.o
                                       0x6c81 (size before relaxing)
 .debug_str     0x000000000000ba3a      0x14f ./mtkernel_3/lib/libtk/sysdepend/cpu/nrf5/ptimer_nrf5.o
                                       0x6d6c (size before relaxing)
 .debug_str     0x000000000000bb89       0x8e ./mtkernel_3/lib/libtk/sysdepend/cpu/core/armv7m/int_armv7m.o
                                       0x6c81 (size before relaxing)
 .debug_str     0x000000000000bc17       0x6d ./mtkernel_3/lib/libtk/sysdepend/cpu/core/armv7m/wusec_armv7m.o
                                       0x6c36 (size before relaxing)
 .debug_str     0x000000000000bc84       0xb9 ./mtkernel_3/kernel/sysdepend/microbit/devinit.o
                                       0x7910 (size before relaxing)
 .debug_str     0x000000000000bd3d       0x6f ./mtkernel_3/kernel/sysdepend/microbit/hw_setting.o
                                       0x7718 (size before relaxing)
 .debug_str     0x000000000000bdac       0x3a ./mtkernel_3/kernel/sysdepend/microbit/power_save.o
                                       0x76c9 (size before relaxing)
 .debug_str     0x000000000000bde6       0x46 ./mtkernel_3/kernel/sysdepend/cpu/nrf5/cpu_clock.o
                                       0x6c55 (size before relaxing)
 .debug_str     0x000000000000be2c       0xc1 ./mtkernel_3/kernel/sysdepend/cpu/nrf5/vector_tbl.o
                                       0x7750 (size before relaxing)
 .debug_str     0x000000000000beed       0xa8 ./mtkernel_3/kernel/sysdepend/cpu/core/armv7m/cpu_cntl.o
                                       0x7af3 (size before relaxing)
 .debug_str     0x000000000000bf95       0x3d ./mtkernel_3/kernel/sysdepend/cpu/core/armv7m/dispatch.o
                                         0x70 (size before relaxing)
 .debug_str     0x000000000000bfd2       0xf2 ./mtkernel_3/kernel/sysdepend/cpu/core/armv7m/exc_hdr.o
                                       0x7a3f (size before relaxing)
 .debug_str     0x000000000000c0c4       0xb6 ./mtkernel_3/kernel/sysdepend/cpu/core/armv7m/interrupt.o
                                       0x7829 (size before relaxing)
 .debug_str     0x000000000000c17a       0x77 ./mtkernel_3/kernel/sysdepend/cpu/core/armv7m/reset_hdl.o
                                       0x77c8 (size before relaxing)
 .debug_str     0x000000000000c1f1       0x1a ./mtkernel_3/app_sample2/app_main.o
                                       0x6bfc (size before relaxing)

.comment        0x0000000000000000       0x49
 .comment       0x0000000000000000       0x49 ./mtkernel_3/lib/libtm/libtm.o
                                         0x4a (size before relaxing)
 .comment       0x0000000000000049       0x4a ./mtkernel_3/lib/libtm/libtm_printf.o
 .comment       0x0000000000000049       0x4a ./mtkernel_3/lib/libtk/fastlock.o
 .comment       0x0000000000000049       0x4a ./mtkernel_3/lib/libtk/fastmlock.o
 .comment       0x0000000000000049       0x4a ./mtkernel_3/lib/libtk/kmalloc.o
 .comment       0x0000000000000049       0x4a ./mtkernel_3/kernel/usermain/usermain.o
 .comment       0x0000000000000049       0x4a ./mtkernel_3/kernel/tstdlib/bitop.o
 .comment       0x0000000000000049       0x4a ./mtkernel_3/kernel/tstdlib/string.o
 .comment       0x0000000000000049       0x4a ./mtkernel_3/kernel/tkernel/cpuctl.o
 .comment       0x0000000000000049       0x4a ./mtkernel_3/kernel/tkernel/device.o
 .comment       0x0000000000000049       0x4a ./mtkernel_3/kernel/tkernel/deviceio.o
 .comment       0x0000000000000049       0x4a ./mtkernel_3/kernel/tkernel/eventflag.o
 .comment       0x0000000000000049       0x4a ./mtkernel_3/kernel/tkernel/int.o
 .comment       0x0000000000000049       0x4a ./mtkernel_3/kernel/tkernel/klock.o
 .comment       0x0000000000000049       0x4a ./mtkernel_3/kernel/tkernel/mailbox.o
 .comment       0x0000000000000049       0x4a ./mtkernel_3/kernel/tkernel/memory.o
 .comment       0x0000000000000049       0x4a ./mtkernel_3/kernel/tkernel/mempfix.o
 .comment       0x0000000000000049       0x4a ./mtkernel_3/kernel/tkernel/mempool.o
 .comment       0x0000000000000049       0x4a ./mtkernel_3/kernel/tkernel/messagebuf.o
 .comment       0x0000000000000049       0x4a ./mtkernel_3/kernel/tkernel/misc_calls.o
 .comment       0x0000000000000049       0x4a ./mtkernel_3/kernel/tkernel/mutex.o
 .comment       0x0000000000000049       0x4a ./mtkernel_3/kernel/tkernel/objname.o
 .comment       0x0000000000000049       0x4a ./mtkernel_3/kernel/tkernel/power.o
 .comment       0x0000000000000049       0x4a ./mtkernel_3/kernel/tkernel/rendezvous.o
 .comment       0x0000000000000049       0x4a ./mtkernel_3/kernel/tkernel/semaphore.o
 .comment       0x0000000000000049       0x4a ./mtkernel_3/kernel/tkernel/task.o
 .comment       0x0000000000000049       0x4a ./mtkernel_3/kernel/tkernel/task_manage.o
 .comment       0x0000000000000049       0x4a ./mtkernel_3/kernel/tkernel/task_sync.o
 .comment       0x0000000000000049       0x4a ./mtkernel_3/kernel/tkernel/time_calls.o
 .comment       0x0000000000000049       0x4a ./mtkernel_3/kernel/tkernel/timer.o
 .comment       0x0000000000000049       0x4a ./mtkernel_3/kernel/tkernel/tkinit.o
 .comment       0x0000000000000049       0x4a ./mtkernel_3/kernel/tkernel/wait.o
 .comment       0x0000000000000049       0x4a ./mtkernel_3/kernel/sysinit/sysinit.o
 .comment       0x0000000000000049       0x4a ./mtkernel_3/kernel/inittask/inittask.o
 .comment       0x0000000000000049       0x4a ./mtkernel_3/device/common/drvif/msdrvif.o
 .comment       0x0000000000000049       0x4a ./mtkernel_3/device/adc/adc.o
 .comment       0x0000000000000049       0x4a ./mtkernel_3/device/i2c/i2c.o
 .comment       0x0000000000000049       0x4a ./mtkernel_3/device/ser/ser.o
 .comment       0x0000000000000049       0x4a ./mtkernel_3/device/ser/sysdepend/nrf5/ser_nrf5.o
 .comment       0x0000000000000049       0x4a ./mtkernel_3/lib/libtm/sysdepend/microbit/tm_com.o
 .comment       0x0000000000000049       0x4a ./mtkernel_3/lib/libtm/sysdepend/no_device/tm_com.o
 .comment       0x0000000000000049       0x4a ./mtkernel_3/lib/libtk/sysdepend/cpu/nrf5/int_nrf5.o
 .comment       0x0000000000000049       0x4a ./mtkernel_3/lib/libtk/sysdepend/cpu/nrf5/ptimer_nrf5.o
 .comment       0x0000000000000049       0x4a ./mtkernel_3/lib/libtk/sysdepend/cpu/core/armv7m/int_armv7m.o
 .comment       0x0000000000000049       0x4a ./mtkernel_3/lib/libtk/sysdepend/cpu/core/armv7m/wusec_armv7m.o
 .comment       0x0000000000000049       0x4a ./mtkernel_3/kernel/sysdepend/microbit/devinit.o
 .comment       0x0000000000000049       0x4a ./mtkernel_3/kernel/sysdepend/microbit/hw_setting.o
 .comment       0x0000000000000049       0x4a ./mtkernel_3/kernel/sysdepend/microbit/power_save.o
 .comment       0x0000000000000049       0x4a ./mtkernel_3/kernel/sysdepend/cpu/nrf5/cpu_clock.o
 .comment       0x0000000000000049       0x4a ./mtkernel_3/kernel/sysdepend/cpu/nrf5/vector_tbl.o
 .comment       0x0000000000000049       0x4a ./mtkernel_3/kernel/sysdepend/cpu/core/armv7m/cpu_cntl.o
 .comment       0x0000000000000049       0x4a ./mtkernel_3/kernel/sysdepend/cpu/core/armv7m/exc_hdr.o
 .comment       0x0000000000000049       0x4a ./mtkernel_3/kernel/sysdepend/cpu/core/armv7m/interrupt.o
 .comment       0x0000000000000049       0x4a ./mtkernel_3/kernel/sysdepend/cpu/core/armv7m/reset_hdl.o
 .comment       0x0000000000000049       0x4a ./mtkernel_3/app_sample2/app_main.o

.ARM.attributes
                0x0000000000000000       0x32
 .ARM.attributes
                0x0000000000000000       0x34 ./mtkernel_3/lib/libtm/libtm.o
 .ARM.attributes
                0x0000000000000034       0x34 ./mtkernel_3/lib/libtm/libtm_printf.o
 .ARM.attributes
                0x0000000000000068       0x34 ./mtkernel_3/lib/libtk/fastlock.o
 .ARM.attributes
                0x000000000000009c       0x34 ./mtkernel_3/lib/libtk/fastmlock.o
 .ARM.attributes
                0x00000000000000d0       0x34 ./mtkernel_3/lib/libtk/kmalloc.o
 .ARM.attributes
                0x0000000000000104       0x34 ./mtkernel_3/kernel/usermain/usermain.o
 .ARM.attributes
                0x0000000000000138       0x34 ./mtkernel_3/kernel/tstdlib/bitop.o
 .ARM.attributes
                0x000000000000016c       0x34 ./mtkernel_3/kernel/tstdlib/string.o
 .ARM.attributes
                0x00000000000001a0       0x34 ./mtkernel_3/kernel/tkernel/cpuctl.o
 .ARM.attributes
                0x00000000000001d4       0x34 ./mtkernel_3/kernel/tkernel/device.o
 .ARM.attributes
                0x0000000000000208       0x34 ./mtkernel_3/kernel/tkernel/deviceio.o
 .ARM.attributes
                0x000000000000023c       0x34 ./mtkernel_3/kernel/tkernel/eventflag.o
 .ARM.attributes
                0x0000000000000270       0x34 ./mtkernel_3/kernel/tkernel/int.o
 .ARM.attributes
                0x00000000000002a4       0x34 ./mtkernel_3/kernel/tkernel/klock.o
 .ARM.attributes
                0x00000000000002d8       0x34 ./mtkernel_3/kernel/tkernel/mailbox.o
 .ARM.attributes
                0x000000000000030c       0x34 ./mtkernel_3/kernel/tkernel/memory.o
 .ARM.attributes
                0x0000000000000340       0x34 ./mtkernel_3/kernel/tkernel/mempfix.o
 .ARM.attributes
                0x0000000000000374       0x34 ./mtkernel_3/kernel/tkernel/mempool.o
 .ARM.attributes
                0x00000000000003a8       0x34 ./mtkernel_3/kernel/tkernel/messagebuf.o
 .ARM.attributes
                0x00000000000003dc       0x34 ./mtkernel_3/kernel/tkernel/misc_calls.o
 .ARM.attributes
                0x0000000000000410       0x34 ./mtkernel_3/kernel/tkernel/mutex.o
 .ARM.attributes
                0x0000000000000444       0x34 ./mtkernel_3/kernel/tkernel/objname.o
 .ARM.attributes
                0x0000000000000478       0x34 ./mtkernel_3/kernel/tkernel/power.o
 .ARM.attributes
                0x00000000000004ac       0x34 ./mtkernel_3/kernel/tkernel/rendezvous.o
 .ARM.attributes
                0x00000000000004e0       0x34 ./mtkernel_3/kernel/tkernel/semaphore.o
 .ARM.attributes
                0x0000000000000514       0x34 ./mtkernel_3/kernel/tkernel/task.o
 .ARM.attributes
                0x0000000000000548       0x34 ./mtkernel_3/kernel/tkernel/task_manage.o
 .ARM.attributes
                0x000000000000057c       0x34 ./mtkernel_3/kernel/tkernel/task_sync.o
 .ARM.attributes
                0x00000000000005b0       0x34 ./mtkernel_3/kernel/tkernel/time_calls.o
 .ARM.attributes
                0x00000000000005e4       0x34 ./mtkernel_3/kernel/tkernel/timer.o
 .ARM.attributes
                0x0000000000000618       0x34 ./mtkernel_3/kernel/tkernel/tkinit.o
 .ARM.attributes
                0x000000000000064c       0x34 ./mtkernel_3/kernel/tkernel/wait.o
 .ARM.attributes
                0x0000000000000680       0x34 ./mtkernel_3/kernel/sysinit/sysinit.o
 .ARM.attributes
                0x00000000000006b4       0x34 ./mtkernel_3/kernel/inittask/inittask.o
 .ARM.attributes
                0x00000000000006e8       0x34 ./mtkernel_3/device/common/drvif/msdrvif.o
 .ARM.attributes
                0x000000000000071c       0x34 ./mtkernel_3/device/adc/adc.o
 .ARM.attributes
                0x0000000000000750       0x34 ./mtkernel_3/device/i2c/i2c.o
 .ARM.attributes
                0x0000000000000784       0x34 ./mtkernel_3/device/ser/ser.o
 .ARM.attributes
                0x00000000000007b8       0x34 ./mtkernel_3/device/ser/sysdepend/nrf5/ser_nrf5.o
 .ARM.attributes
                0x00000000000007ec       0x34 ./mtkernel_3/lib/libtm/sysdepend/microbit/tm_com.o
 .ARM.attributes
                0x0000000000000820       0x34 ./mtkernel_3/lib/libtm/sysdepend/no_device/tm_com.o
 .ARM.attributes
                0x0000000000000854       0x34 ./mtkernel_3/lib/libtk/sysdepend/cpu/nrf5/int_nrf5.o
 .ARM.attributes
                0x0000000000000888       0x34 ./mtkernel_3/lib/libtk/sysdepend/cpu/nrf5/ptimer_nrf5.o
 .ARM.attributes
                0x00000000000008bc       0x34 ./mtkernel_3/lib/libtk/sysdepend/cpu/core/armv7m/int_armv7m.o
 .ARM.attributes
                0x00000000000008f0       0x34 ./mtkernel_3/lib/libtk/sysdepend/cpu/core/armv7m/wusec_armv7m.o
 .ARM.attributes
                0x0000000000000924       0x34 ./mtkernel_3/kernel/sysdepend/microbit/devinit.o
 .ARM.attributes
                0x0000000000000958       0x34 ./mtkernel_3/kernel/sysdepend/microbit/hw_setting.o
 .ARM.attributes
                0x000000000000098c       0x34 ./mtkernel_3/kernel/sysdepend/microbit/power_save.o
 .ARM.attributes
                0x00000000000009c0       0x34 ./mtkernel_3/kernel/sysdepend/cpu/nrf5/cpu_clock.o
 .ARM.attributes