Archive member included to satisfy reference by file (symbol)

/opt/gcc-arm-none-eabi/bin/../lib/gcc/arm-none-eabi/10.3.1/../../../../arm-none-eabi/lib/thumb/v7e-m+fp/hard/libg.a(lib_a-memcpy.o)
                              ./mtkernel_3/device/ser/sysdepend/nrf5/ser_nrf5.o (memcpy)

Discarded input sections

 .group         0x0000000000000000        0xc ./mtkernel_3/app_sample2/app_main.o
 .group         0x0000000000000000        0xc ./mtkernel_3/app_sample2/app_main.o
 .group         0x0000000000000000        0xc ./mtkernel_3/app_sample2/app_main.o
 .group         0x0000000000000000        0xc ./mtkernel_3/app_sample2/app_main.o
 .group         0x0000000000000000        0xc ./mtkernel_3/app_sample2/app_main.o
 .group         0x0000000000000000        0xc ./mtkernel_3/app_sample2/app_main.o
 .group         0x0000000000000000        0xc ./mtkernel_3/app_sample2/app_main.o
 .group         0x0000000000000000        0xc ./mtkernel_3/app_sample2/app_main.o
 .group         0x0000000000000000        0xc ./mtkernel_3/app_sample2/app_main.o
 .group         0x0000000000000000        0xc ./mtkernel_3/app_sample2/app_main.o
 .group         0x0000000000000000        0xc ./mtkernel_3/app_sample2/app_main.o
 .group         0x0000000000000000        0xc ./mtkernel_3/app_sample2/app_main.o
 .group         0x0000000000000000        0xc ./mtkernel_3/app_sample2/app_main.o
 .group         0x0000000000000000        0xc ./mtkernel_3/app_sample2/app_main.o
 .group         0x0000000000000000        0xc ./mtkernel_3/app_sample2/app_main.o
 .group         0x0000000000000000        0xc ./mtkernel_3/app_sample2/app_main.o
 .group         0x0000000000000000        0xc ./mtkernel_3/app_sample2/app_main.o
 .group         0x0000000000000000        0xc ./mtkernel_3/app_sample2/app_main.o
 .group         0x0000000000000000        0xc ./mtkernel_3/app_sample2/app_main.o
 .group         0x0000000000000000        0xc ./mtkernel_3/app_sample2/app_main.o
 .group         0x0000000000000000        0xc ./mtkernel_3/app_sample2/app_main.o
 .group         0x0000000000000000        0xc ./mtkernel_3/app_sample2/app_main.o
 .group         0x0000000000000000        0xc ./mtkernel_3/app_sample2/app_main.o
 .group         0x0000000000000000        0xc ./mtkernel_3/lib/libtm/libtm.o
 .group         0x0000000000000000        0xc ./mtkernel_3/lib/libtm/libtm.o
 .group         0x0000000000000000        0xc ./mtkernel_3/lib/libtm/libtm.o
 .group         0x0000000000000000        0xc ./mtkernel_3/lib/libtm/libtm.o
 .group         0x0000000000000000        0xc ./mtkernel_3/lib/libtm/libtm.o
 .group         0x0000000000000000        0xc ./mtkernel_3/lib/libtm/libtm.o
 .group         0x0000000000000000        0xc ./mtkernel_3/lib/libtm/libtm.o
 .group         0x0000000000000000        0xc ./mtkernel_3/lib/libtm/libtm.o
 .group         0x0000000000000000        0xc ./mtkernel_3/lib/libtm/libtm.o
 .group         0x0000000000000000        0xc ./mtkernel_3/lib/libtm/libtm.o
 .group         0x0000000000000000        0xc ./mtkernel_3/lib/libtm/libtm.o
 .group         0x0000000000000000        0xc ./mtkernel_3/lib/libtm/libtm.o
 .group         0x0000000000000000        0xc ./mtkernel_3/lib/libtm/libtm.o
 .group         0x0000000000000000        0xc ./mtkernel_3/lib/libtm/libtm.o
 .group         0x0000000000000000        0xc ./mtkernel_3/lib/libtm/libtm.o
 .group         0x0000000000000000        0xc ./mtkernel_3/lib/libtm/libtm.o
 .group         0x0000000000000000        0xc ./mtkernel_3/lib/libtm/libtm.o
 .group         0x0000000000000000        0xc ./mtkernel_3/lib/libtm/libtm.o
 .group         0x0000000000000000        0xc ./mtkernel_3/lib/libtm/libtm.o
 .group         0x0000000000000000        0xc ./mtkernel_3/lib/libtm/libtm.o
 .group         0x0000000000000000        0xc ./mtkernel_3/lib/libtm/libtm.o
 .group         0x0000000000000000        0xc ./mtkernel_3/lib/libtm/libtm.o
 .group         0x0000000000000000        0xc ./mtkernel_3/lib/libtm/libtm.o
 .group         0x0000000000000000        0xc ./mtkernel_3/lib/libtm/libtm.o
 .group         0x0000000000000000        0xc ./mtkernel_3/lib/libtm/libtm.o
 .debug_macro   0x0000000000000000      0xa6c ./mtkernel_3/lib/libtm/libtm.o
 .debug_macro   0x0000000000000000      0x169 ./mtkernel_3/lib/libtm/libtm.o
 .debug_macro   0x0000000000000000      0x29a ./mtkernel_3/lib/libtm/libtm.o
 .debug_macro   0x0000000000000000       0x28 ./mtkernel_3/lib/libtm/libtm.o
 .debug_macro   0x0000000000000000       0x1c ./mtkernel_3/lib/libtm/libtm.o
 .debug_macro   0x0000000000000000       0x34 ./mtkernel_3/lib/libtm/libtm.o
 .debug_macro   0x0000000000000000       0x46 ./mtkernel_3/lib/libtm/libtm.o
 .debug_macro   0x0000000000000000       0xa6 ./mtkernel_3/lib/libtm/libtm.o
 .debug_macro   0x0000000000000000       0x1c ./mtkernel_3/lib/libtm/libtm.o
 .debug_macro   0x0000000000000000      0x1d3 ./mtkernel_3/lib/libtm/libtm.o
 .debug_macro   0x0000000000000000      0x2b3 ./mtkernel_3/lib/libtm/libtm.o
[...]
Memory Configuration

Name             Origin             Length             Attributes
RAM              0x0000000020000000 0x0000000000020000 xrw
ROM              0x0000000000000000 0x0000000000080000 xr
*default*        0x0000000000000000 0xffffffffffffffff

Linker script and memory map

LOAD /opt/gcc-arm-none-eabi/bin/../lib/gcc/arm-none-eabi/10.3.1/../../../../arm-none-eabi/lib/thumb/v7e-m+fp/hard/libc.a
LOAD /opt/gcc-arm-none-eabi/bin/../lib/gcc/arm-none-eabi/10.3.1/../../../../arm-none-eabi/lib/thumb/v7e-m+fp/hard/libnosys.a
LOAD ./mtkernel_3/app_sample2/app_main.o
LOAD ./mtkernel_3/lib/libtm/libtm.o
LOAD ./mtkernel_3/lib/libtm/libtm_printf.o
LOAD ./mtkernel_3/lib/libtk/fastlock.o
LOAD ./mtkernel_3/lib/libtk/fastmlock.o
LOAD ./mtkernel_3/lib/libtk/kmalloc.o
LOAD ./mtkernel_3/kernel/usermain/usermain.o
LOAD ./mtkernel_3/kernel/tstdlib/bitop.o
LOAD ./mtkernel_3/kernel/tstdlib/string.o
LOAD ./mtkernel_3/kernel/tkernel/cpuctl.o
LOAD ./mtkernel_3/kernel/tkernel/device.o
LOAD ./mtkernel_3/kernel/tkernel/deviceio.o
LOAD ./mtkernel_3/kernel/tkernel/eventflag.o
LOAD ./mtkernel_3/kernel/tkernel/int.o
LOAD ./mtkernel_3/kernel/tkernel/klock.o
LOAD ./mtkernel_3/kernel/tkernel/mailbox.o
LOAD ./mtkernel_3/kernel/tkernel/memory.o
LOAD ./mtkernel_3/kernel/tkernel/mempfix.o
LOAD ./mtkernel_3/kernel/tkernel/mempool.o
LOAD ./mtkernel_3/kernel/tkernel/messagebuf.o
LOAD ./mtkernel_3/kernel/tkernel/misc_calls.o
LOAD ./mtkernel_3/kernel/tkernel/mutex.o
LOAD ./mtkernel_3/kernel/tkernel/objname.o
LOAD ./mtkernel_3/kernel/tkernel/power.o
LOAD ./mtkernel_3/kernel/tkernel/rendezvous.o
LOAD ./mtkernel_3/kernel/tkernel/semaphore.o
LOAD ./mtkernel_3/kernel/tkernel/task.o
LOAD ./mtkernel_3/kernel/tkernel/task_manage.o
LOAD ./mtkernel_3/kernel/tkernel/task_sync.o
LOAD ./mtkernel_3/kernel/tkernel/time_calls.o
LOAD ./mtkernel_3/kernel/tkernel/timer.o
LOAD ./mtkernel_3/kernel/tkernel/tkinit.o
LOAD ./mtkernel_3/kernel/tkernel/wait.o
LOAD ./mtkernel_3/kernel/sysinit/sysinit.o
LOAD ./mtkernel_3/kernel/inittask/inittask.o
LOAD ./mtkernel_3/device/common/drvif/msdrvif.o
LOAD ./mtkernel_3/device/adc/adc.o
LOAD ./mtkernel_3/device/i2c/i2c.o
LOAD ./mtkernel_3/device/ser/ser.o
LOAD ./mtkernel_3/device/ser/sysdepend/nrf5/ser_nrf5.o
LOAD ./mtkernel_3/lib/libtm/sysdepend/microbit/tm_com.o
LOAD ./mtkernel_3/lib/libtm/sysdepend/no_device/tm_com.o
LOAD ./mtkernel_3/lib/libtk/sysdepend/cpu/nrf5/int_nrf5.o
LOAD ./mtkernel_3/lib/libtk/sysdepend/cpu/nrf5/ptimer_nrf5.o
LOAD ./mtkernel_3/lib/libtk/sysdepend/cpu/core/armv7m/int_armv7m.o
LOAD ./mtkernel_3/lib/libtk/sysdepend/cpu/core/armv7m/wusec_armv7m.o
LOAD ./mtkernel_3/kernel/sysdepend/microbit/devinit.o
LOAD ./mtkernel_3/kernel/sysdepend/microbit/hw_setting.o
LOAD ./mtkernel_3/kernel/sysdepend/microbit/power_save.o
LOAD ./mtkernel_3/kernel/sysdepend/cpu/nrf5/cpu_clock.o
LOAD ./mtkernel_3/kernel/sysdepend/cpu/nrf5/vector_tbl.o
LOAD ./mtkernel_3/kernel/sysdepend/cpu/core/armv7m/cpu_cntl.o
LOAD ./mtkernel_3/kernel/sysdepend/cpu/core/armv7m/dispatch.o
LOAD ./mtkernel_3/kernel/sysdepend/cpu/core/armv7m/exc_hdr.o
LOAD ./mtkernel_3/kernel/sysdepend/cpu/core/armv7m/interrupt.o
LOAD ./mtkernel_3/kernel/sysdepend/cpu/core/armv7m/reset_hdl.o
LOAD ./mtkernel_3/app_sample2/app_main.o
START GROUP
LOAD /opt/gcc-arm-none-eabi/bin/../lib/gcc/arm-none-eabi/10.3.1/thumb/v7e-m+fp/hard/libgcc.a
LOAD /opt/gcc-arm-none-eabi/bin/../lib/gcc/arm-none-eabi/10.3.1/../../../../arm-none-eabi/lib/thumb/v7e-m+fp/hard/libg.a
LOAD /opt/gcc-arm-none-eabi/bin/../lib/gcc/arm-none-eabi/10.3.1/../../../../arm-none-eabi/lib/thumb/v7e-m+fp/hard/libc.a
END GROUP

.text           0x0000000000000000     0xcc4f
                0x0000000000000000                . = ALIGN (0x8)
                0x0000000000000000                __vector_org = .
 *(.vector)
 .vector        0x0000000000000000      0x100 ./mtkernel_3/kernel/sysdepend/cpu/nrf5/vector_tbl.o
                0x0000000000000000                vector_tbl
                0x0000000000000100                __start = .
 *(.text)
 .text          0x0000000000000100       0xd0 ./mtkernel_3/app_sample2/app_main.o
                0x0000000000000154                usermain
 .text          0x00000000000001d0      0x134 ./mtkernel_3/lib/libtm/libtm.o
                0x00000000000001d0                libtm_init
                0x00000000000001dc                tm_getchar
                0x0000000000000206                tm_getline
                0x000000000000027c                tm_putchar
                0x00000000000002c4                tm_putstring
 .text          0x0000000000000304      0x80c ./mtkernel_3/lib/libtm/libtm_printf.o
                0x0000000000000a40                tm_printf
                0x0000000000000ac6                tm_sprintf
 .text          0x0000000000000b10      0x150 ./mtkernel_3/lib/libtk/fastlock.o
                0x0000000000000b68                Lock
                0x0000000000000b94                Unlock
                0x0000000000000bbc                CreateLock
                0x0000000000000c38                DeleteLock
 .text          0x0000000000000c60      0x244 ./mtkernel_3/lib/libtk/fastmlock.o
                0x0000000000000d1e                MLockTmo
                0x0000000000000d8a                MLock
                0x0000000000000daa                MUnlock
                0x0000000000000dee                CreateMLock
                0x0000000000000e68                DeleteMLock
 .text          0x0000000000000ea4       0x66 ./mtkernel_3/lib/libtk/kmalloc.o
                0x0000000000000ea4                Kmalloc
                0x0000000000000ebc                Kcalloc
                0x0000000000000ed8                Krealloc
                0x0000000000000ef4                Kfree
 .text          0x0000000000000f0a       0x10 ./mtkernel_3/kernel/usermain/usermain.o
 .text          0x0000000000000f1a        0x0 ./mtkernel_3/kernel/tstdlib/bitop.o
 .text          0x0000000000000f1a      0x1f2 ./mtkernel_3/kernel/tstdlib/string.o
                0x0000000000000f1a                knl_memset
                0x0000000000000fb2                knl_memcpy
                0x0000000000000fe6                knl_strlen
                0x0000000000001008                knl_strcpy
                0x0000000000001036                knl_strncpy
                0x0000000000001088                knl_strcmp
                0x00000000000010ce                knl_strcat
 .text          0x000000000000110c      0x4b4 ./mtkernel_3/kernel/tkernel/cpuctl.o
                0x000000000000112c                tk_dis_dsp
                0x0000000000001168                tk_ena_dsp
                0x00000000000011b8                tk_set_reg
                0x00000000000012a8                tk_get_reg
                0x0000000000001398                tk_set_cpr
                0x00000000000014ac                tk_get_cpr
 .text          0x00000000000015c0      0x930 ./mtkernel_3/kernel/tkernel/device.o
                0x00000000000016d0                knl_searchDevCB
                0x00000000000017a0                tk_def_dev
                0x00000000000018fc                tk_ref_idv
                0x0000000000001930                knl_phydevnm
                0x0000000000001a44                tk_get_dev
                0x0000000000001ae4                tk_ref_dev
                0x0000000000001b8c                tk_oref_dev
                0x0000000000001c24                tk_lst_dev
                0x0000000000001cec                tk_evt_dev
                0x0000000000001e44                knl_initialize_devmgr
                0x0000000000001ec4                knl_finish_devmgr
 .text          0x0000000000001ef0     0x11c0 ./mtkernel_3/kernel/tkernel/deviceio.o
                0x0000000000001fd2                knl_GetResCB
                0x0000000000002004                knl_check_devdesc
                0x0000000000002070                knl_delOpnCB
                0x00000000000020b0                knl_delReqCB
                0x00000000000020dc                knl_chkopen
                0x00000000000022a6                tk_opn_dev
                0x0000000000002638                knl_close_device
                0x0000000000002748                tk_cls_dev
                0x00000000000027e0                knl_request
                0x00000000000029a0                tk_rea_dev
                0x00000000000029ce                tk_srea_dev
                0x0000000000002a26                tk_wri_dev
                0x0000000000002a54                tk_swri_dev
                0x0000000000002af8                tk_wai_dev
                0x0000000000002e64                tk_sus_dev
                0x0000000000002f64                knl_devmgr_startup
                0x0000000000002f90                knl_devmgr_cleanup
                0x000000000000300c                knl_initDevIO
                0x00000000000030a0                knl_finishDevIO
 .text          0x00000000000030b0      0x6cc ./mtkernel_3/kernel/tkernel/eventflag.o
                0x00000000000031ca                knl_eventflag_initialize
                0x0000000000003214                tk_cre_flg
                0x00000000000032d4                tk_del_flg
                0x0000000000003374                tk_set_flg
                0x0000000000003484                tk_clr_flg
                0x000000000000354c                tk_wai_flg
                0x00000000000036d8                tk_ref_flg
 .text          0x000000000000377c       0xa0 ./mtkernel_3/kernel/tkernel/int.o
                0x000000000000377c                tk_def_int
                0x0000000000003810                tk_ret_int
 .text          0x000000000000381c      0x3dc ./mtkernel_3/kernel/tkernel/klock.o
                0x0000000000003a7a                knl_LockOBJ
                0x0000000000003b4c                knl_UnlockOBJ
 .text          0x0000000000003bf8      0x5b4 ./mtkernel_3/kernel/tkernel/mailbox.o
                0x0000000000003d10                knl_mailbox_initialize
                0x0000000000003d5c                tk_cre_mbx
                0x0000000000003e18                tk_del_mbx
                0x0000000000003eb8                tk_snd_mbx
                0x0000000000003ff0                tk_rcv_mbx
                0x0000000000004108                tk_ref_mbx
 .text          0x00000000000041ac      0x58c ./mtkernel_3/kernel/tkernel/memory.o
                0x0000000000004230                knl_searchFreeArea
                0x00000000000042ce                knl_appendFreeArea
                0x000000000000437c                knl_removeFreeQue
                0x00000000000043f0                knl_insertAreaQue
                0x000000000000442e                knl_removeAreaQue
                0x000000000000446c                knl_Imalloc
                0x0000000000004518                knl_Icalloc
                0x0000000000004552                knl_Irealloc
                0x00000000000045ba                knl_Ifree
                0x000000000000466c                knl_init_Imalloc
 .text          0x0000000000004738      0x734 ./mtkernel_3/kernel/tkernel/mempfix.o
                0x0000000000004840                knl_fix_memorypool_initialize
                0x0000000000004894                tk_cre_mpf
                0x0000000000004a10                tk_del_mpf
                0x0000000000004b28                tk_get_mpf
                0x0000000000004c8c                tk_rel_mpf
                0x0000000000004dac                tk_ref_mpf
 .text          0x0000000000004e6c      0xa90 ./mtkernel_3/kernel/tkernel/mempool.o
                0x0000000000004f8e                knl_memorypool_initialize
                0x000000000000522a                knl_mpl_wakeup
                0x00000000000052d0                tk_cre_mpl
                0x0000000000005440                tk_del_mpl
                0x000000000000558a                tk_get_mpl
                0x00000000000056f0                tk_rel_mpl
                0x00000000000057dc                tk_ref_mpl
 .text          0x00000000000058fc      0x9f8 ./mtkernel_3/kernel/tkernel/messagebuf.o
                0x0000000000005a1a                knl_messagebuffer_initialize
                0x0000000000005b74                tk_cre_mbf
                0x0000000000005ce8                tk_del_mbf
                0x0000000000005e0a                tk_snd_mbf
                0x000000000000607a                tk_rcv_mbf
                0x00000000000061f8                tk_ref_mbf
 .text          0x00000000000062f4      0x164 ./mtkernel_3/kernel/tkernel/misc_calls.o
                0x0000000000006314                tk_ref_sys
                0x0000000000006410                tk_ref_ver
 .text          0x0000000000006458      0x97c ./mtkernel_3/kernel/tkernel/mutex.o
                0x0000000000006580                knl_mutex_initialize
                0x00000000000065cc                knl_release_mutex
                0x0000000000006670                knl_signal_all_mutex
                0x00000000000066f6                knl_chg_pri_mutex
                0x00000000000067d8                tk_cre_mtx
                0x00000000000068c8                tk_del_mtx
                0x0000000000006a2c                tk_loc_mtx
                0x0000000000006c14                tk_unl_mtx
                0x0000000000006d28                tk_ref_mtx
 .text          0x0000000000006dd4        0x0 ./mtkernel_3/kernel/tkernel/objname.o
 .text          0x0000000000006dd4        0x0 ./mtkernel_3/kernel/tkernel/power.o
 .text          0x0000000000006dd4        0x0 ./mtkernel_3/kernel/tkernel/rendezvous.o
 .text          0x0000000000006dd4      0x630 ./mtkernel_3/kernel/tkernel/semaphore.o
                0x0000000000006e80                knl_semaphore_initialize
                0x0000000000006ecc                tk_cre_sem
                0x0000000000006fc0                tk_del_sem
                0x0000000000007060                tk_sig_sem
                0x000000000000720e                tk_wai_sem
                0x0000000000007360                tk_ref_sem
 .text          0x0000000000007404      0x5ac ./mtkernel_3/kernel/tkernel/task.o
                0x0000000000007786                knl_task_initialize
                0x0000000000007808                knl_make_dormant
                0x000000000000787e                knl_make_ready
                0x00000000000078b4                knl_make_non_ready
                0x00000000000078ec                knl_change_task_priority
                0x0000000000007964                knl_rotate_ready_queue
                0x0000000000007984                knl_rotate_ready_queue_run
 .text          0x00000000000079b0      0xad0 ./mtkernel_3/kernel/tkernel/task_manage.o
                0x0000000000007b34                tk_cre_tsk
                0x0000000000007cc4                tk_del_tsk
                0x0000000000007da0                tk_sta_tsk
                0x0000000000007ede                tk_ext_tsk
                0x0000000000007f60                tk_exd_tsk
                0x0000000000007fd8                tk_ter_tsk
                0x00000000000080dc                tk_chg_pri
                0x00000000000081e0                tk_rot_rdq
                0x0000000000008278                tk_get_tid
                0x000000000000829c                tk_ref_tsk
                0x00000000000083c0                tk_rel_wai
 .text          0x0000000000008480      0x774 ./mtkernel_3/kernel/tkernel/task_sync.o
                0x00000000000084e6                tk_sus_tsk
                0x0000000000008624                tk_rsm_tsk
                0x0000000000008764                tk_frsm_tsk
                0x0000000000008884                tk_slp_tsk
                0x000000000000895c                tk_wup_tsk
                0x0000000000008a78                tk_can_wup
                0x0000000000008b3c                tk_dly_tsk
 .text          0x0000000000008bf4      0xea8 ./mtkernel_3/kernel/tkernel/time_calls.o
                0x0000000000008e68                tk_set_utc
                0x0000000000008ee0                tk_get_utc
                0x0000000000008f5c                tk_set_tim
                0x0000000000008ff0                tk_get_tim
                0x0000000000009088                tk_get_otm
                0x00000000000090f0                knl_cyclichandler_initialize
                0x0000000000009138                knl_call_cychdr
                0x00000000000091a2                tk_cre_cyc
                0x00000000000092d8                tk_del_cyc
                0x0000000000009384                tk_sta_cyc
                0x000000000000948c                tk_stp_cyc
                0x0000000000009534                tk_ref_cyc
                0x0000000000009628                knl_alarmhandler_initialize
                0x0000000000009670                knl_call_almhdr
                0x00000000000096a2                tk_cre_alm
                0x0000000000009768                tk_del_alm
                0x0000000000009844                tk_sta_alm
                0x0000000000009910                tk_stp_alm
                0x00000000000099b8                tk_ref_alm
 .text          0x0000000000009a9c      0x3a4 ./mtkernel_3/kernel/tkernel/timer.o
                0x0000000000009c20                knl_timer_startup
                0x0000000000009c5c                knl_timer_shutdown
                0x0000000000009cc8                knl_timer_insert
                0x0000000000009d18                knl_timer_insert_reltim
                0x0000000000009d58                knl_timer_insert_abs
                0x0000000000009d86                knl_timer_handler
 .text          0x0000000000009e40       0xb0 ./mtkernel_3/kernel/tkernel/tkinit.o
                0x0000000000009e40                knl_init_object
 .text          0x0000000000009ef0      0x3f0 ./mtkernel_3/kernel/tkernel/wait.o
                0x000000000000a03a                knl_wait_release_ok
                0x000000000000a058                knl_wait_release_ok_ercd
                0x000000000000a078                knl_wait_release_ng
                0x000000000000a0ac                knl_wait_release_tmout
                0x000000000000a0de                knl_make_wait
                0x000000000000a140                knl_make_wait_reltim
                0x000000000000a1a4                knl_wait_delete
                0x000000000000a1da                knl_wait_tskid
                0x000000000000a200                knl_gcb_make_wait
                0x000000000000a26c                knl_gcb_change_priority
                0x000000000000a290                knl_gcb_top_of_wait_queue
 .text          0x000000000000a2e0       0xe0 ./mtkernel_3/kernel/sysinit/sysinit.o
                0x000000000000a2e0                main
                0x000000000000a3b0                knl_tkernel_exit
 .text          0x000000000000a3c0       0xa8 ./mtkernel_3/kernel/inittask/inittask.o
 .text          0x000000000000a468      0x2a4 ./mtkernel_3/device/common/drvif/msdrvif.o
                0x000000000000a5e2                msdi_def_dev
                0x000000000000a6d0                msdi_del_dev
 .text          0x000000000000a70c        0x0 ./mtkernel_3/device/adc/adc.o
 .text          0x000000000000a70c        0x0 ./mtkernel_3/device/i2c/i2c.o
 .text          0x000000000000a70c      0x7dc ./mtkernel_3/device/ser/ser.o
                0x000000000000a734                dev_ser_get_snddat
                0x000000000000a7a8                dev_ser_notify_rcv
                0x000000000000a820                dev_ser_notify_err
                0x000000000000ac84                dev_ser_openfn
                0x000000000000acca                dev_ser_closefn
                0x000000000000acf6                dev_ser_readfn
                0x000000000000ad42                dev_ser_writefn
                0x000000000000ad8e                dev_ser_eventfn
                0x000000000000adaa                dev_init_ser
 .text          0x000000000000aee8      0x470 ./mtkernel_3/device/ser/sysdepend/nrf5/ser_nrf5.o
                0x000000000000b21c                dev_ser_llctl
                0x000000000000b2e0                dev_ser_llinit
 .text          0x000000000000b358      0x1ac ./mtkernel_3/lib/libtm/sysdepend/microbit/tm_com.o
                0x000000000000b38c                tm_snd_dat
                0x000000000000b3e0                tm_rcv_dat
                0x000000000000b434                tm_com_init
 .text          0x000000000000b504        0x0 ./mtkernel_3/lib/libtm/sysdepend/no_device/tm_com.o
 .text          0x000000000000b504      0x11c ./mtkernel_3/lib/libtk/sysdepend/cpu/nrf5/int_nrf5.o
                0x000000000000b598                EnableInt
                0x000000000000b5b2                DisableInt
                0x000000000000b5c8                ClearInt
                0x000000000000b5de                EndOfInt
                0x000000000000b5f2                CheckInt
                0x000000000000b60a                SetIntMode
 .text          0x000000000000b620      0x3c0 ./mtkernel_3/lib/libtk/sysdepend/cpu/nrf5/ptimer_nrf5.o
                0x000000000000b704                StartPhysicalTimer
                0x000000000000b89c                StopPhysicalTimer
                0x000000000000b8f2                GetPhysicalTimerCount
                0x000000000000b93c                DefinePhysicalTimerHandler
                0x000000000000b9a0                GetPhysicalTimerConfig
 .text          0x000000000000b9e0       0xe6 ./mtkernel_3/lib/libtk/sysdepend/cpu/core/armv7m/int_armv7m.o
                0x000000000000b9e0                set_basepri
                0x000000000000b9fa                get_basepri
                0x000000000000ba14                disint
                0x000000000000ba38                SetCpuIntLevel
                0x000000000000ba54                GetCpuIntLevel
                0x000000000000ba7a                EnableInt_nvic
 *fill*         0x000000000000bac6        0x2 
 .text          0x000000000000bac8      0x11c ./mtkernel_3/lib/libtk/sysdepend/cpu/core/armv7m/wusec_armv7m.o
                0x000000000000bb68                WaitUsec
                0x000000000000bb9c                WaitNsec
 .text          0x000000000000bbe4       0x42 ./mtkernel_3/kernel/sysdepend/microbit/devinit.o
                0x000000000000bbe4                knl_init_device
                0x000000000000bbf4                knl_start_device
                0x000000000000bc16                knl_finish_device
 *fill*         0x000000000000bc26        0x2 
 .text          0x000000000000bc28       0xc8 ./mtkernel_3/kernel/sysdepend/microbit/hw_setting.o
                0x000000000000bc44                knl_startup_hw
                0x000000000000bc80                knl_shutdown_hw
                0x000000000000bc8a                knl_restart_hw
 .text          0x000000000000bcf0       0x1c ./mtkernel_3/kernel/sysdepend/microbit/power_save.o
                0x000000000000bcf0                low_pow
                0x000000000000bcfe                off_pow
 .text          0x000000000000bd0c       0xb8 ./mtkernel_3/kernel/sysdepend/cpu/nrf5/cpu_clock.o
                0x000000000000bd40                startup_clock
                0x000000000000bdb4                shutdown_clock
 .text          0x000000000000bdc4        0x0 ./mtkernel_3/kernel/sysdepend/cpu/nrf5/vector_tbl.o
 .text          0x000000000000bdc4      0x2dc ./mtkernel_3/kernel/sysdepend/cpu/core/armv7m/cpu_cntl.o
                0x000000000000bdc4                knl_set_reg
                0x000000000000be8c                knl_get_reg
                0x000000000000bf60                knl_set_cpr
                0x000000000000bfdc                knl_get_cpr
                0x000000000000c056                knl_force_dispatch
                0x000000000000c084                knl_dispatch
 .text          0x000000000000c0a0       0xb4 ./mtkernel_3/kernel/sysdepend/cpu/core/armv7m/dispatch.o
                0x000000000000c0a0                knl_dispatch_entry
 .text          0x000000000000c154      0x10c ./mtkernel_3/kernel/sysdepend/cpu/core/armv7m/exc_hdr.o
                0x000000000000c154                NMI_Handler
                0x000000000000c164                HardFault_Handler
                0x000000000000c1c4                MemManage_Handler
                0x000000000000c1d4                BusFault_Handler
                0x000000000000c1e4                UsageFault_Handler
                0x000000000000c1f4                Svcall_Handler
                0x000000000000c204                DebugMon_Handler
                0x000000000000c214                Default_Handler
 .text          0x000000000000c260      0x11c ./mtkernel_3/kernel/sysdepend/cpu/core/armv7m/interrupt.o
                0x000000000000c2b4                knl_hll_inthdr
                0x000000000000c2e8                knl_systim_inthdr
                0x000000000000c2fc                knl_define_inthdr
                0x000000000000c35c                knl_return_inthdr
                0x000000000000c36a                knl_init_interrupt
 .text          0x000000000000c37c      0x148 ./mtkernel_3/kernel/sysdepend/cpu/core/armv7m/reset_hdl.o
                0x000000000000c37c                Reset_Handler
 .text          0x000000000000c4c4       0xd0 ./mtkernel_3/app_sample2/app_main.o
 .text          0x000000000000c594      0x134 /opt/gcc-arm-none-eabi/bin/../lib/gcc/arm-none-eabi/10.3.1/../../../../arm-none-eabi/lib/thumb/v7e-m+fp/hard/libg.a(lib_a-memcpy.o)
                0x000000000000c594                memcpy
 *(.text.*)
 *(.rodata)
 .rodata        0x000000000000c6c8       0x33 ./mtkernel_3/app_sample2/app_main.o
 .rodata        0x000000000000c6fb        0x2 ./mtkernel_3/lib/libtm/libtm.o
 *fill*         0x000000000000c6fd        0x3 
 .rodata        0x000000000000c700       0x30 ./mtkernel_3/lib/libtm/libtm_printf.o
 .rodata        0x000000000000c730        0x5 ./mtkernel_3/lib/libtk/fastlock.o
 *fill*         0x000000000000c735        0x3 
 .rodata        0x000000000000c738        0x5 ./mtkernel_3/lib/libtk/fastmlock.o
 *fill*         0x000000000000c73d        0x3 
 .rodata        0x000000000000c740        0x5 ./mtkernel_3/kernel/tkernel/device.o
 *fill*         0x000000000000c745        0x3 
 .rodata        0x000000000000c748       0x10 ./mtkernel_3/kernel/tkernel/deviceio.o
 .rodata        0x000000000000c758       0x18 ./mtkernel_3/kernel/tkernel/eventflag.o
 .rodata        0x000000000000c770       0x18 ./mtkernel_3/kernel/tkernel/mailbox.o
 .rodata        0x000000000000c788       0x18 ./mtkernel_3/kernel/tkernel/mempfix.o
 .rodata        0x000000000000c7a0       0x18 ./mtkernel_3/kernel/tkernel/mempool.o
 .rodata        0x000000000000c7b8       0x24 ./mtkernel_3/kernel/tkernel/messagebuf.o
 .rodata        0x000000000000c7dc       0x24 ./mtkernel_3/kernel/tkernel/mutex.o
 .rodata        0x000000000000c800       0x18 ./mtkernel_3/kernel/tkernel/semaphore.o
 .rodata        0x000000000000c818       0xc0 ./mtkernel_3/kernel/tkernel/task_manage.o
 .rodata        0x000000000000c8d8       0x18 ./mtkernel_3/kernel/tkernel/task_sync.o
 .rodata        0x000000000000c8f0       0xd8 ./mtkernel_3/kernel/sysinit/sysinit.o
 .rodata        0x000000000000c9c8       0x6d ./mtkernel_3/kernel/inittask/inittask.o
                0x000000000000c9c8                knl_init_ctsk
 *fill*         0x000000000000ca35        0x3 
 .rodata        0x000000000000ca38        0x4 ./mtkernel_3/device/ser/ser.o
 .rodata        0x000000000000ca3c       0x98 ./mtkernel_3/device/ser/sysdepend/nrf5/ser_nrf5.o
 .rodata        0x000000000000cad4       0x7b ./mtkernel_3/kernel/sysdepend/microbit/hw_setting.o
 *fill*         0x000000000000cb4f        0x1 
 .rodata        0x000000000000cb50       0xca ./mtkernel_3/kernel/sysdepend/cpu/core/armv7m/exc_hdr.o
 *fill*         0x000000000000cc1a        0x2 
 .rodata        0x000000000000cc1c       0x33 ./mtkernel_3/app_sample2/app_main.o
 *(.rodata.*)

.glue_7         0x000000000000cc50        0x0
 .glue_7        0x000000000000cc50        0x0 linker stubs

.glue_7t        0x000000000000cc50        0x0
 .glue_7t       0x000000000000cc50        0x0 linker stubs

.vfp11_veneer   0x000000000000cc50        0x0
 .vfp11_veneer  0x000000000000cc50        0x0 linker stubs

.v4_bx          0x000000000000cc50        0x0
 .v4_bx         0x000000000000cc50        0x0 linker stubs

.iplt           0x000000000000cc50        0x0
 .iplt          0x000000000000cc50        0x0 ./mtkernel_3/app_sample2/app_main.o

.rel.dyn        0x000000000000cc50        0x0
 .rel.iplt      0x000000000000cc50        0x0 ./mtkernel_3/app_sample2/app_main.o
                0x000000000000cc50                . = ALIGN (0x4)
                0x000000000000cc50                __data_org = .

vector          0x0000000020000000      0x100
                0x0000000020000000                __vector_start = .
 *(.data_vector)
 .data_vector   0x0000000020000000      0x100 ./mtkernel_3/kernel/sysdepend/cpu/core/armv7m/interrupt.o
                0x0000000020000000                exchdr_tbl
                0x0000000020000100                __vector_end = .

.data           0x0000000020000100       0x4c load address 0x000000000000cc50
                0x0000000020000100                __data_start = .
 *(.data)
 .data          0x0000000020000100        0x0 ./mtkernel_3/app_sample2/app_main.o
 .data          0x0000000020000100        0x0 ./mtkernel_3/lib/libtm/libtm.o
 .data          0x0000000020000100        0x0 ./mtkernel_3/lib/libtm/libtm_printf.o
 .data          0x0000000020000100        0x0 ./mtkernel_3/lib/libtk/fastlock.o
 .data          0x0000000020000100        0x0 ./mtkernel_3/lib/libtk/fastmlock.o
 .data          0x0000000020000100        0x0 ./mtkernel_3/lib/libtk/kmalloc.o
 .data          0x0000000020000100        0x0 ./mtkernel_3/kernel/usermain/usermain.o
 .data          0x0000000020000100        0x0 ./mtkernel_3/kernel/tstdlib/bitop.o
 .data          0x0000000020000100        0x0 ./mtkernel_3/kernel/tstdlib/string.o
 .data          0x0000000020000100        0x0 ./mtkernel_3/kernel/tkernel/cpuctl.o
 .data          0x0000000020000100        0x0 ./mtkernel_3/kernel/tkernel/device.o
 .data          0x0000000020000100        0x0 ./mtkernel_3/kernel/tkernel/deviceio.o
 .data          0x0000000020000100        0x0 ./mtkernel_3/kernel/tkernel/eventflag.o
 .data          0x0000000020000100        0x0 ./mtkernel_3/kernel/tkernel/int.o
 .data          0x0000000020000100        0x0 ./mtkernel_3/kernel/tkernel/klock.o
 .data          0x0000000020000100        0x0 ./mtkernel_3/kernel/tkernel/mailbox.o
 .data          0x0000000020000100        0x0 ./mtkernel_3/kernel/tkernel/memory.o
 .data          0x0000000020000100        0x0 ./mtkernel_3/kernel/tkernel/mempfix.o
 .data          0x0000000020000100        0x0 ./mtkernel_3/kernel/tkernel/mempool.o
 .data          0x0000000020000100        0x0 ./mtkernel_3/kernel/tkernel/messagebuf.o
 .data          0x0000000020000100        0x0 ./mtkernel_3/kernel/tkernel/misc_calls.o
 .data          0x0000000020000100        0x0 ./mtkernel_3/kernel/tkernel/mutex.o
 .data          0x0000000020000100        0x0 ./mtkernel_3/kernel/tkernel/objname.o
 .data          0x0000000020000100        0x0 ./mtkernel_3/kernel/tkernel/power.o
 .data          0x0000000020000100        0x0 ./mtkernel_3/kernel/tkernel/rendezvous.o
 .data          0x0000000020000100        0x0 ./mtkernel_3/kernel/tkernel/semaphore.o
 .data          0x0000000020000100        0x0 ./mtkernel_3/kernel/tkernel/task.o
 .data          0x0000000020000100        0x0 ./mtkernel_3/kernel/tkernel/task_manage.o
 .data          0x0000000020000100        0x0 ./mtkernel_3/kernel/tkernel/task_sync.o
 .data          0x0000000020000100        0x0 ./mtkernel_3/kernel/tkernel/time_calls.o
 .data          0x0000000020000100        0x0 ./mtkernel_3/kernel/tkernel/timer.o
 .data          0x0000000020000100        0x0 ./mtkernel_3/kernel/tkernel/tkinit.o
 .data          0x0000000020000100        0x0 ./mtkernel_3/kernel/tkernel/wait.o
 .data          0x0000000020000100        0x0 ./mtkernel_3/kernel/sysinit/sysinit.o
 .data          0x0000000020000100        0x0 ./mtkernel_3/kernel/inittask/inittask.o
 .data          0x0000000020000100        0x0 ./mtkernel_3/device/common/drvif/msdrvif.o
 .data          0x0000000020000100        0x0 ./mtkernel_3/device/adc/adc.o
 .data          0x0000000020000100        0x0 ./mtkernel_3/device/i2c/i2c.o
 .data          0x0000000020000100        0x0 ./mtkernel_3/device/ser/ser.o
 .data          0x0000000020000100       0x10 ./mtkernel_3/device/ser/sysdepend/nrf5/ser_nrf5.o
 .data          0x0000000020000110        0x0 ./mtkernel_3/lib/libtm/sysdepend/microbit/tm_com.o
 .data          0x0000000020000110        0x0 ./mtkernel_3/lib/libtm/sysdepend/no_device/tm_com.o
 .data          0x0000000020000110        0x0 ./mtkernel_3/lib/libtk/sysdepend/cpu/nrf5/int_nrf5.o
 .data          0x0000000020000110       0x3c ./mtkernel_3/lib/libtk/sysdepend/cpu/nrf5/ptimer_nrf5.o
 .data          0x000000002000014c        0x0 ./mtkernel_3/lib/libtk/sysdepend/cpu/core/armv7m/int_armv7m.o
 .data          0x000000002000014c        0x0 ./mtkernel_3/lib/libtk/sysdepend/cpu/core/armv7m/wusec_armv7m.o
 .data          0x000000002000014c        0x0 ./mtkernel_3/kernel/sysdepend/microbit/devinit.o
 .data          0x000000002000014c        0x0 ./mtkernel_3/kernel/sysdepend/microbit/hw_setting.o
 .data          0x000000002000014c        0x0 ./mtkernel_3/kernel/sysdepend/microbit/power_save.o
 .data          0x000000002000014c        0x0 ./mtkernel_3/kernel/sysdepend/cpu/nrf5/cpu_clock.o
 .data          0x000000002000014c        0x0 ./mtkernel_3/kernel/sysdepend/cpu/nrf5/vector_tbl.o
 .data          0x000000002000014c        0x0 ./mtkernel_3/kernel/sysdepend/cpu/core/armv7m/cpu_cntl.o
 .data          0x000000002000014c        0x0 ./mtkernel_3/kernel/sysdepend/cpu/core/armv7m/dispatch.o
 .data          0x000000002000014c        0x0 ./mtkernel_3/kernel/sysdepend/cpu/core/armv7m/exc_hdr.o
 .data          0x000000002000014c        0x0 ./mtkernel_3/kernel/sysdepend/cpu/core/armv7m/interrupt.o
 .data          0x000000002000014c        0x0 ./mtkernel_3/kernel/sysdepend/cpu/core/armv7m/reset_hdl.o
 .data          0x000000002000014c        0x0 ./mtkernel_3/app_sample2/app_main.o
 .data          0x000000002000014c        0x0 /opt/gcc-arm-none-eabi/bin/../lib/gcc/arm-none-eabi/10.3.1/../../../../arm-none-eabi/lib/thumb/v7e-m+fp/hard/libg.a(lib_a-memcpy.o)
 *(.data.*)
                0x000000002000014c                . = ALIGN (0x4)
                0x000000002000014c                __data_end = .

.igot.plt       0x000000002000014c        0x0 load address 0x000000000000cc9c
 .igot.plt      0x000000002000014c        0x0 ./mtkernel_3/app_sample2/app_main.o

.bss            0x000000002000014c     0x24b4 load address 0x000000000000cc9c
                0x000000002000014c                __bss_start = .
                [!provide]                        PROVIDE (__noinit_start = .)
 *(.noinit)
 .noinit        0x000000002000014c      0x264 ./mtkernel_3/kernel/tkernel/device.o
                0x000000002000014c                knl_DevMgrLock
                0x000000002000015c                knl_DefaultIDev
                0x0000000020000160                knl_DevCBtbl
                0x00000000200003a0                knl_UsedDevCB
                0x00000000200003a8                knl_FreeDevCB
 .noinit        0x00000000200003b0      0x75c ./mtkernel_3/kernel/tkernel/deviceio.o
                0x00000000200003b0                knl_OpnCBtbl
                0x00000000200007b0                knl_FreeOpnCB
                0x00000000200007b8                knl_ReqCBtbl
                0x0000000020000af8                knl_FreeReqCB
                0x0000000020000b00                knl_resource_control_block
 .noinit        0x0000000020000b0c      0x188 ./mtkernel_3/kernel/tkernel/eventflag.o
                0x0000000020000b0c                knl_flgcb_table
                0x0000000020000c8c                knl_free_flgcb
 .noinit        0x0000000020000c94       0xe8 ./mtkernel_3/kernel/tkernel/mailbox.o
                0x0000000020000c94                knl_mbxcb_table
                0x0000000020000d74                knl_free_mbxcb
 .noinit        0x0000000020000d7c        0x4 ./mtkernel_3/kernel/tkernel/memory.o
                0x0000000020000d7c                knl_imacb
 .noinit        0x0000000020000d80      0x1c8 ./mtkernel_3/kernel/tkernel/mempfix.o
                0x0000000020000d80                knl_mpfcb_table
                0x0000000020000f40                knl_free_mpfcb
 .noinit        0x0000000020000f48       0xd8 ./mtkernel_3/kernel/tkernel/mempool.o
                0x0000000020000f48                knl_mplcb_table
                0x0000000020001018                knl_free_mplcb
 .noinit        0x0000000020001020      0x1a8 ./mtkernel_3/kernel/tkernel/messagebuf.o
                0x0000000020001020                knl_mbfcb_table
                0x00000000200011c0                knl_free_mbfcb
 .noinit        0x00000000200011c8       0x88 ./mtkernel_3/kernel/tkernel/mutex.o
                0x00000000200011c8                knl_mtxcb_table
                0x0000000020001248                knl_free_mtxcb
 .noinit        0x0000000020001250      0x1c8 ./mtkernel_3/kernel/tkernel/semaphore.o
                0x0000000020001250                knl_semcb_table
                0x0000000020001410                knl_free_semcb
 .noinit        0x0000000020001418      0xe24 ./mtkernel_3/kernel/tkernel/task.o
                0x0000000020001418                knl_dispatch_disabled
                0x000000002000141c                knl_ctxtsk
                0x0000000020001420                knl_schedtsk
                0x0000000020001424                knl_ready_queue
                0x0000000020001534                knl_tcb_table
                0x0000000020002234                knl_free_tcb
 .noinit        0x000000002000223c      0x1d0 ./mtkernel_3/kernel/tkernel/time_calls.o
                0x000000002000223c                knl_cyccb_table
                0x00000000200022dc                knl_free_cyccb
                0x00000000200022e4                knl_almcb_table
                0x0000000020002404                knl_free_almcb
 *fill*         0x000000002000240c        0x4 
 .noinit        0x0000000020002410       0x18 ./mtkernel_3/kernel/tkernel/timer.o
                0x0000000020002410                knl_current_time
                0x0000000020002418                knl_real_time_ofs
                0x0000000020002420                knl_timer_queue
 .noinit        0x0000000020002428      0x100 ./mtkernel_3/kernel/sysdepend/cpu/core/armv7m/cpu_cntl.o
                0x0000000020002428                knl_tmp_stack
 .noinit        0x0000000020002528       0xc0 ./mtkernel_3/kernel/sysdepend/cpu/core/armv7m/interrupt.o
                [!provide]                        PROVIDE (__noinit_end = .)
 *(.bss)
 .bss           0x00000000200025e8        0x0 ./mtkernel_3/app_sample2/app_main.o
 .bss           0x00000000200025e8        0x0 ./mtkernel_3/lib/libtm/libtm.o
 .bss           0x00000000200025e8        0x0 ./mtkernel_3/lib/libtm/libtm_printf.o
 .bss           0x00000000200025e8        0x0 ./mtkernel_3/lib/libtk/fastlock.o
 .bss           0x00000000200025e8        0x0 ./mtkernel_3/lib/libtk/fastmlock.o
 .bss           0x00000000200025e8        0x0 ./mtkernel_3/lib/libtk/kmalloc.o
 .bss           0x00000000200025e8        0x0 ./mtkernel_3/kernel/usermain/usermain.o
 .bss           0x00000000200025e8        0x0 ./mtkernel_3/kernel/tstdlib/bitop.o
 .bss           0x00000000200025e8        0x0 ./mtkernel_3/kernel/tstdlib/string.o
 .bss           0x00000000200025e8        0x0 ./mtkernel_3/kernel/tkernel/cpuctl.o
 .bss           0x00000000200025e8        0x0 ./mtkernel_3/kernel/tkernel/device.o
 .bss           0x00000000200025e8        0x4 ./mtkernel_3/kernel/tkernel/deviceio.o
                0x00000000200025e8                knl_DisSusCnt
 .bss           0x00000000200025ec        0x0 ./mtkernel_3/kernel/tkernel/eventflag.o
 .bss           0x00000000200025ec        0x0 ./mtkernel_3/kernel/tkernel/int.o
 .bss           0x00000000200025ec        0x0 ./mtkernel_3/kernel/tkernel/klock.o
 .bss           0x00000000200025ec        0x0 ./mtkernel_3/kernel/tkernel/mailbox.o
 .bss           0x00000000200025ec        0x0 ./mtkernel_3/kernel/tkernel/memory.o
 .bss           0x00000000200025ec        0x0 ./mtkernel_3/kernel/tkernel/mempfix.o
 .bss           0x00000000200025ec        0x0 ./mtkernel_3/kernel/tkernel/mempool.o
 .bss           0x00000000200025ec        0x0 ./mtkernel_3/kernel/tkernel/messagebuf.o
 .bss           0x00000000200025ec        0x0 ./mtkernel_3/kernel/tkernel/misc_calls.o
 .bss           0x00000000200025ec        0x0 ./mtkernel_3/kernel/tkernel/mutex.o
 .bss           0x00000000200025ec        0x0 ./mtkernel_3/kernel/tkernel/objname.o
 .bss           0x00000000200025ec        0x4 ./mtkernel_3/kernel/tkernel/power.o
                0x00000000200025ec                knl_lowpow_discnt
 .bss           0x00000000200025f0        0x0 ./mtkernel_3/kernel/tkernel/rendezvous.o
 .bss           0x00000000200025f0        0x0 ./mtkernel_3/kernel/tkernel/semaphore.o
 .bss           0x00000000200025f0        0x0 ./mtkernel_3/kernel/tkernel/task.o
 .bss           0x00000000200025f0        0x0 ./mtkernel_3/kernel/tkernel/task_manage.o
 .bss           0x00000000200025f0        0x0 ./mtkernel_3/kernel/tkernel/task_sync.o
 .bss           0x00000000200025f0        0x0 ./mtkernel_3/kernel/tkernel/time_calls.o
 .bss           0x00000000200025f0        0x0 ./mtkernel_3/kernel/tkernel/timer.o
 .bss           0x00000000200025f0        0x0 ./mtkernel_3/kernel/tkernel/tkinit.o
 .bss           0x00000000200025f0        0x0 ./mtkernel_3/kernel/tkernel/wait.o
 .bss           0x00000000200025f0        0x0 ./mtkernel_3/kernel/sysinit/sysinit.o
 .bss           0x00000000200025f0        0x0 ./mtkernel_3/kernel/inittask/inittask.o
 .bss           0x00000000200025f0        0x0 ./mtkernel_3/device/common/drvif/msdrvif.o
 .bss           0x00000000200025f0        0x0 ./mtkernel_3/device/adc/adc.o
 .bss           0x00000000200025f0        0x0 ./mtkernel_3/device/i2c/i2c.o
 .bss           0x00000000200025f0        0x4 ./mtkernel_3/device/ser/ser.o
 .bss           0x00000000200025f4        0x0 ./mtkernel_3/device/ser/sysdepend/nrf5/ser_nrf5.o
 .bss           0x00000000200025f4        0x0 ./mtkernel_3/lib/libtm/sysdepend/microbit/tm_com.o
 .bss           0x00000000200025f4        0x0 ./mtkernel_3/lib/libtm/sysdepend/no_device/tm_com.o
 .bss           0x00000000200025f4        0x0 ./mtkernel_3/lib/libtk/sysdepend/cpu/nrf5/int_nrf5.o
 .bss           0x00000000200025f4        0x0 ./mtkernel_3/lib/libtk/sysdepend/cpu/nrf5/ptimer_nrf5.o
 .bss           0x00000000200025f4        0x0 ./mtkernel_3/lib/libtk/sysdepend/cpu/core/armv7m/int_armv7m.o
 .bss           0x00000000200025f4        0x0 ./mtkernel_3/lib/libtk/sysdepend/cpu/core/armv7m/wusec_armv7m.o
 .bss           0x00000000200025f4        0x0 ./mtkernel_3/kernel/sysdepend/microbit/devinit.o
 .bss           0x00000000200025f4        0x0 ./mtkernel_3/kernel/sysdepend/microbit/hw_setting.o
 .bss           0x00000000200025f4        0x0 ./mtkernel_3/kernel/sysdepend/microbit/power_save.o
 .bss           0x00000000200025f4        0x0 ./mtkernel_3/kernel/sysdepend/cpu/nrf5/cpu_clock.o
 .bss           0x00000000200025f4        0x0 ./mtkernel_3/kernel/sysdepend/cpu/nrf5/vector_tbl.o
 .bss           0x00000000200025f4        0x4 ./mtkernel_3/kernel/sysdepend/cpu/core/armv7m/cpu_cntl.o
                0x00000000200025f4                knl_taskindp
 .bss           0x00000000200025f8        0x0 ./mtkernel_3/kernel/sysdepend/cpu/core/armv7m/dispatch.o
 .bss           0x00000000200025f8        0x0 ./mtkernel_3/kernel/sysdepend/cpu/core/armv7m/exc_hdr.o
 .bss           0x00000000200025f8        0x0 ./mtkernel_3/kernel/sysdepend/cpu/core/armv7m/interrupt.o
 .bss           0x00000000200025f8        0x8 ./mtkernel_3/kernel/sysdepend/cpu/core/armv7m/reset_hdl.o
                0x00000000200025f8                knl_lowmem_top
                0x00000000200025fc                knl_lowmem_limit
 .bss           0x0000000020002600        0x0 ./mtkernel_3/app_sample2/app_main.o
 .bss           0x0000000020002600        0x0 /opt/gcc-arm-none-eabi/bin/../lib/gcc/arm-none-eabi/10.3.1/../../../../arm-none-eabi/lib/thumb/v7e-m+fp/hard/libg.a(lib_a-memcpy.o)
 *(.bss.*)
 *(COMMON)
                0x0000000020002600                . = ALIGN (0x4)
                0x0000000020002600                __bss_end = .
                0x0000000020002600                __end = .
OUTPUT(mtkernel_3_button_switch34.elf elf32-littlearm)
LOAD linker stubs

.debug_info     0x0000000000000000    0x1596c
 .debug_info    0x0000000000000000      0x166 ./mtkernel_3/app_sample2/app_main.o
 .debug_info    0x0000000000000166      0x20b ./mtkernel_3/lib/libtm/libtm.o
 .debug_info    0x0000000000000371      0x43a ./mtkernel_3/lib/libtm/libtm_printf.o
 .debug_info    0x00000000000007ab      0x2ec ./mtkernel_3/lib/libtk/fastlock.o
 .debug_info    0x0000000000000a97      0x466 ./mtkernel_3/lib/libtk/fastmlock.o
 .debug_info    0x0000000000000efd      0x158 ./mtkernel_3/lib/libtk/kmalloc.o
 .debug_info    0x0000000000001055       0x99 ./mtkernel_3/kernel/usermain/usermain.o
 .debug_info    0x00000000000010ee       0x6f ./mtkernel_3/kernel/tstdlib/bitop.o
 .debug_info    0x000000000000115d      0x2e5 ./mtkernel_3/kernel/tstdlib/string.o
 .debug_info    0x0000000000001442      0xa3b ./mtkernel_3/kernel/tkernel/cpuctl.o
 .debug_info    0x0000000000001e7d     0x11fb ./mtkernel_3/kernel/tkernel/device.o
 .debug_info    0x0000000000003078     0x1822 ./mtkernel_3/kernel/tkernel/deviceio.o
 .debug_info    0x000000000000489a      0xcef ./mtkernel_3/kernel/tkernel/eventflag.o
 .debug_info    0x0000000000005589      0x724 ./mtkernel_3/kernel/tkernel/int.o
 .debug_info    0x0000000000005cad      0x984 ./mtkernel_3/kernel/tkernel/klock.o
 .debug_info    0x0000000000006631      0xc85 ./mtkernel_3/kernel/tkernel/mailbox.o
 .debug_info    0x00000000000072b6      0x4e8 ./mtkernel_3/kernel/tkernel/memory.o
 .debug_info    0x000000000000779e      0xd35 ./mtkernel_3/kernel/tkernel/mempfix.o
 .debug_info    0x00000000000084d3      0xf92 ./mtkernel_3/kernel/tkernel/mempool.o
 .debug_info    0x0000000000009465      0xf19 ./mtkernel_3/kernel/tkernel/messagebuf.o
 .debug_info    0x000000000000a37e      0x7bd ./mtkernel_3/kernel/tkernel/misc_calls.o
 .debug_info    0x000000000000ab3b      0xe2b ./mtkernel_3/kernel/tkernel/mutex.o
 .debug_info    0x000000000000b966       0x6f ./mtkernel_3/kernel/tkernel/objname.o
 .debug_info    0x000000000000b9d5       0x94 ./mtkernel_3/kernel/tkernel/power.o
 .debug_info    0x000000000000ba69       0x6f ./mtkernel_3/kernel/tkernel/rendezvous.o
 .debug_info    0x000000000000bad8      0xc2a ./mtkernel_3/kernel/tkernel/semaphore.o
 .debug_info    0x000000000000c702      0xc49 ./mtkernel_3/kernel/tkernel/task.o
 .debug_info    0x000000000000d34b      0xecf ./mtkernel_3/kernel/tkernel/task_manage.o
 .debug_info    0x000000000000e21a      0xa12 ./mtkernel_3/kernel/tkernel/task_sync.o
 .debug_info    0x000000000000ec2c     0x1383 ./mtkernel_3/kernel/tkernel/time_calls.o
 .debug_info    0x000000000000ffaf      0xa42 ./mtkernel_3/kernel/tkernel/timer.o
 .debug_info    0x00000000000109f1       0xb4 ./mtkernel_3/kernel/tkernel/tkinit.o
 .debug_info    0x0000000000010aa5      0xa99 ./mtkernel_3/kernel/tkernel/wait.o
 .debug_info    0x000000000001153e      0x1bf ./mtkernel_3/kernel/sysinit/sysinit.o
 .debug_info    0x00000000000116fd      0x1f2 ./mtkernel_3/kernel/inittask/inittask.o
 .debug_info    0x00000000000118ef      0x734 ./mtkernel_3/device/common/drvif/msdrvif.o
 .debug_info    0x0000000000012023       0x6f ./mtkernel_3/device/adc/adc.o
 .debug_info    0x0000000000012092       0x6f ./mtkernel_3/device/i2c/i2c.o
 .debug_info    0x0000000000012101      0xa7d ./mtkernel_3/device/ser/ser.o
 .debug_info    0x0000000000012b7e      0x552 ./mtkernel_3/device/ser/sysdepend/nrf5/ser_nrf5.o
 .debug_info    0x00000000000130d0      0x192 ./mtkernel_3/lib/libtm/sysdepend/microbit/tm_com.o
 .debug_info    0x0000000000013262       0x68 ./mtkernel_3/lib/libtm/sysdepend/no_device/tm_com.o
 .debug_info    0x00000000000132ca      0x22f ./mtkernel_3/lib/libtk/sysdepend/cpu/nrf5/int_nrf5.o
 .debug_info    0x00000000000134f9      0x47b ./mtkernel_3/lib/libtk/sysdepend/cpu/nrf5/ptimer_nrf5.o
 .debug_info    0x0000000000013974      0x1df ./mtkernel_3/lib/libtk/sysdepend/cpu/core/armv7m/int_armv7m.o
 .debug_info    0x0000000000013b53      0x176 ./mtkernel_3/lib/libtk/sysdepend/cpu/core/armv7m/wusec_armv7m.o
 .debug_info    0x0000000000013cc9       0xe4 ./mtkernel_3/kernel/sysdepend/microbit/devinit.o
 .debug_info    0x0000000000013dad      0x1b2 ./mtkernel_3/kernel/sysdepend/microbit/hw_setting.o
 .debug_info    0x0000000000013f5f       0x9b ./mtkernel_3/kernel/sysdepend/microbit/power_save.o
 .debug_info    0x0000000000013ffa      0x112 ./mtkernel_3/kernel/sysdepend/cpu/nrf5/cpu_clock.o
 .debug_info    0x000000000001410c       0xa8 ./mtkernel_3/kernel/sysdepend/cpu/nrf5/vector_tbl.o
 .debug_info    0x00000000000141b4      0xafa ./mtkernel_3/kernel/sysdepend/cpu/core/armv7m/cpu_cntl.o
 .debug_info    0x0000000000014cae       0x26 ./mtkernel_3/kernel/sysdepend/cpu/core/armv7m/dispatch.o
 .debug_info    0x0000000000014cd4      0x732 ./mtkernel_3/kernel/sysdepend/cpu/core/armv7m/exc_hdr.o
 .debug_info    0x0000000000015406      0x248 ./mtkernel_3/kernel/sysdepend/cpu/core/armv7m/interrupt.o
 .debug_info    0x000000000001564e      0x1b8 ./mtkernel_3/kernel/sysdepend/cpu/core/armv7m/reset_hdl.o
 .debug_info    0x0000000000015806      0x166 ./mtkernel_3/app_sample2/app_main.o

.debug_abbrev   0x0000000000000000     0x5942
 .debug_abbrev  0x0000000000000000       0xe5 ./mtkernel_3/app_sample2/app_main.o
 .debug_abbrev  0x00000000000000e5       0xd7 ./mtkernel_3/lib/libtm/libtm.o
 .debug_abbrev  0x00000000000001bc      0x1d5 ./mtkernel_3/lib/libtm/libtm_printf.o
 .debug_abbrev  0x0000000000000391      0x150 ./mtkernel_3/lib/libtk/fastlock.o
 .debug_abbrev  0x00000000000004e1      0x16c ./mtkernel_3/lib/libtk/fastmlock.o
 .debug_abbrev  0x000000000000064d       0xca ./mtkernel_3/lib/libtk/kmalloc.o
 .debug_abbrev  0x0000000000000717       0x58 ./mtkernel_3/kernel/usermain/usermain.o
 .debug_abbrev  0x000000000000076f       0x29 ./mtkernel_3/kernel/tstdlib/bitop.o
 .debug_abbrev  0x0000000000000798       0xa9 ./mtkernel_3/kernel/tstdlib/string.o
 .debug_abbrev  0x0000000000000841      0x210 ./mtkernel_3/kernel/tkernel/cpuctl.o
 .debug_abbrev  0x0000000000000a51      0x38a ./mtkernel_3/kernel/tkernel/device.o
 .debug_abbrev  0x0000000000000ddb      0x412 ./mtkernel_3/kernel/tkernel/deviceio.o
 .debug_abbrev  0x00000000000011ed      0x2cf ./mtkernel_3/kernel/tkernel/eventflag.o
 .debug_abbrev  0x00000000000014bc      0x1c2 ./mtkernel_3/kernel/tkernel/int.o
 .debug_abbrev  0x000000000000167e      0x261 ./mtkernel_3/kernel/tkernel/klock.o
 .debug_abbrev  0x00000000000018df      0x280 ./mtkernel_3/kernel/tkernel/mailbox.o
 .debug_abbrev  0x0000000000001b5f      0x235 ./mtkernel_3/kernel/tkernel/memory.o
 .debug_abbrev  0x0000000000001d94      0x2f1 ./mtkernel_3/kernel/tkernel/mempfix.o
 .debug_abbrev  0x0000000000002085      0x334 ./mtkernel_3/kernel/tkernel/mempool.o
 .debug_abbrev  0x00000000000023b9      0x318 ./mtkernel_3/kernel/tkernel/messagebuf.o
 .debug_abbrev  0x00000000000026d1      0x1e0 ./mtkernel_3/kernel/tkernel/misc_calls.o
 .debug_abbrev  0x00000000000028b1      0x334 ./mtkernel_3/kernel/tkernel/mutex.o
 .debug_abbrev  0x0000000000002be5       0x29 ./mtkernel_3/kernel/tkernel/objname.o
 .debug_abbrev  0x0000000000002c0e       0x58 ./mtkernel_3/kernel/tkernel/power.o
 .debug_abbrev  0x0000000000002c66       0x29 ./mtkernel_3/kernel/tkernel/rendezvous.o
 .debug_abbrev  0x0000000000002c8f      0x2cf ./mtkernel_3/kernel/tkernel/semaphore.o
 .debug_abbrev  0x0000000000002f5e      0x2de ./mtkernel_3/kernel/tkernel/task.o
 .debug_abbrev  0x000000000000323c      0x335 ./mtkernel_3/kernel/tkernel/task_manage.o
 .debug_abbrev  0x0000000000003571      0x28a ./mtkernel_3/kernel/tkernel/task_sync.o
 .debug_abbrev  0x00000000000037fb      0x35d ./mtkernel_3/kernel/tkernel/time_calls.o
 .debug_abbrev  0x0000000000003b58      0x2ac ./mtkernel_3/kernel/tkernel/timer.o
 .debug_abbrev  0x0000000000003e04       0x69 ./mtkernel_3/kernel/tkernel/tkinit.o
 .debug_abbrev  0x0000000000003e6d      0x247 ./mtkernel_3/kernel/tkernel/wait.o
 .debug_abbrev  0x00000000000040b4       0xf9 ./mtkernel_3/kernel/sysinit/sysinit.o
 .debug_abbrev  0x00000000000041ad      0x117 ./mtkernel_3/kernel/inittask/inittask.o
 .debug_abbrev  0x00000000000042c4      0x207 ./mtkernel_3/device/common/drvif/msdrvif.o
 .debug_abbrev  0x00000000000044cb       0x29 ./mtkernel_3/device/adc/adc.o
 .debug_abbrev  0x00000000000044f4       0x29 ./mtkernel_3/device/i2c/i2c.o
 .debug_abbrev  0x000000000000451d      0x2d6 ./mtkernel_3/device/ser/ser.o
 .debug_abbrev  0x00000000000047f3      0x1ca ./mtkernel_3/device/ser/sysdepend/nrf5/ser_nrf5.o
 .debug_abbrev  0x00000000000049bd       0xdf ./mtkernel_3/lib/libtm/sysdepend/microbit/tm_com.o
 .debug_abbrev  0x0000000000004a9c       0x29 ./mtkernel_3/lib/libtm/sysdepend/no_device/tm_com.o
 .debug_abbrev  0x0000000000004ac5      0x107 ./mtkernel_3/lib/libtk/sysdepend/cpu/nrf5/int_nrf5.o
 .debug_abbrev  0x0000000000004bcc      0x177 ./mtkernel_3/lib/libtk/sysdepend/cpu/nrf5/ptimer_nrf5.o
 .debug_abbrev  0x0000000000004d43       0xf7 ./mtkernel_3/lib/libtk/sysdepend/cpu/core/armv7m/int_armv7m.o
 .debug_abbrev  0x0000000000004e3a       0xb5 ./mtkernel_3/lib/libtk/sysdepend/cpu/core/armv7m/wusec_armv7m.o
 .debug_abbrev  0x0000000000004eef       0x87 ./mtkernel_3/kernel/sysdepend/microbit/devinit.o
 .debug_abbrev  0x0000000000004f76      0x133 ./mtkernel_3/kernel/sysdepend/microbit/hw_setting.o
 .debug_abbrev  0x00000000000050a9       0x47 ./mtkernel_3/kernel/sysdepend/microbit/power_save.o
 .debug_abbrev  0x00000000000050f0       0xbc ./mtkernel_3/kernel/sysdepend/cpu/nrf5/cpu_clock.o
 .debug_abbrev  0x00000000000051ac       0x6a ./mtkernel_3/kernel/sysdepend/cpu/nrf5/vector_tbl.o
 .debug_abbrev  0x0000000000005216      0x238 ./mtkernel_3/kernel/sysdepend/cpu/core/armv7m/cpu_cntl.o
 .debug_abbrev  0x000000000000544e       0x14 ./mtkernel_3/kernel/sysdepend/cpu/core/armv7m/dispatch.o
 .debug_abbrev  0x0000000000005462      0x1be ./mtkernel_3/kernel/sysdepend/cpu/core/armv7m/exc_hdr.o
 .debug_abbrev  0x0000000000005620      0x16f ./mtkernel_3/kernel/sysdepend/cpu/core/armv7m/interrupt.o
 .debug_abbrev  0x000000000000578f       0xce ./mtkernel_3/kernel/sysdepend/cpu/core/armv7m/reset_hdl.o
 .debug_abbrev  0x000000000000585d       0xe5 ./mtkernel_3/app_sample2/app_main.o

.debug_aranges  0x0000000000000000      0x6e0
 .debug_aranges
                0x0000000000000000       0x20 ./mtkernel_3/app_sample2/app_main.o
 .debug_aranges
                0x0000000000000020       0x20 ./mtkernel_3/lib/libtm/libtm.o
 .debug_aranges
                0x0000000000000040       0x20 ./mtkernel_3/lib/libtm/libtm_printf.o
 .debug_aranges
                0x0000000000000060       0x20 ./mtkernel_3/lib/libtk/fastlock.o
 .debug_aranges
                0x0000000000000080       0x20 ./mtkernel_3/lib/libtk/fastmlock.o
 .debug_aranges
                0x00000000000000a0       0x20 ./mtkernel_3/lib/libtk/kmalloc.o
 .debug_aranges
                0x00000000000000c0       0x20 ./mtkernel_3/kernel/usermain/usermain.o
 .debug_aranges
                0x00000000000000e0       0x18 ./mtkernel_3/kernel/tstdlib/bitop.o
 .debug_aranges
                0x00000000000000f8       0x20 ./mtkernel_3/kernel/tstdlib/string.o
 .debug_aranges
                0x0000000000000118       0x20 ./mtkernel_3/kernel/tkernel/cpuctl.o
 .debug_aranges
                0x0000000000000138       0x20 ./mtkernel_3/kernel/tkernel/device.o
 .debug_aranges
                0x0000000000000158       0x20 ./mtkernel_3/kernel/tkernel/deviceio.o
 .debug_aranges
                0x0000000000000178       0x20 ./mtkernel_3/kernel/tkernel/eventflag.o
 .debug_aranges
                0x0000000000000198       0x20 ./mtkernel_3/kernel/tkernel/int.o
 .debug_aranges
                0x00000000000001b8       0x20 ./mtkernel_3/kernel/tkernel/klock.o
 .debug_aranges
                0x00000000000001d8       0x20 ./mtkernel_3/kernel/tkernel/mailbox.o
 .debug_aranges
                0x00000000000001f8       0x20 ./mtkernel_3/kernel/tkernel/memory.o
 .debug_aranges
                0x0000000000000218       0x20 ./mtkernel_3/kernel/tkernel/mempfix.o
 .debug_aranges
                0x0000000000000238       0x20 ./mtkernel_3/kernel/tkernel/mempool.o
 .debug_aranges
                0x0000000000000258       0x20 ./mtkernel_3/kernel/tkernel/messagebuf.o
 .debug_aranges
                0x0000000000000278       0x20 ./mtkernel_3/kernel/tkernel/misc_calls.o
 .debug_aranges
                0x0000000000000298       0x20 ./mtkernel_3/kernel/tkernel/mutex.o
 .debug_aranges
                0x00000000000002b8       0x18 ./mtkernel_3/kernel/tkernel/objname.o
 .debug_aranges
                0x00000000000002d0       0x18 ./mtkernel_3/kernel/tkernel/power.o
 .debug_aranges
                0x00000000000002e8       0x18 ./mtkernel_3/kernel/tkernel/rendezvous.o
 .debug_aranges
                0x0000000000000300       0x20 ./mtkernel_3/kernel/tkernel/semaphore.o
 .debug_aranges
                0x0000000000000320       0x20 ./mtkernel_3/kernel/tkernel/task.o
 .debug_aranges
                0x0000000000000340       0x20 ./mtkernel_3/kernel/tkernel/task_manage.o
 .debug_aranges
                0x0000000000000360       0x20 ./mtkernel_3/kernel/tkernel/task_sync.o
 .debug_aranges
                0x0000000000000380       0x20 ./mtkernel_3/kernel/tkernel/time_calls.o
 .debug_aranges
                0x00000000000003a0       0x20 ./mtkernel_3/kernel/tkernel/timer.o
 .debug_aranges
                0x00000000000003c0       0x20 ./mtkernel_3/kernel/tkernel/tkinit.o
 .debug_aranges
                0x00000000000003e0       0x20 ./mtkernel_3/kernel/tkernel/wait.o
 .debug_aranges
                0x0000000000000400       0x20 ./mtkernel_3/kernel/sysinit/sysinit.o
 .debug_aranges
                0x0000000000000420       0x20 ./mtkernel_3/kernel/inittask/inittask.o
 .debug_aranges
                0x0000000000000440       0x20 ./mtkernel_3/device/common/drvif/msdrvif.o
 .debug_aranges
                0x0000000000000460       0x18 ./mtkernel_3/device/adc/adc.o
 .debug_aranges
                0x0000000000000478       0x18 ./mtkernel_3/device/i2c/i2c.o
 .debug_aranges
                0x0000000000000490       0x20 ./mtkernel_3/device/ser/ser.o
 .debug_aranges
                0x00000000000004b0       0x20 ./mtkernel_3/device/ser/sysdepend/nrf5/ser_nrf5.o
 .debug_aranges
                0x00000000000004d0       0x20 ./mtkernel_3/lib/libtm/sysdepend/microbit/tm_com.o
 .debug_aranges
                0x00000000000004f0       0x18 ./mtkernel_3/lib/libtm/sysdepend/no_device/tm_com.o
 .debug_aranges
                0x0000000000000508       0x20 ./mtkernel_3/lib/libtk/sysdepend/cpu/nrf5/int_nrf5.o
 .debug_aranges
                0x0000000000000528       0x20 ./mtkernel_3/lib/libtk/sysdepend/cpu/nrf5/ptimer_nrf5.o
 .debug_aranges
                0x0000000000000548       0x20 ./mtkernel_3/lib/libtk/sysdepend/cpu/core/armv7m/int_armv7m.o
 .debug_aranges
                0x0000000000000568       0x20 ./mtkernel_3/lib/libtk/sysdepend/cpu/core/armv7m/wusec_armv7m.o
 .debug_aranges
                0x0000000000000588       0x20 ./mtkernel_3/kernel/sysdepend/microbit/devinit.o
 .debug_aranges
                0x00000000000005a8       0x20 ./mtkernel_3/kernel/sysdepend/microbit/hw_setting.o
 .debug_aranges
                0x00000000000005c8       0x20 ./mtkernel_3/kernel/sysdepend/microbit/power_save.o
 .debug_aranges
                0x00000000000005e8       0x20 ./mtkernel_3/kernel/sysdepend/cpu/nrf5/cpu_clock.o
 .debug_aranges
                0x0000000000000608       0x18 ./mtkernel_3/kernel/sysdepend/cpu/nrf5/vector_tbl.o
 .debug_aranges
                0x0000000000000620       0x20 ./mtkernel_3/kernel/sysdepend/cpu/core/armv7m/cpu_cntl.o
 .debug_aranges
                0x0000000000000640       0x20 ./mtkernel_3/kernel/sysdepend/cpu/core/armv7m/dispatch.o
 .debug_aranges
                0x0000000000000660       0x20 ./mtkernel_3/kernel/sysdepend/cpu/core/armv7m/exc_hdr.o
 .debug_aranges
                0x0000000000000680       0x20 ./mtkernel_3/kernel/sysdepend/cpu/core/armv7m/interrupt.o
 .debug_aranges
                0x00000000000006a0       0x20 ./mtkernel_3/kernel/sysdepend/cpu/core/armv7m/reset_hdl.o
 .debug_aranges
                0x00000000000006c0       0x20 ./mtkernel_3/app_sample2/app_main.o

.debug_macro    0x0000000000000000     0x91a2
 .debug_macro   0x0000000000000000      0x155 ./mtkernel_3/app_sample2/app_main.o
 .debug_macro   0x0000000000000155      0xa6c ./mtkernel_3/app_sample2/app_main.o
 .debug_macro   0x0000000000000bc1      0x169 ./mtkernel_3/app_sample2/app_main.o
 .debug_macro   0x0000000000000d2a      0x29a ./mtkernel_3/app_sample2/app_main.o
 .debug_macro   0x0000000000000fc4       0x28 ./mtkernel_3/app_sample2/app_main.o
 .debug_macro   0x0000000000000fec       0x1c ./mtkernel_3/app_sample2/app_main.o
 .debug_macro   0x0000000000001008       0x34 ./mtkernel_3/app_sample2/app_main.o
 .debug_macro   0x000000000000103c       0x46 ./mtkernel_3/app_sample2/app_main.o
 .debug_macro   0x0000000000001082       0xa6 ./mtkernel_3/app_sample2/app_main.o
 .debug_macro   0x0000000000001128       0x1c ./mtkernel_3/app_sample2/app_main.o
 .debug_macro   0x0000000000001144      0x1d3 ./mtkernel_3/app_sample2/app_main.o
 .debug_macro   0x0000000000001317      0x2b3 ./mtkernel_3/app_sample2/app_main.o
 .debug_macro   0x00000000000015ca       0x10 ./mtkernel_3/app_sample2/app_main.o
 .debug_macro   0x00000000000015da      0x238 ./mtkernel_3/app_sample2/app_main.o
 .debug_macro   0x0000000000001812       0x16 ./mtkernel_3/app_sample2/app_main.o
 .debug_macro   0x0000000000001828       0x8e ./mtkernel_3/app_sample2/app_main.o
 .debug_macro   0x00000000000018b6       0x16 ./mtkernel_3/app_sample2/app_main.o
 .debug_macro   0x00000000000018cc       0xa6 ./mtkernel_3/app_sample2/app_main.o
 .debug_macro   0x0000000000001972      0x2aa ./mtkernel_3/app_sample2/app_main.o
 .debug_macro   0x0000000000001c1c       0x16 ./mtkernel_3/app_sample2/app_main.o
 .debug_macro   0x0000000000001c32      0x107 ./mtkernel_3/app_sample2/app_main.o
 .debug_macro   0x0000000000001d39       0x1c ./mtkernel_3/app_sample2/app_main.o
 .debug_macro   0x0000000000001d55       0x2e ./mtkernel_3/app_sample2/app_main.o
 .debug_macro   0x0000000000001d83       0x19 ./mtkernel_3/app_sample2/app_main.o
 .debug_macro   0x0000000000001d9c      0x167 ./mtkernel_3/lib/libtm/libtm.o
 .debug_macro   0x0000000000001f03       0x22 ./mtkernel_3/lib/libtm/libtm.o
 .debug_macro   0x0000000000001f25       0x16 ./mtkernel_3/lib/libtm/libtm.o
 .debug_macro   0x0000000000001f3b      0x194 ./mtkernel_3/lib/libtm/libtm_printf.o
 .debug_macro   0x00000000000020cf       0x58 ./mtkernel_3/lib/libtm/libtm_printf.o
 .debug_macro   0x0000000000002127      0x14b ./mtkernel_3/lib/libtk/fastlock.o
 .debug_macro   0x0000000000002272      0x14b ./mtkernel_3/lib/libtk/fastmlock.o
 .debug_macro   0x00000000000023bd      0x14b ./mtkernel_3/lib/libtk/kmalloc.o
 .debug_macro   0x0000000000002508      0x155 ./mtkernel_3/kernel/usermain/usermain.o
 .debug_macro   0x000000000000265d      0x157 ./mtkernel_3/kernel/tstdlib/bitop.o
 .debug_macro   0x00000000000027b4      0x227 ./mtkernel_3/kernel/tstdlib/string.o
 .debug_macro   0x00000000000029db       0x16 ./mtkernel_3/kernel/tstdlib/string.o
 .debug_macro   0x00000000000029f1       0x46 ./mtkernel_3/kernel/tstdlib/string.o
 .debug_macro   0x0000000000002a37       0x94 ./mtkernel_3/kernel/tstdlib/string.o
 .debug_macro   0x0000000000002acb       0x22 ./mtkernel_3/kernel/tstdlib/string.o
 .debug_macro   0x0000000000002aed       0x1c ./mtkernel_3/kernel/tstdlib/string.o
 .debug_macro   0x0000000000002b09       0x1c ./mtkernel_3/kernel/tstdlib/string.o
 .debug_macro   0x0000000000002b25       0x52 ./mtkernel_3/kernel/tstdlib/string.o
 .debug_macro   0x0000000000002b77       0x2e ./mtkernel_3/kernel/tstdlib/string.o
 .debug_macro   0x0000000000002ba5      0x24c ./mtkernel_3/kernel/tkernel/cpuctl.o
 .debug_macro   0x0000000000002df1       0x22 ./mtkernel_3/kernel/tkernel/cpuctl.o
 .debug_macro   0x0000000000002e13       0x10 ./mtkernel_3/kernel/tkernel/cpuctl.o
 .debug_macro   0x0000000000002e23       0xab ./mtkernel_3/kernel/tkernel/cpuctl.o
 .debug_macro   0x0000000000002ece      0x248 ./mtkernel_3/kernel/tkernel/device.o
 .debug_macro   0x0000000000003116       0x46 ./mtkernel_3/kernel/tkernel/device.o
 .debug_macro   0x000000000000315c       0x40 ./mtkernel_3/kernel/tkernel/device.o
 .debug_macro   0x000000000000319c       0x6a ./mtkernel_3/kernel/tkernel/device.o
 .debug_macro   0x0000000000003206      0x248 ./mtkernel_3/kernel/tkernel/deviceio.o
 .debug_macro   0x000000000000344e      0x263 ./mtkernel_3/kernel/tkernel/eventflag.o
 .debug_macro   0x00000000000036b1       0x10 ./mtkernel_3/kernel/tkernel/eventflag.o
 .debug_macro   0x00000000000036c1      0x230 ./mtkernel_3/kernel/tkernel/int.o
 .debug_macro   0x00000000000038f1      0x244 ./mtkernel_3/kernel/tkernel/klock.o
 .debug_macro   0x0000000000003b35      0x263 ./mtkernel_3/kernel/tkernel/mailbox.o
 .debug_macro   0x0000000000003d98       0x1c ./mtkernel_3/kernel/tkernel/mailbox.o
 .debug_macro   0x0000000000003db4      0x23f ./mtkernel_3/kernel/tkernel/memory.o
 .debug_macro   0x0000000000003ff3       0x58 ./mtkernel_3/kernel/tkernel/memory.o
 .debug_macro   0x000000000000404b      0x26d ./mtkernel_3/kernel/tkernel/mempfix.o
 .debug_macro   0x00000000000042b8       0x1c ./mtkernel_3/kernel/tkernel/mempfix.o
 .debug_macro   0x00000000000042d4      0x27b ./mtkernel_3/kernel/tkernel/mempool.o
 .debug_macro   0x000000000000454f       0x10 ./mtkernel_3/kernel/tkernel/mempool.o
 .debug_macro   0x000000000000455f      0x263 ./mtkernel_3/kernel/tkernel/messagebuf.o
 .debug_macro   0x00000000000047c2       0x22 ./mtkernel_3/kernel/tkernel/messagebuf.o
 .debug_macro   0x00000000000047e4      0x230 ./mtkernel_3/kernel/tkernel/misc_calls.o
 .debug_macro   0x0000000000004a14      0x25e ./mtkernel_3/kernel/tkernel/mutex.o
 .debug_macro   0x0000000000004c72      0x227 ./mtkernel_3/kernel/tkernel/objname.o
 .debug_macro   0x0000000000004e99      0x230 ./mtkernel_3/kernel/tkernel/power.o
 .debug_macro   0x00000000000050c9      0x263 ./mtkernel_3/kernel/tkernel/rendezvous.o
 .debug_macro   0x000000000000532c       0x10 ./mtkernel_3/kernel/tkernel/rendezvous.o
 .debug_macro   0x000000000000533c      0x263 ./mtkernel_3/kernel/tkernel/semaphore.o
 .debug_macro   0x000000000000559f       0x10 ./mtkernel_3/kernel/tkernel/semaphore.o
 .debug_macro   0x00000000000055af      0x280 ./mtkernel_3/kernel/tkernel/task.o
 .debug_macro   0x000000000000582f       0x1c ./mtkernel_3/kernel/tkernel/task.o
 .debug_macro   0x000000000000584b       0x16 ./mtkernel_3/kernel/tkernel/task.o
 .debug_macro   0x0000000000005861      0x280 ./mtkernel_3/kernel/tkernel/task_manage.o
 .debug_macro   0x0000000000005ae1      0x263 ./mtkernel_3/kernel/tkernel/task_sync.o
 .debug_macro   0x0000000000005d44      0x28a ./mtkernel_3/kernel/tkernel/time_calls.o
 .debug_macro   0x0000000000005fce       0x1c ./mtkernel_3/kernel/tkernel/time_calls.o
 .debug_macro   0x0000000000005fea       0x1c ./mtkernel_3/kernel/tkernel/time_calls.o
 .debug_macro   0x0000000000006006      0x252 ./mtkernel_3/kernel/tkernel/timer.o
 .debug_macro   0x0000000000006258      0x22b ./mtkernel_3/kernel/tkernel/tkinit.o
 .debug_macro   0x0000000000006483      0x251 ./mtkernel_3/kernel/tkernel/wait.o
 .debug_macro   0x00000000000066d4      0x227 ./mtkernel_3/kernel/sysinit/sysinit.o
 .debug_macro   0x00000000000068fb      0x229 ./mtkernel_3/kernel/inittask/inittask.o
 .debug_macro   0x0000000000006b24       0x2e ./mtkernel_3/kernel/inittask/inittask.o
 .debug_macro   0x0000000000006b52       0x10 ./mtkernel_3/kernel/inittask/inittask.o
 .debug_macro   0x0000000000006b62      0x161 ./mtkernel_3/device/common/drvif/msdrvif.o
 .debug_macro   0x0000000000006cc3      0x194 ./mtkernel_3/device/adc/adc.o
 .debug_macro   0x0000000000006e57       0x10 ./mtkernel_3/device/adc/adc.o
 .debug_macro   0x0000000000006e67       0x1c ./mtkernel_3/device/adc/adc.o
 .debug_macro   0x0000000000006e83       0x16 ./mtkernel_3/device/adc/adc.o
 .debug_macro   0x0000000000006e99      0x194 ./mtkernel_3/device/i2c/i2c.o
 .debug_macro   0x000000000000702d       0x1c ./mtkernel_3/device/i2c/i2c.o
 .debug_macro   0x0000000000007049      0x1b4 ./mtkernel_3/device/ser/ser.o
 .debug_macro   0x00000000000071fd       0x10 ./mtkernel_3/device/ser/ser.o
 .debug_macro   0x000000000000720d       0x52 ./mtkernel_3/device/ser/ser.o
 .debug_macro   0x000000000000725f       0x2e ./mtkernel_3/device/ser/ser.o
 .debug_macro   0x000000000000728d       0x16 ./mtkernel_3/device/ser/ser.o
 .debug_macro   0x00000000000072a3       0x10 ./mtkernel_3/device/ser/ser.o
 .debug_macro   0x00000000000072b3       0x16 ./mtkernel_3/device/ser/ser.o
 .debug_macro   0x00000000000072c9      0x1b0 ./mtkernel_3/device/ser/sysdepend/nrf5/ser_nrf5.o
 .debug_macro   0x0000000000007479       0xf6 ./mtkernel_3/lib/libtm/sysdepend/microbit/tm_com.o
 .debug_macro   0x000000000000756f       0x40 ./mtkernel_3/lib/libtm/sysdepend/microbit/tm_com.o
 .debug_macro   0x00000000000075af       0x16 ./mtkernel_3/lib/libtm/sysdepend/microbit/tm_com.o
 .debug_macro   0x00000000000075c5       0xac ./mtkernel_3/lib/libtm/sysdepend/microbit/tm_com.o
 .debug_macro   0x0000000000007671       0xa4 ./mtkernel_3/lib/libtm/sysdepend/no_device/tm_com.o
 .debug_macro   0x0000000000007715      0x159 ./mtkernel_3/lib/libtk/sysdepend/cpu/nrf5/int_nrf5.o
 .debug_macro   0x000000000000786e      0x15b ./mtkernel_3/lib/libtk/sysdepend/cpu/nrf5/ptimer_nrf5.o
 .debug_macro   0x00000000000079c9      0x155 ./mtkernel_3/lib/libtk/sysdepend/cpu/core/armv7m/int_armv7m.o
 .debug_macro   0x0000000000007b1e      0x151 ./mtkernel_3/lib/libtk/sysdepend/cpu/core/armv7m/wusec_armv7m.o
 .debug_macro   0x0000000000007c6f      0x275 ./mtkernel_3/kernel/sysdepend/microbit/devinit.o
 .debug_macro   0x0000000000007ee4      0x23f ./mtkernel_3/kernel/sysdepend/microbit/hw_setting.o
 .debug_macro   0x0000000000008123      0x23f ./mtkernel_3/kernel/sysdepend/microbit/power_save.o
 .debug_macro   0x0000000000008362      0x15f ./mtkernel_3/kernel/sysdepend/cpu/nrf5/cpu_clock.o
 .debug_macro   0x00000000000084c1      0x248 ./mtkernel_3/kernel/sysdepend/cpu/nrf5/vector_tbl.o
 .debug_macro   0x0000000000008709       0x1c ./mtkernel_3/kernel/sysdepend/cpu/nrf5/vector_tbl.o
 .debug_macro   0x0000000000008725      0x251 ./mtkernel_3/kernel/sysdepend/cpu/core/armv7m/cpu_cntl.o
 .debug_macro   0x0000000000008976      0x247 ./mtkernel_3/kernel/sysdepend/cpu/core/armv7m/exc_hdr.o
 .debug_macro   0x0000000000008bbd      0x248 ./mtkernel_3/kernel/sysdepend/cpu/core/armv7m/interrupt.o
 .debug_macro   0x0000000000008e05      0x248 ./mtkernel_3/kernel/sysdepend/cpu/core/armv7m/reset_hdl.o
 .debug_macro   0x000000000000904d      0x155 ./mtkernel_3/app_sample2/app_main.o

.debug_line     0x0000000000000000    0x17143
 .debug_line    0x0000000000000000      0x3c8 ./mtkernel_3/app_sample2/app_main.o
 .debug_line    0x00000000000003c8      0x3f7 ./mtkernel_3/lib/libtm/libtm.o
 .debug_line    0x00000000000007bf      0x7d3 ./mtkernel_3/lib/libtm/libtm_printf.o
 .debug_line    0x0000000000000f92      0x3c0 ./mtkernel_3/lib/libtk/fastlock.o
 .debug_line    0x0000000000001352      0x43e ./mtkernel_3/lib/libtk/fastmlock.o
 .debug_line    0x0000000000001790      0x354 ./mtkernel_3/lib/libtk/kmalloc.o
 .debug_line    0x0000000000001ae4      0x362 ./mtkernel_3/kernel/usermain/usermain.o
 .debug_line    0x0000000000001e46      0x32b ./mtkernel_3/kernel/tstdlib/bitop.o
 .debug_line    0x0000000000002171      0x689 ./mtkernel_3/kernel/tstdlib/string.o
 .debug_line    0x00000000000027fa      0x7c9 ./mtkernel_3/kernel/tkernel/cpuctl.o
 .debug_line    0x0000000000002fc3      0x9b9 ./mtkernel_3/kernel/tkernel/device.o
 .debug_line    0x000000000000397c      0xdbf ./mtkernel_3/kernel/tkernel/deviceio.o
 .debug_line    0x000000000000473b      0x90a ./mtkernel_3/kernel/tkernel/eventflag.o
 .debug_line    0x0000000000005045      0x576 ./mtkernel_3/kernel/tkernel/int.o
 .debug_line    0x00000000000055bb      0x6f9 ./mtkernel_3/kernel/tkernel/klock.o
 .debug_line    0x0000000000005cb4      0x867 ./mtkernel_3/kernel/tkernel/mailbox.o
 .debug_line    0x000000000000651b      0x801 ./mtkernel_3/kernel/tkernel/memory.o
 .debug_line    0x0000000000006d1c      0x932 ./mtkernel_3/kernel/tkernel/mempfix.o
 .debug_line    0x000000000000764e      0xb7f ./mtkernel_3/kernel/tkernel/mempool.o
 .debug_line    0x00000000000081cd      0xad1 ./mtkernel_3/kernel/tkernel/messagebuf.o
 .debug_line    0x0000000000008c9e      0x5ff ./mtkernel_3/kernel/tkernel/misc_calls.o
 .debug_line    0x000000000000929d      0xada ./mtkernel_3/kernel/tkernel/mutex.o
 .debug_line    0x0000000000009d77      0x510 ./mtkernel_3/kernel/tkernel/objname.o
 .debug_line    0x000000000000a287      0x519 ./mtkernel_3/kernel/tkernel/power.o
 .debug_line    0x000000000000a7a0      0x55e ./mtkernel_3/kernel/tkernel/rendezvous.o
 .debug_line    0x000000000000acfe      0x8d8 ./mtkernel_3/kernel/tkernel/semaphore.o
 .debug_line    0x000000000000b5d6      0x8f1 ./mtkernel_3/kernel/tkernel/task.o
 .debug_line    0x000000000000bec7      0xc84 ./mtkernel_3/kernel/tkernel/task_manage.o
 .debug_line    0x000000000000cb4b      0x99f ./mtkernel_3/kernel/tkernel/task_sync.o
 .debug_line    0x000000000000d4ea      0xd4c ./mtkernel_3/kernel/tkernel/time_calls.o
 .debug_line    0x000000000000e236      0x7af ./mtkernel_3/kernel/tkernel/timer.o
 .debug_line    0x000000000000e9e5      0x5b3 ./mtkernel_3/kernel/tkernel/tkinit.o
 .debug_line    0x000000000000ef98      0x718 ./mtkernel_3/kernel/tkernel/wait.o
 .debug_line    0x000000000000f6b0      0x586 ./mtkernel_3/kernel/sysinit/sysinit.o
 .debug_line    0x000000000000fc36      0x579 ./mtkernel_3/kernel/inittask/inittask.o
 .debug_line    0x00000000000101af      0x490 ./mtkernel_3/device/common/drvif/msdrvif.o
 .debug_line    0x000000000001063f      0x3ca ./mtkernel_3/device/adc/adc.o
 .debug_line    0x0000000000010a09      0x3ca ./mtkernel_3/device/i2c/i2c.o
 .debug_line    0x0000000000010dd3      0x81d ./mtkernel_3/device/ser/ser.o
 .debug_line    0x00000000000115f0      0x698 ./mtkernel_3/device/ser/sysdepend/nrf5/ser_nrf5.o
 .debug_line    0x0000000000011c88      0x376 ./mtkernel_3/lib/libtm/sysdepend/microbit/tm_com.o
 .debug_line    0x0000000000011ffe      0x211 ./mtkernel_3/lib/libtm/sysdepend/no_device/tm_com.o
 .debug_line    0x000000000001220f      0x3e8 ./mtkernel_3/lib/libtk/sysdepend/cpu/nrf5/int_nrf5.o
 .debug_line    0x00000000000125f7      0x50d ./mtkernel_3/lib/libtk/sysdepend/cpu/nrf5/ptimer_nrf5.o
 .debug_line    0x0000000000012b04      0x3d8 ./mtkernel_3/lib/libtk/sysdepend/cpu/core/armv7m/int_armv7m.o
 .debug_line    0x0000000000012edc      0x3f2 ./mtkernel_3/lib/libtk/sysdepend/cpu/core/armv7m/wusec_armv7m.o
 .debug_line    0x00000000000132ce      0x69e ./mtkernel_3/kernel/sysdepend/microbit/devinit.o
 .debug_line    0x000000000001396c      0x61c ./mtkernel_3/kernel/sysdepend/microbit/hw_setting.o
 .debug_line    0x0000000000013f88      0x5c0 ./mtkernel_3/kernel/sysdepend/microbit/power_save.o
 .debug_line    0x0000000000014548      0x3ee ./mtkernel_3/kernel/sysdepend/cpu/nrf5/cpu_clock.o
 .debug_line    0x0000000000014936      0x628 ./mtkernel_3/kernel/sysdepend/cpu/nrf5/vector_tbl.o
 .debug_line    0x0000000000014f5e      0x86b ./mtkernel_3/kernel/sysdepend/cpu/core/armv7m/cpu_cntl.o
 .debug_line    0x00000000000157c9       0x9c ./mtkernel_3/kernel/sysdepend/cpu/core/armv7m/dispatch.o
 .debug_line    0x0000000000015865      0x70e ./mtkernel_3/kernel/sysdepend/cpu/core/armv7m/exc_hdr.o
 .debug_line    0x0000000000015f73      0x6d4 ./mtkernel_3/kernel/sysdepend/cpu/core/armv7m/interrupt.o
 .debug_line    0x0000000000016647      0x734 ./mtkernel_3/kernel/sysdepend/cpu/core/armv7m/reset_hdl.o
 .debug_line    0x0000000000016d7b      0x3c8 ./mtkernel_3/app_sample2/app_main.o

.debug_str      0x0000000000000000     0xc22a
 .debug_str     0x0000000000000000     0x6b7f ./mtkernel_3/app_sample2/app_main.o
                                       0x6c33 (size before relaxing)
 .debug_str     0x0000000000006b7f       0xdb ./mtkernel_3/lib/libtm/libtm.o
                                       0x6cbc (size before relaxing)
 .debug_str     0x0000000000006c5a      0x1f5 ./mtkernel_3/lib/libtm/libtm_printf.o
                                       0x6e93 (size before relaxing)
 .debug_str     0x0000000000006e4f       0x61 ./mtkernel_3/lib/libtk/fastlock.o
                                       0x6c4b (size before relaxing)
 .debug_str     0x0000000000006eb0       0x69 ./mtkernel_3/lib/libtk/fastmlock.o
                                       0x6c58 (size before relaxing)
 .debug_str     0x0000000000006f19       0x43 ./mtkernel_3/lib/libtk/kmalloc.o
                                       0x6c07 (size before relaxing)
 .debug_str     0x0000000000006f5c       0x1e ./mtkernel_3/kernel/usermain/usermain.o
                                       0x6bf9 (size before relaxing)
 .debug_str     0x0000000000006f7a       0x5f ./mtkernel_3/kernel/tstdlib/bitop.o
                                       0x6c1e (size before relaxing)
 .debug_str     0x0000000000006fd9      0xaf4 ./mtkernel_3/kernel/tstdlib/string.o
                                       0x76da (size before relaxing)
 .debug_str     0x0000000000007acd      0xb58 ./mtkernel_3/kernel/tkernel/cpuctl.o
                                       0x81fb (size before relaxing)
 .debug_str     0x0000000000008625      0x70e ./mtkernel_3/kernel/tkernel/device.o
                                       0x8011 (size before relaxing)
 .debug_str     0x0000000000008d33      0x297 ./mtkernel_3/kernel/tkernel/deviceio.o
                                       0x817e (size before relaxing)
 .debug_str     0x0000000000008fca      0x1be ./mtkernel_3/kernel/tkernel/eventflag.o
                                       0x82f6 (size before relaxing)
 .debug_str     0x0000000000009188       0x51 ./mtkernel_3/kernel/tkernel/int.o
                                       0x7fda (size before relaxing)
 .debug_str     0x00000000000091d9       0xe5 ./mtkernel_3/kernel/tkernel/klock.o
                                       0x7a59 (size before relaxing)
 .debug_str     0x00000000000092be      0x200 ./mtkernel_3/kernel/tkernel/mailbox.o
                                       0x8362 (size before relaxing)
 .debug_str     0x00000000000094be      0x3a4 ./mtkernel_3/kernel/tkernel/memory.o
                                       0x7b93 (size before relaxing)
 .debug_str     0x0000000000009862      0x239 ./mtkernel_3/kernel/tkernel/mempfix.o
                                       0x83c0 (size before relaxing)
 .debug_str     0x0000000000009a9b      0x1d9 ./mtkernel_3/kernel/tkernel/mempool.o
                                       0x874d (size before relaxing)
 .debug_str     0x0000000000009c74      0x29e ./mtkernel_3/kernel/tkernel/messagebuf.o
                                       0x8411 (size before relaxing)
 .debug_str     0x0000000000009f12       0xa0 ./mtkernel_3/kernel/tkernel/misc_calls.o
                                       0x8040 (size before relaxing)
 .debug_str     0x0000000000009fb2      0x1a1 ./mtkernel_3/kernel/tkernel/mutex.o
                                       0x833b (size before relaxing)
 .debug_str     0x000000000000a153       0x1c ./mtkernel_3/kernel/tkernel/objname.o
                                       0x7672 (size before relaxing)
 .debug_str     0x000000000000a16f       0x2c ./mtkernel_3/kernel/tkernel/power.o
                                       0x7d4f (size before relaxing)
 .debug_str     0x000000000000a19b       0x61 ./mtkernel_3/kernel/tkernel/rendezvous.o
                                       0x7eb9 (size before relaxing)
 .debug_str     0x000000000000a1fc      0x156 ./mtkernel_3/kernel/tkernel/semaphore.o
                                       0x82d2 (size before relaxing)
 .debug_str     0x000000000000a352      0x26a ./mtkernel_3/kernel/tkernel/task.o
                                       0x843c (size before relaxing)
 .debug_str     0x000000000000a5bc      0x16a ./mtkernel_3/kernel/tkernel/task_manage.o
                                       0x8425 (size before relaxing)
 .debug_str     0x000000000000a726       0x96 ./mtkernel_3/kernel/tkernel/task_sync.o
                                       0x8320 (size before relaxing)
 .debug_str     0x000000000000a7bc      0x4f4 ./mtkernel_3/kernel/tkernel/time_calls.o
                                       0x8646 (size before relaxing)
 .debug_str     0x000000000000acb0      0x11b ./mtkernel_3/kernel/tkernel/timer.o
                                       0x7b53 (size before relaxing)
 .debug_str     0x000000000000adcb       0x2b ./mtkernel_3/kernel/tkernel/tkinit.o
                                       0x7686 (size before relaxing)
 .debug_str     0x000000000000adf6      0x11a ./mtkernel_3/kernel/tkernel/wait.o
                                       0x7bae (size before relaxing)
 .debug_str     0x000000000000af10       0x3b ./mtkernel_3/kernel/sysinit/sysinit.o
                                       0x76e1 (size before relaxing)
 .debug_str     0x000000000000af4b       0xf0 ./mtkernel_3/kernel/inittask/inittask.o
                                       0x778e (size before relaxing)
 .debug_str     0x000000000000b03b      0x102 ./mtkernel_3/device/common/drvif/msdrvif.o
                                       0x6df4 (size before relaxing)
 .debug_str     0x000000000000b13d       0xee ./mtkernel_3/device/adc/adc.o
                                       0x6ccb (size before relaxing)
 .debug_str     0x000000000000b22b       0x95 ./mtkernel_3/device/i2c/i2c.o
                                       0x6cff (size before relaxing)
 .debug_str     0x000000000000b2c0      0x58d ./mtkernel_3/device/ser/ser.o
                                       0x7302 (size before relaxing)
 .debug_str     0x000000000000b84d       0xcf ./mtkernel_3/device/ser/sysdepend/nrf5/ser_nrf5.o
                                       0x7189 (size before relaxing)
 .debug_str     0x000000000000b91c       0x80 ./mtkernel_3/lib/libtm/sysdepend/microbit/tm_com.o
                                       0x5442 (size before relaxing)
 .debug_str     0x000000000000b99c       0x2a ./mtkernel_3/lib/libtm/sysdepend/no_device/tm_com.o
                                       0x5034 (size before relaxing)
 .debug_str     0x000000000000b9c6       0xad ./mtkernel_3/lib/libtk/sysdepend/cpu/nrf5/int_nrf5.o
                                       0x6c81 (size before relaxing)
 .debug_str     0x000000000000ba73      0x14f ./mtkernel_3/lib/libtk/sysdepend/cpu/nrf5/ptimer_nrf5.o
                                       0x6d6c (size before relaxing)
 .debug_str     0x000000000000bbc2       0x8e ./mtkernel_3/lib/libtk/sysdepend/cpu/core/armv7m/int_armv7m.o
                                       0x6c81 (size before relaxing)
 .debug_str     0x000000000000bc50       0x6d ./mtkernel_3/lib/libtk/sysdepend/cpu/core/armv7m/wusec_armv7m.o
                                       0x6c36 (size before relaxing)
 .debug_str     0x000000000000bcbd       0xb9 ./mtkernel_3/kernel/sysdepend/microbit/devinit.o
                                       0x7910 (size before relaxing)
 .debug_str     0x000000000000bd76       0x6f ./mtkernel_3/kernel/sysdepend/microbit/hw_setting.o
                                       0x7718 (size before relaxing)
 .debug_str     0x000000000000bde5       0x3a ./mtkernel_3/kernel/sysdepend/microbit/power_save.o
                                       0x76c9 (size before relaxing)
 .debug_str     0x000000000000be1f       0x46 ./mtkernel_3/kernel/sysdepend/cpu/nrf5/cpu_clock.o
                                       0x6c55 (size before relaxing)
 .debug_str     0x000000000000be65       0xc1 ./mtkernel_3/kernel/sysdepend/cpu/nrf5/vector_tbl.o
                                       0x7750 (size before relaxing)
 .debug_str     0x000000000000bf26       0xa8 ./mtkernel_3/kernel/sysdepend/cpu/core/armv7m/cpu_cntl.o
                                       0x7af3 (size before relaxing)
 .debug_str     0x000000000000bfce       0x3d ./mtkernel_3/kernel/sysdepend/cpu/core/armv7m/dispatch.o
                                         0x70 (size before relaxing)
 .debug_str     0x000000000000c00b       0xf2 ./mtkernel_3/kernel/sysdepend/cpu/core/armv7m/exc_hdr.o
                                       0x7a3f (size before relaxing)
 .debug_str     0x000000000000c0fd       0xb6 ./mtkernel_3/kernel/sysdepend/cpu/core/armv7m/interrupt.o
                                       0x7829 (size before relaxing)
 .debug_str     0x000000000000c1b3       0x77 ./mtkernel_3/kernel/sysdepend/cpu/core/armv7m/reset_hdl.o
                                       0x77c8 (size before relaxing)
 .debug_str     0x000000000000c22a     0x6c33 ./mtkernel_3/app_sample2/app_main.o

.comment        0x0000000000000000       0x49
 .comment       0x0000000000000000       0x49 ./mtkernel_3/app_sample2/app_main.o
                                         0x4a (size before relaxing)
 .comment       0x0000000000000049       0x4a ./mtkernel_3/lib/libtm/libtm.o
 .comment       0x0000000000000049       0x4a ./mtkernel_3/lib/libtm/libtm_printf.o
 .comment       0x0000000000000049       0x4a ./mtkernel_3/lib/libtk/fastlock.o
 .comment       0x0000000000000049       0x4a ./mtkernel_3/lib/libtk/fastmlock.o
 .comment       0x0000000000000049       0x4a ./mtkernel_3/lib/libtk/kmalloc.o
 .comment       0x0000000000000049       0x4a ./mtkernel_3/kernel/usermain/usermain.o
 .comment       0x0000000000000049       0x4a ./mtkernel_3/kernel/tstdlib/bitop.o
 .comment       0x0000000000000049       0x4a ./mtkernel_3/kernel/tstdlib/string.o
 .comment       0x0000000000000049       0x4a ./mtkernel_3/kernel/tkernel/cpuctl.o
 .comment       0x0000000000000049       0x4a ./mtkernel_3/kernel/tkernel/device.o
 .comment       0x0000000000000049       0x4a ./mtkernel_3/kernel/tkernel/deviceio.o
 .comment       0x0000000000000049       0x4a ./mtkernel_3/kernel/tkernel/eventflag.o
 .comment       0x0000000000000049       0x4a ./mtkernel_3/kernel/tkernel/int.o
 .comment       0x0000000000000049       0x4a ./mtkernel_3/kernel/tkernel/klock.o
 .comment       0x0000000000000049       0x4a ./mtkernel_3/kernel/tkernel/mailbox.o
 .comment       0x0000000000000049       0x4a ./mtkernel_3/kernel/tkernel/memory.o
 .comment       0x0000000000000049       0x4a ./mtkernel_3/kernel/tkernel/mempfix.o
 .comment       0x0000000000000049       0x4a ./mtkernel_3/kernel/tkernel/mempool.o
 .comment       0x0000000000000049       0x4a ./mtkernel_3/kernel/tkernel/messagebuf.o
 .comment       0x0000000000000049       0x4a ./mtkernel_3/kernel/tkernel/misc_calls.o
 .comment       0x0000000000000049       0x4a ./mtkernel_3/kernel/tkernel/mutex.o
 .comment       0x0000000000000049       0x4a ./mtkernel_3/kernel/tkernel/objname.o
 .comment       0x0000000000000049       0x4a ./mtkernel_3/kernel/tkernel/power.o
 .comment       0x0000000000000049       0x4a ./mtkernel_3/kernel/tkernel/rendezvous.o
 .comment       0x0000000000000049       0x4a ./mtkernel_3/kernel/tkernel/semaphore.o
 .comment       0x0000000000000049       0x4a ./mtkernel_3/kernel/tkernel/task.o
 .comment       0x0000000000000049       0x4a ./mtkernel_3/kernel/tkernel/task_manage.o
 .comment       0x0000000000000049       0x4a ./mtkernel_3/kernel/tkernel/task_sync.o
 .comment       0x0000000000000049       0x4a ./mtkernel_3/kernel/tkernel/time_calls.o
 .comment       0x0000000000000049       0x4a ./mtkernel_3/kernel/tkernel/timer.o
 .comment       0x0000000000000049       0x4a ./mtkernel_3/kernel/tkernel/tkinit.o
 .comment       0x0000000000000049       0x4a ./mtkernel_3/kernel/tkernel/wait.o
 .comment       0x0000000000000049       0x4a ./mtkernel_3/kernel/sysinit/sysinit.o
 .comment       0x0000000000000049       0x4a ./mtkernel_3/kernel/inittask/inittask.o
 .comment       0x0000000000000049       0x4a ./mtkernel_3/device/common/drvif/msdrvif.o
 .comment       0x0000000000000049       0x4a ./mtkernel_3/device/adc/adc.o
 .comment       0x0000000000000049       0x4a ./mtkernel_3/device/i2c/i2c.o
 .comment       0x0000000000000049       0x4a ./mtkernel_3/device/ser/ser.o
 .comment       0x0000000000000049       0x4a ./mtkernel_3/device/ser/sysdepend/nrf5/ser_nrf5.o
 .comment       0x0000000000000049       0x4a ./mtkernel_3/lib/libtm/sysdepend/microbit/tm_com.o
 .comment       0x0000000000000049       0x4a ./mtkernel_3/lib/libtm/sysdepend/no_device/tm_com.o
 .comment       0x0000000000000049       0x4a ./mtkernel_3/lib/libtk/sysdepend/cpu/nrf5/int_nrf5.o
 .comment       0x0000000000000049       0x4a ./mtkernel_3/lib/libtk/sysdepend/cpu/nrf5/ptimer_nrf5.o
 .comment       0x0000000000000049       0x4a ./mtkernel_3/lib/libtk/sysdepend/cpu/core/armv7m/int_armv7m.o
 .comment       0x0000000000000049       0x4a ./mtkernel_3/lib/libtk/sysdepend/cpu/core/armv7m/wusec_armv7m.o
 .comment       0x0000000000000049       0x4a ./mtkernel_3/kernel/sysdepend/microbit/devinit.o
 .comment       0x0000000000000049       0x4a ./mtkernel_3/kernel/sysdepend/microbit/hw_setting.o
 .comment       0x0000000000000049       0x4a ./mtkernel_3/kernel/sysdepend/microbit/power_save.o
 .comment       0x0000000000000049       0x4a ./mtkernel_3/kernel/sysdepend/cpu/nrf5/cpu_clock.o
 .comment       0x0000000000000049       0x4a ./mtkernel_3/kernel/sysdepend/cpu/nrf5/vector_tbl.o
 .comment       0x0000000000000049       0x4a ./mtkernel_3/kernel/sysdepend/cpu/core/armv7m/cpu_cntl.o
 .comment       0x0000000000000049       0x4a ./mtkernel_3/kernel/sysdepend/cpu/core/armv7m/exc_hdr.o
 .comment       0x0000000000000049       0x4a ./mtkernel_3/kernel/sysdepend/cpu/core/armv7m/interrupt.o
 .comment       0x0000000000000049       0x4a ./mtkernel_3/kernel/sysdepend/cpu/core/armv7m/reset_hdl.o
 .comment       0x0000000000000049       0x4a ./mtkernel_3/app_sample2/app_main.o

.ARM.attributes
                0x0000000000000000       0x32
 .ARM.attributes
                0x0000000000000000       0x34 ./mtkernel_3/app_sample2/app_main.o
 .ARM.attributes
                0x0000000000000034       0x34 ./mtkernel_3/lib/libtm/libtm.o
 .ARM.attributes
                0x0000000000000068       0x34 ./mtkernel_3/lib/libtm/libtm_printf.o
 .ARM.attributes
                0x000000000000009c       0x34 ./mtkernel_3/lib/libtk/fastlock.o
 .ARM.attributes
                0x00000000000000d0       0x34 ./mtkernel_3/lib/libtk/fastmlock.o
 .ARM.attributes
                0x0000000000000104       0x34 ./mtkernel_3/lib/libtk/kmalloc.o
 .ARM.attributes
                0x0000000000000138       0x34 ./mtkernel_3/kernel/usermain/usermain.o
 .ARM.attributes
                0x000000000000016c       0x34 ./mtkernel_3/kernel/tstdlib/bitop.o
 .ARM.attributes
                0x00000000000001a0       0x34 ./mtkernel_3/kernel/tstdlib/string.o
 .ARM.attributes
                0x00000000000001d4       0x34 ./mtkernel_3/kernel/tkernel/cpuctl.o
 .ARM.attributes
                0x0000000000000208       0x34 ./mtkernel_3/kernel/tkernel/device.o
 .ARM.attributes
                0x000000000000023c       0x34 ./mtkernel_3/kernel/tkernel/deviceio.o
 .ARM.attributes
                0x0000000000000270       0x34 ./mtkernel_3/kernel/tkernel/eventflag.o
 .ARM.attributes
                0x00000000000002a4       0x34 ./mtkernel_3/kernel/tkernel/int.o
 .ARM.attributes
                0x00000000000002d8       0x34 ./mtkernel_3/kernel/tkernel/klock.o
 .ARM.attributes
                0x000000000000030c       0x34 ./mtkernel_3/kernel/tkernel/mailbox.o
 .ARM.attributes
                0x0000000000000340       0x34 ./mtkernel_3/kernel/tkernel/memory.o
 .ARM.attributes
                0x0000000000000374       0x34 ./mtkernel_3/kernel/tkernel/mempfix.o
 .ARM.attributes
                0x00000000000003a8       0x34 ./mtkernel_3/kernel/tkernel/mempool.o
 .ARM.attributes
                0x00000000000003dc       0x34 ./mtkernel_3/kernel/tkernel/messagebuf.o
 .ARM.attributes
                0x0000000000000410       0x34 ./mtkernel_3/kernel/tkernel/misc_calls.o
 .ARM.attributes
                0x0000000000000444       0x34 ./mtkernel_3/kernel/tkernel/mutex.o
 .ARM.attributes
                0x0000000000000478       0x34 ./mtkernel_3/kernel/tkernel/objname.o
 .ARM.attributes
                0x00000000000004ac       0x34 ./mtkernel_3/kernel/tkernel/power.o
 .ARM.attributes
                0x00000000000004e0       0x34 ./mtkernel_3/kernel/tkernel/rendezvous.o
 .ARM.attributes
                0x0000000000000514       0x34 ./mtkernel_3/kernel/tkernel/semaphore.o
 .ARM.attributes
                0x0000000000000548       0x34 ./mtkernel_3/kernel/tkernel/task.o
 .ARM.attributes
                0x000000000000057c       0x34 ./mtkernel_3/kernel/tkernel/task_manage.o
 .ARM.attributes
                0x00000000000005b0       0x34 ./mtkernel_3/kernel/tkernel/task_sync.o
 .ARM.attributes
                0x00000000000005e4       0x34 ./mtkernel_3/kernel/tkernel/time_calls.o
 .ARM.attributes
                0x0000000000000618       0x34 ./mtkernel_3/kernel/tkernel/timer.o
 .ARM.attributes
                0x000000000000064c       0x34 ./mtkernel_3/kernel/tkernel/tkinit.o
 .ARM.attributes
                0x0000000000000680       0x34 ./mtkernel_3/kernel/tkernel/wait.o
 .ARM.attributes
                0x00000000000006b4       0x34 ./mtkernel_3/kernel/sysinit/sysinit.o
 .ARM.attributes
                0x00000000000006e8       0x34 ./mtkernel_3/kernel/inittask/inittask.o
 .ARM.attributes
                0x000000000000071c       0x34 ./mtkernel_3/device/common/drvif/msdrvif.o
 .ARM.attributes
                0x0000000000000750       0x34 ./mtkernel_3/device/adc/adc.o
 .ARM.attributes
                0x0000000000000784       0x34 ./mtkernel_3/device/i2c/i2c.o
 .ARM.attributes
                0x00000000000007b8       0x34 ./mtkernel_3/device/ser/ser.o
 .ARM.attributes
                0x00000000000007ec       0x34 ./mtkernel_3/device/ser/sysdepend/nrf5/ser_nrf5.o
 .ARM.attributes